<?xml version="1.0" encoding="utf-8"?>
<TestRun id="0ddad8f7-76ca-4960-9c68-61b0a94d323a" name="vitor@DESKTOP-J4OP7IO 2026-10-07 15:44:01" runUser="DESKTOP-J4OP7IO\vitor" xmlns="http://microsoft.com/schemas/VisualStudio/TeamTest/2010">
  <Times creation="2026-10-07T15:44:01.6598701-03:00" queuing="2026-10-07T15:44:01.6598704-03:00" start="2026-10-07T15:44:00.6609571-03:00" finish="2026-10-07T15:44:03.9970622-03:00" />
  <TestSettings name="default" id="949001fb-ded5-44ec-b504-ed129fe807bf">
    <Deployment runDeploymentRoot="vitor_DESKTOP-J4OP7IO_2026-10-07_15_44_01" />
  </TestSettings>
  <Results>
    <UnitTestResult executionId="a3eda6d9-8c47-477a-8d9d-31076798b8ff" testId="516faaa4-0081-ae78-8585-112db7e108db" testName="OpenTECHub.Tests.RecipeAutonomousBlockConfigurationTests.New_blocks_without_runtime_cannot_claim_or_command_devices" computerName="DESKTOP-J4OP7IO" duration="00:00:00.0219945" startTime="2026-10-07T15:44:01.6578181-03:00" endTime="2026-10-07T15:44:01.6578183-03:00" testType="13cdc9d9-ddb5-4fa4-a97d-d965ccfc6d4b" outcome="Passed" testListId="8c84fa94-04c1-424b-9868-57a2d4851a1d" relativeResultsDirectory="a3eda6d9-8c47-477a-8d9d-31076798b8ff" />
    <UnitTestResult executionId="dd0a3293-3175-4429-8976-de8ef94a6439" testId="33eaa857-6342-e629-ecc8-84d1a60ec578" testName="OpenTECHub.Tests.RecipeDomainTests.A_cycle_outside_a_loop_is_an_error" computerName="DESKTOP-J4OP7IO" duration="00:00:00.0001035" startTime="2026-10-07T15:44:01.6137492-03:00" endTime="2026-10-07T15:44:01.6137493-03:00" testType="13cdc9d9-ddb5-4fa4-a97d-d965ccfc6d4b" outcome="Passed" testListId="8c84fa94-04c1-424b-9868-57a2d4851a1d" relativeResultsDirectory="dd0a3293-3175-4429-8976-de8ef94a6439" />
    <UnitTestResult executionId="594fed13-44d7-4359-8a92-7b213065888a" testId="41c3a630-a492-5169-151c-72d8ff45c8c5" testName="OpenTECHub.Tests.RecipeDomainTests.Monitor_rejects_a_non_positive_polling_interval" computerName="DESKTOP-J4OP7IO" duration="00:00:00.0002623" startTime="2026-10-07T15:44:01.6410950-03:00" endTime="2026-10-07T15:44:01.6410950-03:00" testType="13cdc9d9-ddb5-4fa4-a97d-d965ccfc6d4b" outcome="Passed" testListId="8c84fa94-04c1-424b-9868-57a2d4851a1d" relativeResultsDirectory="594fed13-44d7-4359-8a92-7b213065888a" />
    <UnitTestResult executionId="8ebb04a8-ded5-49c1-84b3-4989e44aa936" testId="dd2dccf9-92e8-1d90-086a-b4c64db76cc6" testName="OpenTECHub.Tests.RecipeAutonomousBlockConfigurationTests.Protocol_and_conditions_survive_roundtrip_with_contextual_fields(protocol: Abiotic, mode: Multiple)" computerName="DESKTOP-J4OP7IO" duration="00:00:00.0001175" startTime="2026-10-07T15:44:01.6422941-03:00" endTime="2026-10-07T15:44:01.6422941-03:00" testType="13cdc9d9-ddb5-4fa4-a97d-d965ccfc6d4b" outcome="Passed" testListId="8c84fa94-04c1-424b-9868-57a2d4851a1d" relativeResultsDirectory="8ebb04a8-ded5-49c1-84b3-4989e44aa936" />
    <UnitTestResult executionId="4afa1b50-fbbc-4670-bac6-f392630f2738" testId="4e018d61-0d7f-5574-c4e1-b06fa5dbaf98" testName="OpenTECHub.Tests.RecipeDomainTests.Agitation_range_matches_the_15_to_1000_rpm_wire_contract(rpm: 1001, accepted: False)" computerName="DESKTOP-J4OP7IO" duration="00:00:00.0002241" startTime="2026-10-07T15:44:01.6408591-03:00" endTime="2026-10-07T15:44:01.6408592-03:00" testType="13cdc9d9-ddb5-4fa4-a97d-d965ccfc6d4b" outcome="Passed" testListId="8c84fa94-04c1-424b-9868-57a2d4851a1d" relativeResultsDirectory="4afa1b50-fbbc-4670-bac6-f392630f2738" />
    <UnitTestResult executionId="0dc98547-186e-4676-94b7-3a7cd7cc0ac3" testId="30fec44e-0dc9-2829-ac5a-c92e513979dd" testName="OpenTECHub.Tests.RecipeDomainTests.Cascade_pid_interval_out_of_range_is_rejected" computerName="DESKTOP-J4OP7IO" duration="00:00:00.0001954" startTime="2026-10-07T15:44:01.6136509-03:00" endTime="2026-10-07T15:44:01.6136510-03:00" testType="13cdc9d9-ddb5-4fa4-a97d-d965ccfc6d4b" outcome="Passed" testListId="8c84fa94-04c1-424b-9868-57a2d4851a1d" relativeResultsDirectory="0dc98547-186e-4676-94b7-3a7cd7cc0ac3" />
    <UnitTestResult executionId="3a2daa69-19d2-4888-b58b-bde6252aeb08" testId="9cb12d69-eda5-e694-d62c-8dab6e560e23" testName="OpenTECHub.Tests.RecipeAutonomousBlockConfigurationTests.Protocol_and_conditions_survive_roundtrip_with_contextual_fields(protocol: Biotic, mode: SingleExplicit)" computerName="DESKTOP-J4OP7IO" duration="00:00:00.0001009" startTime="2026-10-07T15:44:01.6423144-03:00" endTime="2026-10-07T15:44:01.6423144-03:00" testType="13cdc9d9-ddb5-4fa4-a97d-d965ccfc6d4b" outcome="Passed" testListId="8c84fa94-04c1-424b-9868-57a2d4851a1d" relativeResultsDirectory="3a2daa69-19d2-4888-b58b-bde6252aeb08" />
    <UnitTestResult executionId="ae293c5f-1f31-461a-89a1-58515b25de9c" testId="5ffd8e2c-43b0-afbc-5ef5-130e367249f7" testName="OpenTECHub.Tests.RecipeDomainTests.Cascade_has_the_four_ports_including_the_loop_pair" computerName="DESKTOP-J4OP7IO" duration="00:00:00.0008300" startTime="2026-10-07T15:44:01.6416737-03:00" endTime="2026-10-07T15:44:01.6416738-03:00" testType="13cdc9d9-ddb5-4fa4-a97d-d965ccfc6d4b" outcome="Passed" testListId="8c84fa94-04c1-424b-9868-57a2d4851a1d" relativeResultsDirectory="ae293c5f-1f31-461a-89a1-58515b25de9c" />
    <UnitTestResult executionId="cbfc9e33-2504-403a-b1c6-7482d41225d7" testId="391a0843-1503-7553-f752-d5542324fd57" testName="OpenTECHub.Tests.RecipeDomainTests.Pump_intensity_over_one_hundred_percent_and_time_over_an_hour_are_rejected" computerName="DESKTOP-J4OP7IO" duration="00:00:00.0008775" startTime="2026-10-07T15:44:01.6423795-03:00" endTime="2026-10-07T15:44:01.6423795-03:00" testType="13cdc9d9-ddb5-4fa4-a97d-d965ccfc6d4b" outcome="Passed" testListId="8c84fa94-04c1-424b-9868-57a2d4851a1d" relativeResultsDirectory="cbfc9e33-2504-403a-b1c6-7482d41225d7" />
    <UnitTestResult executionId="427ea9e9-61e7-459e-a3d8-ee7cb93435f0" testId="ec76f644-8cde-df39-6772-8cb556ce86fd" testName="OpenTECHub.Tests.RecipeAutonomousBlockConfigurationTests.Explicit_budgets_and_integer_replicates_are_required" computerName="DESKTOP-J4OP7IO" duration="00:00:00.0006269" startTime="2026-10-07T15:44:01.6433503-03:00" endTime="2026-10-07T15:44:01.6433504-03:00" testType="13cdc9d9-ddb5-4fa4-a97d-d965ccfc6d4b" outcome="Passed" testListId="8c84fa94-04c1-424b-9868-57a2d4851a1d" relativeResultsDirectory="427ea9e9-61e7-459e-a3d8-ee7cb93435f0" />
    <UnitTestResult executionId="71abdc10-0a94-4ea4-92d4-e0ff5a57319b" testId="997fd563-c516-267d-d9e4-a3ad1dcdcc12" testName="OpenTECHub.Tests.RecipeDomainTests.Dual_cascade_requires_overlapping_actuation_windows" computerName="DESKTOP-J4OP7IO" duration="00:00:00.0003450" startTime="2026-10-07T15:44:01.6390505-03:00" endTime="2026-10-07T15:44:01.6390505-03:00" testType="13cdc9d9-ddb5-4fa4-a97d-d965ccfc6d4b" outcome="Passed" testListId="8c84fa94-04c1-424b-9868-57a2d4851a1d" relativeResultsDirectory="71abdc10-0a94-4ea4-92d4-e0ff5a57319b" />
    <UnitTestResult executionId="c62d9a85-28a3-4b54-bee6-6be5ea0d8ac7" testId="ae9859ef-0723-20db-8de6-af6509105ca5" testName="OpenTECHub.Tests.RecipeAutonomousBlockConfigurationTests.Periodic_cascade_binding_requires_an_existing_reachable_cascade(binding: &quot;&quot;, reachable: False)" computerName="DESKTOP-J4OP7IO" duration="00:00:00.0007414" startTime="2026-10-07T15:44:01.6432636-03:00" endTime="2026-10-07T15:44:01.6432637-03:00" testType="13cdc9d9-ddb5-4fa4-a97d-d965ccfc6d4b" outcome="Passed" testListId="8c84fa94-04c1-424b-9868-57a2d4851a1d" relativeResultsDirectory="c62d9a85-28a3-4b54-bee6-6be5ea0d8ac7" />
    <UnitTestResult executionId="790ed601-cd16-44c5-9f85-ef19214124a7" testId="9cb4b977-1505-f8ea-5d63-b1bf99418d77" testName="OpenTECHub.Tests.RecipeDomainTests.Catalog_declares_every_block_type_exactly_once" computerName="DESKTOP-J4OP7IO" duration="00:00:00.0009761" startTime="2026-10-07T15:44:01.6390935-03:00" endTime="2026-10-07T15:44:01.6390936-03:00" testType="13cdc9d9-ddb5-4fa4-a97d-d965ccfc6d4b" outcome="Passed" testListId="8c84fa94-04c1-424b-9868-57a2d4851a1d" relativeResultsDirectory="790ed601-cd16-44c5-9f85-ef19214124a7" />
    <UnitTestResult executionId="f9c7c9e3-2704-402d-ad1b-942caec4759d" testId="46c4de33-71fc-592e-a391-3c4f31d6618e" testName="OpenTECHub.Tests.RecipeDomainTests.New_node_initialises_from_schema_defaults" computerName="DESKTOP-J4OP7IO" duration="00:00:00.0021238" startTime="2026-10-07T15:44:01.6411346-03:00" endTime="2026-10-07T15:44:01.6411346-03:00" testType="13cdc9d9-ddb5-4fa4-a97d-d965ccfc6d4b" outcome="Passed" testListId="8c84fa94-04c1-424b-9868-57a2d4851a1d" relativeResultsDirectory="f9c7c9e3-2704-402d-ad1b-942caec4759d" />
    <UnitTestResult executionId="b73159e9-0dd6-46fd-b732-008881b41e6a" testId="f85def7c-977f-b2a1-aa23-d262ef56094a" testName="OpenTECHub.Tests.RecipeDomainTests.Agitation_range_matches_the_15_to_1000_rpm_wire_contract(rpm: 14, accepted: False)" computerName="DESKTOP-J4OP7IO" duration="00:00:00.0000019" startTime="2026-10-07T15:44:01.6409684-03:00" endTime="2026-10-07T15:44:01.6409684-03:00" testType="13cdc9d9-ddb5-4fa4-a97d-d965ccfc6d4b" outcome="Passed" testListId="8c84fa94-04c1-424b-9868-57a2d4851a1d" relativeResultsDirectory="b73159e9-0dd6-46fd-b732-008881b41e6a" />
    <UnitTestResult executionId="8f156972-cd99-4178-80b0-7f429d32cdbe" testId="6438ce00-0e2f-99a0-ed30-a631f302cc12" testName="OpenTECHub.Tests.RecipeDomainTests.The_three_supported_exit_conditions_validate(type: MonitorVariable)" computerName="DESKTOP-J4OP7IO" duration="00:00:00.0002048" startTime="2026-10-07T15:44:01.6149791-03:00" endTime="2026-10-07T15:44:01.6149792-03:00" testType="13cdc9d9-ddb5-4fa4-a97d-d965ccfc6d4b" outcome="Passed" testListId="8c84fa94-04c1-424b-9868-57a2d4851a1d" relativeResultsDirectory="8f156972-cd99-4178-80b0-7f429d32cdbe" />
    <UnitTestResult executionId="b4d3021f-612f-4eb6-9339-3f6a540ecae1" testId="86881575-5361-9bf6-c515-643942858ce7" testName="OpenTECHub.Tests.RecipeDomainTests.An_unreachable_block_is_a_warning_not_an_error" computerName="DESKTOP-J4OP7IO" duration="00:00:00.0004414" startTime="2026-10-07T15:44:01.6419444-03:00" endTime="2026-10-07T15:44:01.6419444-03:00" testType="13cdc9d9-ddb5-4fa4-a97d-d965ccfc6d4b" outcome="Passed" testListId="8c84fa94-04c1-424b-9868-57a2d4851a1d" relativeResultsDirectory="b4d3021f-612f-4eb6-9339-3f6a540ecae1" />
    <UnitTestResult executionId="519c073e-be8f-46fe-9301-536384b51d42" testId="0a35bfd0-f633-e982-c8fc-37931d8fbc61" testName="OpenTECHub.Tests.RecipeDomainTests.Round_trip_preserves_nodes_connections_and_metadata" computerName="DESKTOP-J4OP7IO" duration="00:00:00.0004858" startTime="2026-10-07T15:44:01.6428638-03:00" endTime="2026-10-07T15:44:01.6428638-03:00" testType="13cdc9d9-ddb5-4fa4-a97d-d965ccfc6d4b" outcome="Passed" testListId="8c84fa94-04c1-424b-9868-57a2d4851a1d" relativeResultsDirectory="519c073e-be8f-46fe-9301-536384b51d42" />
    <UnitTestResult executionId="1e0a71ff-e08b-4dd3-ad64-b9a82261a44f" testId="480d92f3-4551-a249-1cf3-ed254ae61953" testName="OpenTECHub.Tests.RecipeDomainTests.Deserialize_maps_receitasopentec_type_aliases" computerName="DESKTOP-J4OP7IO" duration="00:00:00.0023618" startTime="2026-10-07T15:44:01.6418722-03:00" endTime="2026-10-07T15:44:01.6418722-03:00" testType="13cdc9d9-ddb5-4fa4-a97d-d965ccfc6d4b" outcome="Passed" testListId="8c84fa94-04c1-424b-9868-57a2d4851a1d" relativeResultsDirectory="1e0a71ff-e08b-4dd3-ad64-b9a82261a44f" />
    <UnitTestResult executionId="6b12d12b-3916-4f43-aa23-8992e116ca8c" testId="f63b1c3e-4247-374d-91cf-7267aad702f8" testName="OpenTECHub.Tests.RecipeDomainTests.Serialize_writes_the_current_schema_version" computerName="DESKTOP-J4OP7IO" duration="00:00:00.0265156" startTime="2026-10-07T15:44:01.6016830-03:00" endTime="2026-10-07T15:44:01.6017221-03:00" testType="13cdc9d9-ddb5-4fa4-a97d-d965ccfc6d4b" outcome="Passed" testListId="8c84fa94-04c1-424b-9868-57a2d4851a1d" relativeResultsDirectory="6b12d12b-3916-4f43-aa23-8992e116ca8c" />
    <UnitTestResult executionId="fc49859b-69a4-46f5-b713-ef76c7a211f8" testId="f69ab9e0-2705-d476-504c-cf58c85d20db" testName="OpenTECHub.Tests.RecipeDomainTests.A_cascade_loop_construct_is_not_a_cycle" computerName="DESKTOP-J4OP7IO" duration="00:00:00.0001968" startTime="2026-10-07T15:44:01.6429085-03:00" endTime="2026-10-07T15:44:01.6429085-03:00" testType="13cdc9d9-ddb5-4fa4-a97d-d965ccfc6d4b" outcome="Passed" testListId="8c84fa94-04c1-424b-9868-57a2d4851a1d" relativeResultsDirectory="fc49859b-69a4-46f5-b713-ef76c7a211f8" />
    <UnitTestResult executionId="62f3c2e5-d50b-468e-a4f6-1112bc6aa6a7" testId="426260cc-bfd4-9c13-2ea0-c1dfcef4d5de" testName="OpenTECHub.Tests.RecipeAutonomousBlockConfigurationTests.Unknown_or_numeric_options_are_refused(key: &quot;conditionsMode&quot;)" computerName="DESKTOP-J4OP7IO" duration="00:00:00.0001243" startTime="2026-10-07T15:44:01.6427917-03:00" endTime="2026-10-07T15:44:01.6427917-03:00" testType="13cdc9d9-ddb5-4fa4-a97d-d965ccfc6d4b" outcome="Passed" testListId="8c84fa94-04c1-424b-9868-57a2d4851a1d" relativeResultsDirectory="62f3c2e5-d50b-468e-a4f6-1112bc6aa6a7" />
    <UnitTestResult executionId="782ae0da-1bc1-4875-a6ce-096ad2e54e9f" testId="b84da4cc-d15b-4a88-a479-b4e321e4c318" testName="OpenTECHub.Tests.RecipeAutonomousBlockConfigurationTests.Periodic_cascade_binding_requires_an_existing_reachable_cascade(binding: &quot;cascade&quot;, reachable: False)" computerName="DESKTOP-J4OP7IO" duration="00:00:00.0000451" startTime="2026-10-07T15:44:01.6433262-03:00" endTime="2026-10-07T15:44:01.6433263-03:00" testType="13cdc9d9-ddb5-4fa4-a97d-d965ccfc6d4b" outcome="Passed" testListId="8c84fa94-04c1-424b-9868-57a2d4851a1d" relativeResultsDirectory="782ae0da-1bc1-4875-a6ce-096ad2e54e9f" />
    <UnitTestResult executionId="1a2f0e9e-93f0-41f8-a9fe-53390d93350a" testId="40d037df-1a85-d3c2-47c8-29ba83790579" testName="OpenTECHub.Tests.RecipeDomainTests.Agitation_range_matches_the_15_to_1000_rpm_wire_contract(rpm: 0, accepted: True)" computerName="DESKTOP-J4OP7IO" duration="00:00:00.0000068" startTime="2026-10-07T15:44:01.6408973-03:00" endTime="2026-10-07T15:44:01.6408973-03:00" testType="13cdc9d9-ddb5-4fa4-a97d-d965ccfc6d4b" outcome="Passed" testListId="8c84fa94-04c1-424b-9868-57a2d4851a1d" relativeResultsDirectory="1a2f0e9e-93f0-41f8-a9fe-53390d93350a" />
    <UnitTestResult executionId="c57f6cb5-cdfd-4a2f-95a2-7912574b1a9b" testId="1e5b4b49-b9a9-e70d-7f37-1ef6019762a0" testName="OpenTECHub.Tests.RecipeAutonomousBlockConfigurationTests.Periodic_defaults_map_to_two_six_ten_hours_and_reject_invalid_units_or_zero_period" computerName="DESKTOP-J4OP7IO" duration="00:00:00.0075917" startTime="2026-10-07T15:44:01.6654955-03:00" endTime="2026-10-07T15:44:01.6654957-03:00" testType="13cdc9d9-ddb5-4fa4-a97d-d965ccfc6d4b" outcome="Passed" testListId="8c84fa94-04c1-424b-9868-57a2d4851a1d" relativeResultsDirectory="c57f6cb5-cdfd-4a2f-95a2-7912574b1a9b" />
    <UnitTestResult executionId="baf160ff-9701-446b-9f2f-fa15060da411" testId="df771a5f-cdbb-45f5-085a-46f52cc619f7" testName="OpenTECHub.Tests.RecipeDomainTests.Deserialize_rejects_malformed_json" computerName="DESKTOP-J4OP7IO" duration="00:00:00.0016100" startTime="2026-10-07T15:44:01.6389619-03:00" endTime="2026-10-07T15:44:01.6389620-03:00" testType="13cdc9d9-ddb5-4fa4-a97d-d965ccfc6d4b" outcome="Passed" testListId="8c84fa94-04c1-424b-9868-57a2d4851a1d" relativeResultsDirectory="baf160ff-9701-446b-9f2f-fa15060da411" />
    <UnitTestResult executionId="e8dd3bcd-4859-458b-b642-f3d169db7c4c" testId="55926035-8ef8-a598-16ad-d100acdba542" testName="OpenTECHub.Tests.RecipeAutonomousBlockConfigurationTests.Protocol_and_conditions_survive_roundtrip_with_contextual_fields(protocol: Biotic, mode: SingleAtCurrentCondition)" computerName="DESKTOP-J4OP7IO" duration="00:00:00.0000956" startTime="2026-10-07T15:44:01.6423553-03:00" endTime="2026-10-07T15:44:01.6423554-03:00" testType="13cdc9d9-ddb5-4fa4-a97d-d965ccfc6d4b" outcome="Passed" testListId="8c84fa94-04c1-424b-9868-57a2d4851a1d" relativeResultsDirectory="e8dd3bcd-4859-458b-b642-f3d169db7c4c" />
    <UnitTestResult executionId="ea8d2745-516b-47a3-83d1-977b9dff564a" testId="5e984958-2c9e-50f0-bfe8-39bc0d3f4273" testName="OpenTECHub.Tests.RecipeDomainTests.Agitation_range_matches_the_15_to_1000_rpm_wire_contract(rpm: 15, accepted: True)" computerName="DESKTOP-J4OP7IO" duration="00:00:00.0001215" startTime="2026-10-07T15:44:01.6408003-03:00" endTime="2026-10-07T15:44:01.6408005-03:00" testType="13cdc9d9-ddb5-4fa4-a97d-d965ccfc6d4b" outcome="Passed" testListId="8c84fa94-04c1-424b-9868-57a2d4851a1d" relativeResultsDirectory="ea8d2745-516b-47a3-83d1-977b9dff564a" />
    <UnitTestResult executionId="acf362aa-bd08-4e9e-9472-a9aa0be443f6" testId="42b5afcc-732f-0f9f-e90c-3ce04503c021" testName="OpenTECHub.Tests.RecipeDomainTests.The_three_supported_exit_conditions_validate(type: ManualIntervention)" computerName="DESKTOP-J4OP7IO" duration="00:00:00.0009673" startTime="2026-10-07T15:44:01.6147533-03:00" endTime="2026-10-07T15:44:01.6147534-03:00" testType="13cdc9d9-ddb5-4fa4-a97d-d965ccfc6d4b" outcome="Passed" testListId="8c84fa94-04c1-424b-9868-57a2d4851a1d" relativeResultsDirectory="acf362aa-bd08-4e9e-9472-a9aa0be443f6" />
    <UnitTestResult executionId="77722d55-0ed9-4a05-8da8-92de1a856f64" testId="f5b7d447-be35-6dac-9967-1e508e553f09" testName="OpenTECHub.Tests.RecipeDomainTests.Agitation_range_matches_the_15_to_1000_rpm_wire_contract(rpm: 1000, accepted: True)" computerName="DESKTOP-J4OP7IO" duration="00:00:00.0000017" startTime="2026-10-07T15:44:01.6409329-03:00" endTime="2026-10-07T15:44:01.6409329-03:00" testType="13cdc9d9-ddb5-4fa4-a97d-d965ccfc6d4b" outcome="Passed" testListId="8c84fa94-04c1-424b-9868-57a2d4851a1d" relativeResultsDirectory="77722d55-0ed9-4a05-8da8-92de1a856f64" />
    <UnitTestResult executionId="c35703c0-93ff-4a9f-b4c0-ccbb93236500" testId="a1bcdc59-3b14-f80f-64af-7e202d75a568" testName="OpenTECHub.Tests.RecipeDomainTests.Deserialize_defaults_missing_schema_version_to_one" computerName="DESKTOP-J4OP7IO" duration="00:00:00.0001490" startTime="2026-10-07T15:44:01.6410548-03:00" endTime="2026-10-07T15:44:01.6410548-03:00" testType="13cdc9d9-ddb5-4fa4-a97d-d965ccfc6d4b" outcome="Passed" testListId="8c84fa94-04c1-424b-9868-57a2d4851a1d" relativeResultsDirectory="c35703c0-93ff-4a9f-b4c0-ccbb93236500" />
    <UnitTestResult executionId="b6cf3d10-f946-4a57-8d0b-26751218338f" testId="c3f25245-6aa4-0296-05fa-fdadc8d0e233" testName="OpenTECHub.Tests.RecipeDomainTests.Deserialize_tolerates_legacy_connector_spelling_and_canonicalises_it" computerName="DESKTOP-J4OP7IO" duration="00:00:00.0012116" startTime="2026-10-07T15:44:01.6391315-03:00" endTime="2026-10-07T15:44:01.6391316-03:00" testType="13cdc9d9-ddb5-4fa4-a97d-d965ccfc6d4b" outcome="Passed" testListId="8c84fa94-04c1-424b-9868-57a2d4851a1d" relativeResultsDirectory="b6cf3d10-f946-4a57-8d0b-26751218338f" />
    <UnitTestResult executionId="4975f4fa-a307-4d47-9a13-161a19964a4e" testId="9e1f2dd5-d230-580e-b545-e8472e423149" testName="OpenTECHub.Tests.RecipeDomainTests.A_loop_body_returning_to_entrada_loop_is_not_a_stranded_continuation" computerName="DESKTOP-J4OP7IO" duration="00:00:00.0001568" startTime="2026-10-07T15:44:01.6432381-03:00" endTime="2026-10-07T15:44:01.6432381-03:00" testType="13cdc9d9-ddb5-4fa4-a97d-d965ccfc6d4b" outcome="Passed" testListId="8c84fa94-04c1-424b-9868-57a2d4851a1d" relativeResultsDirectory="4975f4fa-a307-4d47-9a13-161a19964a4e" />
    <UnitTestResult executionId="8e40f353-d89f-444d-ae1a-1afb3e0d70bc" testId="88499a22-e2ec-3eed-2bc7-cab7c54af5fe" testName="OpenTECHub.Tests.RecipeAutonomousBlockConfigurationTests.Protocol_and_conditions_survive_roundtrip_with_contextual_fields(protocol: Biotic, mode: Multiple)" computerName="DESKTOP-J4OP7IO" duration="00:00:00.0580839" startTime="2026-10-07T15:44:01.6419100-03:00" endTime="2026-10-07T15:44:01.6419100-03:00" testType="13cdc9d9-ddb5-4fa4-a97d-d965ccfc6d4b" outcome="Passed" testListId="8c84fa94-04c1-424b-9868-57a2d4851a1d" relativeResultsDirectory="8e40f353-d89f-444d-ae1a-1afb3e0d70bc" />
    <UnitTestResult executionId="e701e336-7d6d-4109-8b21-c1018cd77654" testId="462d0717-458b-155b-184b-992336a964c8" testName="OpenTECHub.Tests.RecipeDomainTests.Cascade_mode_defaults_to_dual_cascade" computerName="DESKTOP-J4OP7IO" duration="00:00:00.0008876" startTime="2026-10-07T15:44:01.6410141-03:00" endTime="2026-10-07T15:44:01.6410141-03:00" testType="13cdc9d9-ddb5-4fa4-a97d-d965ccfc6d4b" outcome="Passed" testListId="8c84fa94-04c1-424b-9868-57a2d4851a1d" relativeResultsDirectory="e701e336-7d6d-4109-8b21-c1018cd77654" />
    <UnitTestResult executionId="0a8a375d-b60a-413d-97db-73fbe7bfddff" testId="58c8d315-5e88-f839-a1f0-54e774280ab8" testName="OpenTECHub.Tests.RecipeDomainTests.A_continuation_hanging_off_the_saida_loop_block_is_an_error" computerName="DESKTOP-J4OP7IO" duration="00:00:00.0051904" startTime="2026-10-07T15:44:01.6134150-03:00" endTime="2026-10-07T15:44:01.6134151-03:00" testType="13cdc9d9-ddb5-4fa4-a97d-d965ccfc6d4b" outcome="Passed" testListId="8c84fa94-04c1-424b-9868-57a2d4851a1d" relativeResultsDirectory="0a8a375d-b60a-413d-97db-73fbe7bfddff" />
    <UnitTestResult executionId="99a11f39-5baa-4b48-adf3-2b973fb78e11" testId="412eed74-6246-96c2-6b03-be7f3b3b28e1" testName="OpenTECHub.Tests.RecipeAutonomousBlockConfigurationTests.Protocol_and_conditions_survive_roundtrip_with_contextual_fields(protocol: Abiotic, mode: SingleExplicit)" computerName="DESKTOP-J4OP7IO" duration="00:00:00.0004327" startTime="2026-10-07T15:44:01.6422673-03:00" endTime="2026-10-07T15:44:01.6422673-03:00" testType="13cdc9d9-ddb5-4fa4-a97d-d965ccfc6d4b" outcome="Passed" testListId="8c84fa94-04c1-424b-9868-57a2d4851a1d" relativeResultsDirectory="99a11f39-5baa-4b48-adf3-2b973fb78e11" />
    <UnitTestResult executionId="e3ccf7cd-4d9e-4c93-8fc0-5da8c4aeb27a" testId="76595b6a-b1b2-9a29-bb62-2a80c895e8af" testName="OpenTECHub.Tests.RecipeDomainTests.Empty_recipe_is_rejected" computerName="DESKTOP-J4OP7IO" duration="00:00:00.0001314" startTime="2026-10-07T15:44:01.6417213-03:00" endTime="2026-10-07T15:44:01.6417214-03:00" testType="13cdc9d9-ddb5-4fa4-a97d-d965ccfc6d4b" outcome="Passed" testListId="8c84fa94-04c1-424b-9868-57a2d4851a1d" relativeResultsDirectory="e3ccf7cd-4d9e-4c93-8fc0-5da8c4aeb27a" />
    <UnitTestResult executionId="41670ab7-67f5-4c9a-b382-ad2ff89c3eb0" testId="001ee7c8-43b6-096e-4dd1-1cbace9b65d7" testName="OpenTECHub.Tests.RecipeDomainTests.Exactly_one_start_is_required" computerName="DESKTOP-J4OP7IO" duration="00:00:00.0002032" startTime="2026-10-07T15:44:01.6432838-03:00" endTime="2026-10-07T15:44:01.6432838-03:00" testType="13cdc9d9-ddb5-4fa4-a97d-d965ccfc6d4b" outcome="Passed" testListId="8c84fa94-04c1-424b-9868-57a2d4851a1d" relativeResultsDirectory="41670ab7-67f5-4c9a-b382-ad2ff89c3eb0" />
    <UnitTestResult executionId="246f3c80-d017-4c5c-a976-49a9862c3412" testId="62cbecbd-b097-2044-f4f1-8d1faed099c4" testName="OpenTECHub.Tests.SettingsSaveConcurrencyTests.ConcurrentUpdatesAndShutdownSaveDoNotRaceOnTemporaryFile" computerName="DESKTOP-J4OP7IO" duration="00:00:01.1501662" startTime="2026-10-07T15:44:03.9259139-03:00" endTime="2026-10-07T15:44:03.9259141-03:00" testType="13cdc9d9-ddb5-4fa4-a97d-d965ccfc6d4b" outcome="Passed" testListId="8c84fa94-04c1-424b-9868-57a2d4851a1d" relativeResultsDirectory="246f3c80-d017-4c5c-a976-49a9862c3412" />
    <UnitTestResult executionId="8614b22d-c6bb-4178-8431-b79b37f8d05f" testId="12e0ac08-1298-5368-eec2-9b7d206c7eaf" testName="OpenTECHub.Tests.RecipeDomainTests.Start_and_end_have_the_expected_single_ports" computerName="DESKTOP-J4OP7IO" duration="00:00:00.0018559" startTime="2026-10-07T15:44:01.6428399-03:00" endTime="2026-10-07T15:44:01.6428400-03:00" testType="13cdc9d9-ddb5-4fa4-a97d-d965ccfc6d4b" outcome="Passed" testListId="8c84fa94-04c1-424b-9868-57a2d4851a1d" relativeResultsDirectory="8614b22d-c6bb-4178-8431-b79b37f8d05f" />
    <UnitTestResult executionId="70cddde7-41a5-4d0b-b280-eddfb71e3d4f" testId="653a8ede-f8cd-e573-659f-0808417a888e" testName="OpenTECHub.Tests.RecipeAutonomousBlockConfigurationTests.Periodic_cascade_binding_requires_an_existing_reachable_cascade(binding: &quot;missing&quot;, reachable: False)" computerName="DESKTOP-J4OP7IO" duration="00:00:00.0002107" startTime="2026-10-07T15:44:01.6429199-03:00" endTime="2026-10-07T15:44:01.6429200-03:00" testType="13cdc9d9-ddb5-4fa4-a97d-d965ccfc6d4b" outcome="Passed" testListId="8c84fa94-04c1-424b-9868-57a2d4851a1d" relativeResultsDirectory="70cddde7-41a5-4d0b-b280-eddfb71e3d4f" />
    <UnitTestResult executionId="0ad34c16-887e-4f19-b4a2-9458e42b788d" testId="673a8b0c-8a02-5212-50b8-8deda2140795" testName="OpenTECHub.Tests.RecipeDomainTests.Cascade_rejects_an_unknown_mode" computerName="DESKTOP-J4OP7IO" duration="00:00:00.0003288" startTime="2026-10-07T15:44:01.6417590-03:00" endTime="2026-10-07T15:44:01.6417590-03:00" testType="13cdc9d9-ddb5-4fa4-a97d-d965ccfc6d4b" outcome="Passed" testListId="8c84fa94-04c1-424b-9868-57a2d4851a1d" relativeResultsDirectory="0ad34c16-887e-4f19-b4a2-9458e42b788d" />
    <UnitTestResult executionId="dff33358-5a43-4721-9160-0f6ef07ab332" testId="602f3b7d-02b2-587e-e854-d73e35a5d572" testName="OpenTECHub.Tests.RecipeDomainTests.Setpoint_outside_the_device_range_is_rejected" computerName="DESKTOP-J4OP7IO" duration="00:00:00.0007542" startTime="2026-10-07T15:44:01.6389210-03:00" endTime="2026-10-07T15:44:01.6389210-03:00" testType="13cdc9d9-ddb5-4fa4-a97d-d965ccfc6d4b" outcome="Passed" testListId="8c84fa94-04c1-424b-9868-57a2d4851a1d" relativeResultsDirectory="dff33358-5a43-4721-9160-0f6ef07ab332" />
    <UnitTestResult executionId="f6a07ef3-192f-4a77-9ff8-bc7efc85488c" testId="494c9b65-b000-d827-0b66-d9ee44d3775f" testName="OpenTECHub.Tests.RecipeAutonomousBlockConfigurationTests.Periodic_cascade_binding_requires_an_existing_reachable_cascade(binding: &quot;cascade&quot;, reachable: True)" computerName="DESKTOP-J4OP7IO" duration="00:00:00.0001577" startTime="2026-10-07T15:44:01.6433073-03:00" endTime="2026-10-07T15:44:01.6433073-03:00" testType="13cdc9d9-ddb5-4fa4-a97d-d965ccfc6d4b" outcome="Passed" testListId="8c84fa94-04c1-424b-9868-57a2d4851a1d" relativeResultsDirectory="f6a07ef3-192f-4a77-9ff8-bc7efc85488c" />
    <UnitTestResult executionId="899fc67e-1b79-4dcb-8c87-0abda5bd67ef" testId="30be269b-92ef-e0fb-b129-535e8fe2b4b1" testName="OpenTECHub.Tests.RecipeAutonomousBlockConfigurationTests.Unknown_or_numeric_options_are_refused(key: &quot;failurePolicy&quot;)" computerName="DESKTOP-J4OP7IO" duration="00:00:00.0000340" startTime="2026-10-07T15:44:01.6428160-03:00" endTime="2026-10-07T15:44:01.6428160-03:00" testType="13cdc9d9-ddb5-4fa4-a97d-d965ccfc6d4b" outcome="Passed" testListId="8c84fa94-04c1-424b-9868-57a2d4851a1d" relativeResultsDirectory="899fc67e-1b79-4dcb-8c87-0abda5bd67ef" />
    <UnitTestResult executionId="f0ef2e56-c3fd-4d79-b9c3-52df51ac58d9" testId="7e2255b3-78a0-9395-17da-1f92513f2c8e" testName="OpenTECHub.Tests.RecipeAutonomousBlockConfigurationTests.Protocol_and_conditions_survive_roundtrip_with_contextual_fields(protocol: Abiotic, mode: SingleAtCurrentCondition)" computerName="DESKTOP-J4OP7IO" duration="00:00:00.0000992" startTime="2026-10-07T15:44:01.6423347-03:00" endTime="2026-10-07T15:44:01.6423348-03:00" testType="13cdc9d9-ddb5-4fa4-a97d-d965ccfc6d4b" outcome="Passed" testListId="8c84fa94-04c1-424b-9868-57a2d4851a1d" relativeResultsDirectory="f0ef2e56-c3fd-4d79-b9c3-52df51ac58d9" />
    <UnitTestResult executionId="d31193c0-497a-4e3b-a5da-eaa836c34f48" testId="9587e720-9587-12fa-a090-014a07d54b7a" testName="OpenTECHub.Tests.RecipeDomainTests.Cascade_actuation_window_out_of_bounds_is_rejected" computerName="DESKTOP-J4OP7IO" duration="00:00:00.0001566" startTime="2026-10-07T15:44:01.6424057-03:00" endTime="2026-10-07T15:44:01.6424057-03:00" testType="13cdc9d9-ddb5-4fa4-a97d-d965ccfc6d4b" outcome="Passed" testListId="8c84fa94-04c1-424b-9868-57a2d4851a1d" relativeResultsDirectory="d31193c0-497a-4e3b-a5da-eaa836c34f48" />
    <UnitTestResult executionId="d9cc75c2-3e39-465b-8ee4-4b86f838321f" testId="0dd845af-22dc-86b6-75cf-6fb297b85ff2" testName="OpenTECHub.Tests.RecipeDomainTests.A_minimal_start_timer_end_recipe_is_valid" computerName="DESKTOP-J4OP7IO" duration="00:00:00.0068320" startTime="2026-10-07T15:44:01.6081801-03:00" endTime="2026-10-07T15:44:01.6081802-03:00" testType="13cdc9d9-ddb5-4fa4-a97d-d965ccfc6d4b" outcome="Passed" testListId="8c84fa94-04c1-424b-9868-57a2d4851a1d" relativeResultsDirectory="d9cc75c2-3e39-465b-8ee4-4b86f838321f" />
    <UnitTestResult executionId="52c446dc-cb78-441a-8bc4-1582151e5b7b" testId="af3fe331-8f6e-0f04-e705-0ea448087beb" testName="OpenTECHub.Tests.SettingsSaveConcurrencyTests.RapidUpdatesAndImmediateSaveKeepLatestSettingsWithoutDeferredFaults" computerName="DESKTOP-J4OP7IO" duration="00:00:01.1994830" startTime="2026-10-07T15:44:02.7743549-03:00" endTime="2026-10-07T15:44:02.7743555-03:00" testType="13cdc9d9-ddb5-4fa4-a97d-d965ccfc6d4b" outcome="Passed" testListId="8c84fa94-04c1-424b-9868-57a2d4851a1d" relativeResultsDirectory="52c446dc-cb78-441a-8bc4-1582151e5b7b" />
    <UnitTestResult executionId="3f2f37a5-3565-432a-a4b9-f7f62735aade" testId="2c5ed762-4d65-7f36-fb47-5ae26179ea5b" testName="OpenTECHub.Tests.RecipeDomainTests.Timer_with_negative_duration_is_rejected" computerName="DESKTOP-J4OP7IO" duration="00:00:00.0001119" startTime="2026-10-07T15:44:01.6418325-03:00" endTime="2026-10-07T15:44:01.6418325-03:00" testType="13cdc9d9-ddb5-4fa4-a97d-d965ccfc6d4b" outcome="Passed" testListId="8c84fa94-04c1-424b-9868-57a2d4851a1d" relativeResultsDirectory="3f2f37a5-3565-432a-a4b9-f7f62735aade" />
    <UnitTestResult executionId="8f75d8e1-2d38-4da3-b242-86628821ba44" testId="51b43fa3-ab9a-85d4-eb38-e65452e90e42" testName="OpenTECHub.Tests.RecipeDomainTests.No_path_to_end_is_an_error" computerName="DESKTOP-J4OP7IO" duration="00:00:00.0001756" startTime="2026-10-07T15:44:01.6429526-03:00" endTime="2026-10-07T15:44:01.6429526-03:00" testType="13cdc9d9-ddb5-4fa4-a97d-d965ccfc6d4b" outcome="Passed" testListId="8c84fa94-04c1-424b-9868-57a2d4851a1d" relativeResultsDirectory="8f75d8e1-2d38-4da3-b242-86628821ba44" />
    <UnitTestResult executionId="10619d88-75a0-4e3e-9845-823b3ffd2310" testId="3915c362-6b9c-0389-9a8e-f6669c2c2708" testName="OpenTECHub.Tests.RecipeAutonomousBlockConfigurationTests.Periodic_cascade_binding_requires_an_existing_reachable_cascade(binding: &quot;timer&quot;, reachable: False)" computerName="DESKTOP-J4OP7IO" duration="00:00:00.0019568" startTime="2026-10-07T15:44:01.6428702-03:00" endTime="2026-10-07T15:44:01.6428702-03:00" testType="13cdc9d9-ddb5-4fa4-a97d-d965ccfc6d4b" outcome="Passed" testListId="8c84fa94-04c1-424b-9868-57a2d4851a1d" relativeResultsDirectory="10619d88-75a0-4e3e-9845-823b3ffd2310" />
    <UnitTestResult executionId="32247b9b-78e5-4440-bed7-1593fe8e1cc1" testId="72e60fda-c9e8-4d1a-e5a7-00b0d09fcfd2" testName="OpenTECHub.Tests.RecipeDomainTests.Monitor_refuses_an_actuation_variable" computerName="DESKTOP-J4OP7IO" duration="00:00:00.0003424" startTime="2026-10-07T15:44:01.6417965-03:00" endTime="2026-10-07T15:44:01.6417965-03:00" testType="13cdc9d9-ddb5-4fa4-a97d-d965ccfc6d4b" outcome="Passed" testListId="8c84fa94-04c1-424b-9868-57a2d4851a1d" relativeResultsDirectory="32247b9b-78e5-4440-bed7-1593fe8e1cc1" />
    <UnitTestResult executionId="f1502649-4899-4f5f-838c-67e6c0a164c5" testId="fd5f860e-c7fd-2762-5734-a49727e15bf4" testName="OpenTECHub.Tests.RecipeDomainTests.Deserialize_refuses_a_newer_schema_version" computerName="DESKTOP-J4OP7IO" duration="00:00:00.0002167" startTime="2026-10-07T15:44:01.6432090-03:00" endTime="2026-10-07T15:44:01.6432091-03:00" testType="13cdc9d9-ddb5-4fa4-a97d-d965ccfc6d4b" outcome="Passed" testListId="8c84fa94-04c1-424b-9868-57a2d4851a1d" relativeResultsDirectory="f1502649-4899-4f5f-838c-67e6c0a164c5" />
    <UnitTestResult executionId="a2c80747-2762-40fd-9594-bfb625dba59c" testId="fc115afe-2378-9496-58a6-6d811193fc22" testName="OpenTECHub.Tests.RecipeDomainTests.Only_monitor_timer_and_manual_can_be_the_cascade_exit_condition" computerName="DESKTOP-J4OP7IO" duration="00:00:00.0004292" startTime="2026-10-07T15:44:01.6391701-03:00" endTime="2026-10-07T15:44:01.6391702-03:00" testType="13cdc9d9-ddb5-4fa4-a97d-d965ccfc6d4b" outcome="Passed" testListId="8c84fa94-04c1-424b-9868-57a2d4851a1d" relativeResultsDirectory="a2c80747-2762-40fd-9594-bfb625dba59c" />
    <UnitTestResult executionId="22047755-8105-4927-a092-ab9757f06ffb" testId="8fad48df-56cf-5484-3026-1cc497e16a59" testName="OpenTECHub.Tests.RecipeDomainTests.Cascade_with_inverted_agitation_range_is_rejected" computerName="DESKTOP-J4OP7IO" duration="00:00:00.0002461" startTime="2026-10-07T15:44:01.6388691-03:00" endTime="2026-10-07T15:44:01.6388692-03:00" testType="13cdc9d9-ddb5-4fa4-a97d-d965ccfc6d4b" outcome="Passed" testListId="8c84fa94-04c1-424b-9868-57a2d4851a1d" relativeResultsDirectory="22047755-8105-4927-a092-ab9757f06ffb" />
    <UnitTestResult executionId="e13feea2-937c-464f-afb4-acaae8a5a09a" testId="2e04c714-1f51-5139-a8c6-10053ecfc840" testName="OpenTECHub.Tests.RecipeAutonomousBlockConfigurationTests.Unknown_or_numeric_options_are_refused(key: &quot;protocol&quot;)" computerName="DESKTOP-J4OP7IO" duration="00:00:00.0005054" startTime="2026-10-07T15:44:01.6424284-03:00" endTime="2026-10-07T15:44:01.6424284-03:00" testType="13cdc9d9-ddb5-4fa4-a97d-d965ccfc6d4b" outcome="Passed" testListId="8c84fa94-04c1-424b-9868-57a2d4851a1d" relativeResultsDirectory="e13feea2-937c-464f-afb4-acaae8a5a09a" />
    <UnitTestResult executionId="2bac05d1-cf92-4da6-b68f-90429994c44b" testId="58f71caa-870e-4497-09af-be8f47f37417" testName="OpenTECHub.Tests.RecipeDomainTests.At_least_one_end_is_required" computerName="DESKTOP-J4OP7IO" duration="00:00:00.0003791" startTime="2026-10-07T15:44:01.6390068-03:00" endTime="2026-10-07T15:44:01.6390068-03:00" testType="13cdc9d9-ddb5-4fa4-a97d-d965ccfc6d4b" outcome="Passed" testListId="8c84fa94-04c1-424b-9868-57a2d4851a1d" relativeResultsDirectory="2bac05d1-cf92-4da6-b68f-90429994c44b" />
    <UnitTestResult executionId="c76d0cc4-8d57-4dd9-bd14-e453c4c90e13" testId="dd9e3d98-26fc-2286-e5ad-53c6769e1b37" testName="OpenTECHub.Tests.RecipeDomainTests.End_keeps_the_green_header_as_the_single_exception" computerName="DESKTOP-J4OP7IO" duration="00:00:00.0020087" startTime="2026-10-07T15:44:01.6433738-03:00" endTime="2026-10-07T15:44:01.6433739-03:00" testType="13cdc9d9-ddb5-4fa4-a97d-d965ccfc6d4b" outcome="Passed" testListId="8c84fa94-04c1-424b-9868-57a2d4851a1d" relativeResultsDirectory="c76d0cc4-8d57-4dd9-bd14-e453c4c90e13" />
    <UnitTestResult executionId="1971ae53-3e42-4195-8da8-85245dfbc56e" testId="f699f065-a1cc-0359-a3e1-4a354db2ef7b" testName="OpenTECHub.Tests.RecipeDomainTests.The_three_supported_exit_conditions_validate(type: Timer)" computerName="DESKTOP-J4OP7IO" duration="00:00:00.0000321" startTime="2026-10-07T15:44:01.6386149-03:00" endTime="2026-10-07T15:44:01.6386150-03:00" testType="13cdc9d9-ddb5-4fa4-a97d-d965ccfc6d4b" outcome="Passed" testListId="8c84fa94-04c1-424b-9868-57a2d4851a1d" relativeResultsDirectory="1971ae53-3e42-4195-8da8-85245dfbc56e" />
  </Results>
  <TestDefinitions>
    <UnitTest name="OpenTECHub.Tests.RecipeAutonomousBlockConfigurationTests.Periodic_cascade_binding_requires_an_existing_reachable_cascade(binding: &quot;timer&quot;, reachable: False)" storage="d:\onedrive\posdoc_fapesp\_automacao_e_controle\projetotecnal\windows_app\tests\opentechub.tests\bin\debug\net10.0-windows10.0.19041.0\opentechub.tests.dll" id="3915c362-6b9c-0389-9a8e-f6669c2c2708">
      <Execution id="10619d88-75a0-4e3e-9845-823b3ffd2310" />
      <TestMethod codeBase="D:\OneDrive\PosDoc_Fapesp\_Automacao_e_Controle\ProjetoTECNAL\Windows_app\tests\OpenTECHub.Tests\bin\Debug\net10.0-windows10.0.19041.0\OpenTECHub.Tests.dll" adapterTypeName="executor://xunit/VsTestRunner2/netcoreapp" className="OpenTECHub.Tests.RecipeAutonomousBlockConfigurationTests" name="Periodic_cascade_binding_requires_an_existing_reachable_cascade" />
    </UnitTest>
    <UnitTest name="OpenTECHub.Tests.RecipeDomainTests.A_cascade_loop_construct_is_not_a_cycle" storage="d:\onedrive\posdoc_fapesp\_automacao_e_controle\projetotecnal\windows_app\tests\opentechub.tests\bin\debug\net10.0-windows10.0.19041.0\opentechub.tests.dll" id="f69ab9e0-2705-d476-504c-cf58c85d20db">
      <Execution id="fc49859b-69a4-46f5-b713-ef76c7a211f8" />
      <TestMethod codeBase="D:\OneDrive\PosDoc_Fapesp\_Automacao_e_Controle\ProjetoTECNAL\Windows_app\tests\OpenTECHub.Tests\bin\Debug\net10.0-windows10.0.19041.0\OpenTECHub.Tests.dll" adapterTypeName="executor://xunit/VsTestRunner2/netcoreapp" className="OpenTECHub.Tests.RecipeDomainTests" name="A_cascade_loop_construct_is_not_a_cycle" />
    </UnitTest>
    <UnitTest name="OpenTECHub.Tests.RecipeDomainTests.The_three_supported_exit_conditions_validate(type: ManualIntervention)" storage="d:\onedrive\posdoc_fapesp\_automacao_e_controle\projetotecnal\windows_app\tests\opentechub.tests\bin\debug\net10.0-windows10.0.19041.0\opentechub.tests.dll" id="42b5afcc-732f-0f9f-e90c-3ce04503c021">
      <Execution id="acf362aa-bd08-4e9e-9472-a9aa0be443f6" />
      <TestMethod codeBase="D:\OneDrive\PosDoc_Fapesp\_Automacao_e_Controle\ProjetoTECNAL\Windows_app\tests\OpenTECHub.Tests\bin\Debug\net10.0-windows10.0.19041.0\OpenTECHub.Tests.dll" adapterTypeName="executor://xunit/VsTestRunner2/netcoreapp" className="OpenTECHub.Tests.RecipeDomainTests" name="The_three_supported_exit_conditions_validate" />
    </UnitTest>
    <UnitTest name="OpenTECHub.Tests.RecipeDomainTests.Deserialize_maps_receitasopentec_type_aliases" storage="d:\onedrive\posdoc_fapesp\_automacao_e_controle\projetotecnal\windows_app\tests\opentechub.tests\bin\debug\net10.0-windows10.0.19041.0\opentechub.tests.dll" id="480d92f3-4551-a249-1cf3-ed254ae61953">
      <Execution id="1e0a71ff-e08b-4dd3-ad64-b9a82261a44f" />
      <TestMethod codeBase="D:\OneDrive\PosDoc_Fapesp\_Automacao_e_Controle\ProjetoTECNAL\Windows_app\tests\OpenTECHub.Tests\bin\Debug\net10.0-windows10.0.19041.0\OpenTECHub.Tests.dll" adapterTypeName="executor://xunit/VsTestRunner2/netcoreapp" className="OpenTECHub.Tests.RecipeDomainTests" name="Deserialize_maps_receitasopentec_type_aliases" />
    </UnitTest>
    <UnitTest name="OpenTECHub.Tests.RecipeDomainTests.At_least_one_end_is_required" storage="d:\onedrive\posdoc_fapesp\_automacao_e_controle\projetotecnal\windows_app\tests\opentechub.tests\bin\debug\net10.0-windows10.0.19041.0\opentechub.tests.dll" id="58f71caa-870e-4497-09af-be8f47f37417">
      <Execution id="2bac05d1-cf92-4da6-b68f-90429994c44b" />
      <TestMethod codeBase="D:\OneDrive\PosDoc_Fapesp\_Automacao_e_Controle\ProjetoTECNAL\Windows_app\tests\OpenTECHub.Tests\bin\Debug\net10.0-windows10.0.19041.0\OpenTECHub.Tests.dll" adapterTypeName="executor://xunit/VsTestRunner2/netcoreapp" className="OpenTECHub.Tests.RecipeDomainTests" name="At_least_one_end_is_required" />
    </UnitTest>
    <UnitTest name="OpenTECHub.Tests.RecipeDomainTests.Empty_recipe_is_rejected" storage="d:\onedrive\posdoc_fapesp\_automacao_e_controle\projetotecnal\windows_app\tests\opentechub.tests\bin\debug\net10.0-windows10.0.19041.0\opentechub.tests.dll" id="76595b6a-b1b2-9a29-bb62-2a80c895e8af">
      <Execution id="e3ccf7cd-4d9e-4c93-8fc0-5da8c4aeb27a" />
      <TestMethod codeBase="D:\OneDrive\PosDoc_Fapesp\_Automacao_e_Controle\ProjetoTECNAL\Windows_app\tests\OpenTECHub.Tests\bin\Debug\net10.0-windows10.0.19041.0\OpenTECHub.Tests.dll" adapterTypeName="executor://xunit/VsTestRunner2/netcoreapp" className="OpenTECHub.Tests.RecipeDomainTests" name="Empty_recipe_is_rejected" />
    </UnitTest>
    <UnitTest name="OpenTECHub.Tests.RecipeDomainTests.Dual_cascade_requires_overlapping_actuation_windows" storage="d:\onedrive\posdoc_fapesp\_automacao_e_controle\projetotecnal\windows_app\tests\opentechub.tests\bin\debug\net10.0-windows10.0.19041.0\opentechub.tests.dll" id="997fd563-c516-267d-d9e4-a3ad1dcdcc12">
      <Execution id="71abdc10-0a94-4ea4-92d4-e0ff5a57319b" />
      <TestMethod codeBase="D:\OneDrive\PosDoc_Fapesp\_Automacao_e_Controle\ProjetoTECNAL\Windows_app\tests\OpenTECHub.Tests\bin\Debug\net10.0-windows10.0.19041.0\OpenTECHub.Tests.dll" adapterTypeName="executor://xunit/VsTestRunner2/netcoreapp" className="OpenTECHub.Tests.RecipeDomainTests" name="Dual_cascade_requires_overlapping_actuation_windows" />
    </UnitTest>
    <UnitTest name="OpenTECHub.Tests.RecipeDomainTests.New_node_initialises_from_schema_defaults" storage="d:\onedrive\posdoc_fapesp\_automacao_e_controle\projetotecnal\windows_app\tests\opentechub.tests\bin\debug\net10.0-windows10.0.19041.0\opentechub.tests.dll" id="46c4de33-71fc-592e-a391-3c4f31d6618e">
      <Execution id="f9c7c9e3-2704-402d-ad1b-942caec4759d" />
      <TestMethod codeBase="D:\OneDrive\PosDoc_Fapesp\_Automacao_e_Controle\ProjetoTECNAL\Windows_app\tests\OpenTECHub.Tests\bin\Debug\net10.0-windows10.0.19041.0\OpenTECHub.Tests.dll" adapterTypeName="executor://xunit/VsTestRunner2/netcoreapp" className="OpenTECHub.Tests.RecipeDomainTests" name="New_node_initialises_from_schema_defaults" />
    </UnitTest>
    <UnitTest name="OpenTECHub.Tests.RecipeDomainTests.Exactly_one_start_is_required" storage="d:\onedrive\posdoc_fapesp\_automacao_e_controle\projetotecnal\windows_app\tests\opentechub.tests\bin\debug\net10.0-windows10.0.19041.0\opentechub.tests.dll" id="001ee7c8-43b6-096e-4dd1-1cbace9b65d7">
      <Execution id="41670ab7-67f5-4c9a-b382-ad2ff89c3eb0" />
      <TestMethod codeBase="D:\OneDrive\PosDoc_Fapesp\_Automacao_e_Controle\ProjetoTECNAL\Windows_app\tests\OpenTECHub.Tests\bin\Debug\net10.0-windows10.0.19041.0\OpenTECHub.Tests.dll" adapterTypeName="executor://xunit/VsTestRunner2/netcoreapp" className="OpenTECHub.Tests.RecipeDomainTests" name="Exactly_one_start_is_required" />
    </UnitTest>
    <UnitTest name="OpenTECHub.Tests.RecipeDomainTests.Cascade_rejects_an_unknown_mode" storage="d:\onedrive\posdoc_fapesp\_automacao_e_controle\projetotecnal\windows_app\tests\opentechub.tests\bin\debug\net10.0-windows10.0.19041.0\opentechub.tests.dll" id="673a8b0c-8a02-5212-50b8-8deda2140795">
      <Execution id="0ad34c16-887e-4f19-b4a2-9458e42b788d" />
      <TestMethod codeBase="D:\OneDrive\PosDoc_Fapesp\_Automacao_e_Controle\ProjetoTECNAL\Windows_app\tests\OpenTECHub.Tests\bin\Debug\net10.0-windows10.0.19041.0\OpenTECHub.Tests.dll" adapterTypeName="executor://xunit/VsTestRunner2/netcoreapp" className="OpenTECHub.Tests.RecipeDomainTests" name="Cascade_rejects_an_unknown_mode" />
    </UnitTest>
    <UnitTest name="OpenTECHub.Tests.RecipeDomainTests.Agitation_range_matches_the_15_to_1000_rpm_wire_contract(rpm: 1001, accepted: False)" storage="d:\onedrive\posdoc_fapesp\_automacao_e_controle\projetotecnal\windows_app\tests\opentechub.tests\bin\debug\net10.0-windows10.0.19041.0\opentechub.tests.dll" id="4e018d61-0d7f-5574-c4e1-b06fa5dbaf98">
      <Execution id="4afa1b50-fbbc-4670-bac6-f392630f2738" />
      <TestMethod codeBase="D:\OneDrive\PosDoc_Fapesp\_Automacao_e_Controle\ProjetoTECNAL\Windows_app\tests\OpenTECHub.Tests\bin\Debug\net10.0-windows10.0.19041.0\OpenTECHub.Tests.dll" adapterTypeName="executor://xunit/VsTestRunner2/netcoreapp" className="OpenTECHub.Tests.RecipeDomainTests" name="Agitation_range_matches_the_15_to_1000_rpm_wire_contract" />
    </UnitTest>
    <UnitTest name="OpenTECHub.Tests.RecipeDomainTests.Deserialize_rejects_malformed_json" storage="d:\onedrive\posdoc_fapesp\_automacao_e_controle\projetotecnal\windows_app\tests\opentechub.tests\bin\debug\net10.0-windows10.0.19041.0\opentechub.tests.dll" id="df771a5f-cdbb-45f5-085a-46f52cc619f7">
      <Execution id="baf160ff-9701-446b-9f2f-fa15060da411" />
      <TestMethod codeBase="D:\OneDrive\PosDoc_Fapesp\_Automacao_e_Controle\ProjetoTECNAL\Windows_app\tests\OpenTECHub.Tests\bin\Debug\net10.0-windows10.0.19041.0\OpenTECHub.Tests.dll" adapterTypeName="executor://xunit/VsTestRunner2/netcoreapp" className="OpenTECHub.Tests.RecipeDomainTests" name="Deserialize_rejects_malformed_json" />
    </UnitTest>
    <UnitTest name="OpenTECHub.Tests.RecipeDomainTests.Cascade_actuation_window_out_of_bounds_is_rejected" storage="d:\onedrive\posdoc_fapesp\_automacao_e_controle\projetotecnal\windows_app\tests\opentechub.tests\bin\debug\net10.0-windows10.0.19041.0\opentechub.tests.dll" id="9587e720-9587-12fa-a090-014a07d54b7a">
      <Execution id="d31193c0-497a-4e3b-a5da-eaa836c34f48" />
      <TestMethod codeBase="D:\OneDrive\PosDoc_Fapesp\_Automacao_e_Controle\ProjetoTECNAL\Windows_app\tests\OpenTECHub.Tests\bin\Debug\net10.0-windows10.0.19041.0\OpenTECHub.Tests.dll" adapterTypeName="executor://xunit/VsTestRunner2/netcoreapp" className="OpenTECHub.Tests.RecipeDomainTests" name="Cascade_actuation_window_out_of_bounds_is_rejected" />
    </UnitTest>
    <UnitTest name="OpenTECHub.Tests.RecipeDomainTests.Monitor_refuses_an_actuation_variable" storage="d:\onedrive\posdoc_fapesp\_automacao_e_controle\projetotecnal\windows_app\tests\opentechub.tests\bin\debug\net10.0-windows10.0.19041.0\opentechub.tests.dll" id="72e60fda-c9e8-4d1a-e5a7-00b0d09fcfd2">
      <Execution id="32247b9b-78e5-4440-bed7-1593fe8e1cc1" />
      <TestMethod codeBase="D:\OneDrive\PosDoc_Fapesp\_Automacao_e_Controle\ProjetoTECNAL\Windows_app\tests\OpenTECHub.Tests\bin\Debug\net10.0-windows10.0.19041.0\OpenTECHub.Tests.dll" adapterTypeName="executor://xunit/VsTestRunner2/netcoreapp" className="OpenTECHub.Tests.RecipeDomainTests" name="Monitor_refuses_an_actuation_variable" />
    </UnitTest>
    <UnitTest name="OpenTECHub.Tests.RecipeAutonomousBlockConfigurationTests.Periodic_cascade_binding_requires_an_existing_reachable_cascade(binding: &quot;cascade&quot;, reachable: True)" storage="d:\onedrive\posdoc_fapesp\_automacao_e_controle\projetotecnal\windows_app\tests\opentechub.tests\bin\debug\net10.0-windows10.0.19041.0\opentechub.tests.dll" id="494c9b65-b000-d827-0b66-d9ee44d3775f">
      <Execution id="f6a07ef3-192f-4a77-9ff8-bc7efc85488c" />
      <TestMethod codeBase="D:\OneDrive\PosDoc_Fapesp\_Automacao_e_Controle\ProjetoTECNAL\Windows_app\tests\OpenTECHub.Tests\bin\Debug\net10.0-windows10.0.19041.0\OpenTECHub.Tests.dll" adapterTypeName="executor://xunit/VsTestRunner2/netcoreapp" className="OpenTECHub.Tests.RecipeAutonomousBlockConfigurationTests" name="Periodic_cascade_binding_requires_an_existing_reachable_cascade" />
    </UnitTest>
    <UnitTest name="OpenTECHub.Tests.RecipeAutonomousBlockConfigurationTests.Unknown_or_numeric_options_are_refused(key: &quot;failurePolicy&quot;)" storage="d:\onedrive\posdoc_fapesp\_automacao_e_controle\projetotecnal\windows_app\tests\opentechub.tests\bin\debug\net10.0-windows10.0.19041.0\opentechub.tests.dll" id="30be269b-92ef-e0fb-b129-535e8fe2b4b1">
      <Execution id="899fc67e-1b79-4dcb-8c87-0abda5bd67ef" />
      <TestMethod codeBase="D:\OneDrive\PosDoc_Fapesp\_Automacao_e_Controle\ProjetoTECNAL\Windows_app\tests\OpenTECHub.Tests\bin\Debug\net10.0-windows10.0.19041.0\OpenTECHub.Tests.dll" adapterTypeName="executor://xunit/VsTestRunner2/netcoreapp" className="OpenTECHub.Tests.RecipeAutonomousBlockConfigurationTests" name="Unknown_or_numeric_options_are_refused" />
    </UnitTest>
    <UnitTest name="OpenTECHub.Tests.RecipeDomainTests.End_keeps_the_green_header_as_the_single_exception" storage="d:\onedrive\posdoc_fapesp\_automacao_e_controle\projetotecnal\windows_app\tests\opentechub.tests\bin\debug\net10.0-windows10.0.19041.0\opentechub.tests.dll" id="dd9e3d98-26fc-2286-e5ad-53c6769e1b37">
      <Execution id="c76d0cc4-8d57-4dd9-bd14-e453c4c90e13" />
      <TestMethod codeBase="D:\OneDrive\PosDoc_Fapesp\_Automacao_e_Controle\ProjetoTECNAL\Windows_app\tests\OpenTECHub.Tests\bin\Debug\net10.0-windows10.0.19041.0\OpenTECHub.Tests.dll" adapterTypeName="executor://xunit/VsTestRunner2/netcoreapp" className="OpenTECHub.Tests.RecipeDomainTests" name="End_keeps_the_green_header_as_the_single_exception" />
    </UnitTest>
    <UnitTest name="OpenTECHub.Tests.RecipeAutonomousBlockConfigurationTests.New_blocks_without_runtime_cannot_claim_or_command_devices" storage="d:\onedrive\posdoc_fapesp\_automacao_e_controle\projetotecnal\windows_app\tests\opentechub.tests\bin\debug\net10.0-windows10.0.19041.0\opentechub.tests.dll" id="516faaa4-0081-ae78-8585-112db7e108db">
      <Execution id="a3eda6d9-8c47-477a-8d9d-31076798b8ff" />
      <TestMethod codeBase="D:\OneDrive\PosDoc_Fapesp\_Automacao_e_Controle\ProjetoTECNAL\Windows_app\tests\OpenTECHub.Tests\bin\Debug\net10.0-windows10.0.19041.0\OpenTECHub.Tests.dll" adapterTypeName="executor://xunit/VsTestRunner2/netcoreapp" className="OpenTECHub.Tests.RecipeAutonomousBlockConfigurationTests" name="New_blocks_without_runtime_cannot_claim_or_command_devices" />
    </UnitTest>
    <UnitTest name="OpenTECHub.Tests.RecipeDomainTests.Deserialize_refuses_a_newer_schema_version" storage="d:\onedrive\posdoc_fapesp\_automacao_e_controle\projetotecnal\windows_app\tests\opentechub.tests\bin\debug\net10.0-windows10.0.19041.0\opentechub.tests.dll" id="fd5f860e-c7fd-2762-5734-a49727e15bf4">
      <Execution id="f1502649-4899-4f5f-838c-67e6c0a164c5" />
      <TestMethod codeBase="D:\OneDrive\PosDoc_Fapesp\_Automacao_e_Controle\ProjetoTECNAL\Windows_app\tests\OpenTECHub.Tests\bin\Debug\net10.0-windows10.0.19041.0\OpenTECHub.Tests.dll" adapterTypeName="executor://xunit/VsTestRunner2/netcoreapp" className="OpenTECHub.Tests.RecipeDomainTests" name="Deserialize_refuses_a_newer_schema_version" />
    </UnitTest>
    <UnitTest name="OpenTECHub.Tests.RecipeAutonomousBlockConfigurationTests.Protocol_and_conditions_survive_roundtrip_with_contextual_fields(protocol: Biotic, mode: Multiple)" storage="d:\onedrive\posdoc_fapesp\_automacao_e_controle\projetotecnal\windows_app\tests\opentechub.tests\bin\debug\net10.0-windows10.0.19041.0\opentechub.tests.dll" id="88499a22-e2ec-3eed-2bc7-cab7c54af5fe">
      <Execution id="8e40f353-d89f-444d-ae1a-1afb3e0d70bc" />
      <TestMethod codeBase="D:\OneDrive\PosDoc_Fapesp\_Automacao_e_Controle\ProjetoTECNAL\Windows_app\tests\OpenTECHub.Tests\bin\Debug\net10.0-windows10.0.19041.0\OpenTECHub.Tests.dll" adapterTypeName="executor://xunit/VsTestRunner2/netcoreapp" className="OpenTECHub.Tests.RecipeAutonomousBlockConfigurationTests" name="Protocol_and_conditions_survive_roundtrip_with_contextual_fields" />
    </UnitTest>
    <UnitTest name="OpenTECHub.Tests.RecipeDomainTests.The_three_supported_exit_conditions_validate(type: Timer)" storage="d:\onedrive\posdoc_fapesp\_automacao_e_controle\projetotecnal\windows_app\tests\opentechub.tests\bin\debug\net10.0-windows10.0.19041.0\opentechub.tests.dll" id="f699f065-a1cc-0359-a3e1-4a354db2ef7b">
      <Execution id="1971ae53-3e42-4195-8da8-85245dfbc56e" />
      <TestMethod codeBase="D:\OneDrive\PosDoc_Fapesp\_Automacao_e_Controle\ProjetoTECNAL\Windows_app\tests\OpenTECHub.Tests\bin\Debug\net10.0-windows10.0.19041.0\OpenTECHub.Tests.dll" adapterTypeName="executor://xunit/VsTestRunner2/netcoreapp" className="OpenTECHub.Tests.RecipeDomainTests" name="The_three_supported_exit_conditions_validate" />
    </UnitTest>
    <UnitTest name="OpenTECHub.Tests.RecipeDomainTests.Agitation_range_matches_the_15_to_1000_rpm_wire_contract(rpm: 0, accepted: True)" storage="d:\onedrive\posdoc_fapesp\_automacao_e_controle\projetotecnal\windows_app\tests\opentechub.tests\bin\debug\net10.0-windows10.0.19041.0\opentechub.tests.dll" id="40d037df-1a85-d3c2-47c8-29ba83790579">
      <Execution id="1a2f0e9e-93f0-41f8-a9fe-53390d93350a" />
      <TestMethod codeBase="D:\OneDrive\PosDoc_Fapesp\_Automacao_e_Controle\ProjetoTECNAL\Windows_app\tests\OpenTECHub.Tests\bin\Debug\net10.0-windows10.0.19041.0\OpenTECHub.Tests.dll" adapterTypeName="executor://xunit/VsTestRunner2/netcoreapp" className="OpenTECHub.Tests.RecipeDomainTests" name="Agitation_range_matches_the_15_to_1000_rpm_wire_contract" />
    </UnitTest>
    <UnitTest name="OpenTECHub.Tests.SettingsSaveConcurrencyTests.ConcurrentUpdatesAndShutdownSaveDoNotRaceOnTemporaryFile" storage="d:\onedrive\posdoc_fapesp\_automacao_e_controle\projetotecnal\windows_app\tests\opentechub.tests\bin\debug\net10.0-windows10.0.19041.0\opentechub.tests.dll" id="62cbecbd-b097-2044-f4f1-8d1faed099c4">
      <Execution id="246f3c80-d017-4c5c-a976-49a9862c3412" />
      <TestMethod codeBase="D:\OneDrive\PosDoc_Fapesp\_Automacao_e_Controle\ProjetoTECNAL\Windows_app\tests\OpenTECHub.Tests\bin\Debug\net10.0-windows10.0.19041.0\OpenTECHub.Tests.dll" adapterTypeName="executor://xunit/VsTestRunner2/netcoreapp" className="OpenTECHub.Tests.SettingsSaveConcurrencyTests" name="ConcurrentUpdatesAndShutdownSaveDoNotRaceOnTemporaryFile" />
    </UnitTest>
    <UnitTest name="OpenTECHub.Tests.RecipeDomainTests.Catalog_declares_every_block_type_exactly_once" storage="d:\onedrive\posdoc_fapesp\_automacao_e_controle\projetotecnal\windows_app\tests\opentechub.tests\bin\debug\net10.0-windows10.0.19041.0\opentechub.tests.dll" id="9cb4b977-1505-f8ea-5d63-b1bf99418d77">
      <Execution id="790ed601-cd16-44c5-9f85-ef19214124a7" />
      <TestMethod codeBase="D:\OneDrive\PosDoc_Fapesp\_Automacao_e_Controle\ProjetoTECNAL\Windows_app\tests\OpenTECHub.Tests\bin\Debug\net10.0-windows10.0.19041.0\OpenTECHub.Tests.dll" adapterTypeName="executor://xunit/VsTestRunner2/netcoreapp" className="OpenTECHub.Tests.RecipeDomainTests" name="Catalog_declares_every_block_type_exactly_once" />
    </UnitTest>
    <UnitTest name="OpenTECHub.Tests.RecipeDomainTests.Cascade_mode_defaults_to_dual_cascade" storage="d:\onedrive\posdoc_fapesp\_automacao_e_controle\projetotecnal\windows_app\tests\opentechub.tests\bin\debug\net10.0-windows10.0.19041.0\opentechub.tests.dll" id="462d0717-458b-155b-184b-992336a964c8">
      <Execution id="e701e336-7d6d-4109-8b21-c1018cd77654" />
      <TestMethod codeBase="D:\OneDrive\PosDoc_Fapesp\_Automacao_e_Controle\ProjetoTECNAL\Windows_app\tests\OpenTECHub.Tests\bin\Debug\net10.0-windows10.0.19041.0\OpenTECHub.Tests.dll" adapterTypeName="executor://xunit/VsTestRunner2/netcoreapp" className="OpenTECHub.Tests.RecipeDomainTests" name="Cascade_mode_defaults_to_dual_cascade" />
    </UnitTest>
    <UnitTest name="OpenTECHub.Tests.RecipeDomainTests.Serialize_writes_the_current_schema_version" storage="d:\onedrive\posdoc_fapesp\_automacao_e_controle\projetotecnal\windows_app\tests\opentechub.tests\bin\debug\net10.0-windows10.0.19041.0\opentechub.tests.dll" id="f63b1c3e-4247-374d-91cf-7267aad702f8">
      <Execution id="6b12d12b-3916-4f43-aa23-8992e116ca8c" />
      <TestMethod codeBase="D:\OneDrive\PosDoc_Fapesp\_Automacao_e_Controle\ProjetoTECNAL\Windows_app\tests\OpenTECHub.Tests\bin\Debug\net10.0-windows10.0.19041.0\OpenTECHub.Tests.dll" adapterTypeName="executor://xunit/VsTestRunner2/netcoreapp" className="OpenTECHub.Tests.RecipeDomainTests" name="Serialize_writes_the_current_schema_version" />
    </UnitTest>
    <UnitTest name="OpenTECHub.Tests.RecipeAutonomousBlockConfigurationTests.Unknown_or_numeric_options_are_refused(key: &quot;protocol&quot;)" storage="d:\onedrive\posdoc_fapesp\_automacao_e_controle\projetotecnal\windows_app\tests\opentechub.tests\bin\debug\net10.0-windows10.0.19041.0\opentechub.tests.dll" id="2e04c714-1f51-5139-a8c6-10053ecfc840">
      <Execution id="e13feea2-937c-464f-afb4-acaae8a5a09a" />
      <TestMethod codeBase="D:\OneDrive\PosDoc_Fapesp\_Automacao_e_Controle\ProjetoTECNAL\Windows_app\tests\OpenTECHub.Tests\bin\Debug\net10.0-windows10.0.19041.0\OpenTECHub.Tests.dll" adapterTypeName="executor://xunit/VsTestRunner2/netcoreapp" className="OpenTECHub.Tests.RecipeAutonomousBlockConfigurationTests" name="Unknown_or_numeric_options_are_refused" />
    </UnitTest>
    <UnitTest name="OpenTECHub.Tests.SettingsSaveConcurrencyTests.RapidUpdatesAndImmediateSaveKeepLatestSettingsWithoutDeferredFaults" storage="d:\onedrive\posdoc_fapesp\_automacao_e_controle\projetotecnal\windows_app\tests\opentechub.tests\bin\debug\net10.0-windows10.0.19041.0\opentechub.tests.dll" id="af3fe331-8f6e-0f04-e705-0ea448087beb">
      <Execution id="52c446dc-cb78-441a-8bc4-1582151e5b7b" />
      <TestMethod codeBase="D:\OneDrive\PosDoc_Fapesp\_Automacao_e_Controle\ProjetoTECNAL\Windows_app\tests\OpenTECHub.Tests\bin\Debug\net10.0-windows10.0.19041.0\OpenTECHub.Tests.dll" adapterTypeName="executor://xunit/VsTestRunner2/netcoreapp" className="OpenTECHub.Tests.SettingsSaveConcurrencyTests" name="RapidUpdatesAndImmediateSaveKeepLatestSettingsWithoutDeferredFaults" />
    </UnitTest>
    <UnitTest name="OpenTECHub.Tests.RecipeDomainTests.No_path_to_end_is_an_error" storage="d:\onedrive\posdoc_fapesp\_automacao_e_controle\projetotecnal\windows_app\tests\opentechub.tests\bin\debug\net10.0-windows10.0.19041.0\opentechub.tests.dll" id="51b43fa3-ab9a-85d4-eb38-e65452e90e42">
      <Execution id="8f75d8e1-2d38-4da3-b242-86628821ba44" />
      <TestMethod codeBase="D:\OneDrive\PosDoc_Fapesp\_Automacao_e_Controle\ProjetoTECNAL\Windows_app\tests\OpenTECHub.Tests\bin\Debug\net10.0-windows10.0.19041.0\OpenTECHub.Tests.dll" adapterTypeName="executor://xunit/VsTestRunner2/netcoreapp" className="OpenTECHub.Tests.RecipeDomainTests" name="No_path_to_end_is_an_error" />
    </UnitTest>
    <UnitTest name="OpenTECHub.Tests.RecipeAutonomousBlockConfigurationTests.Protocol_and_conditions_survive_roundtrip_with_contextual_fields(protocol: Abiotic, mode: SingleAtCurrentCondition)" storage="d:\onedrive\posdoc_fapesp\_automacao_e_controle\projetotecnal\windows_app\tests\opentechub.tests\bin\debug\net10.0-windows10.0.19041.0\opentechub.tests.dll" id="7e2255b3-78a0-9395-17da-1f92513f2c8e">
      <Execution id="f0ef2e56-c3fd-4d79-b9c3-52df51ac58d9" />
      <TestMethod codeBase="D:\OneDrive\PosDoc_Fapesp\_Automacao_e_Controle\ProjetoTECNAL\Windows_app\tests\OpenTECHub.Tests\bin\Debug\net10.0-windows10.0.19041.0\OpenTECHub.Tests.dll" adapterTypeName="executor://xunit/VsTestRunner2/netcoreapp" className="OpenTECHub.Tests.RecipeAutonomousBlockConfigurationTests" name="Protocol_and_conditions_survive_roundtrip_with_contextual_fields" />
    </UnitTest>
    <UnitTest name="OpenTECHub.Tests.RecipeDomainTests.Setpoint_outside_the_device_range_is_rejected" storage="d:\onedrive\posdoc_fapesp\_automacao_e_controle\projetotecnal\windows_app\tests\opentechub.tests\bin\debug\net10.0-windows10.0.19041.0\opentechub.tests.dll" id="602f3b7d-02b2-587e-e854-d73e35a5d572">
      <Execution id="dff33358-5a43-4721-9160-0f6ef07ab332" />
      <TestMethod codeBase="D:\OneDrive\PosDoc_Fapesp\_Automacao_e_Controle\ProjetoTECNAL\Windows_app\tests\OpenTECHub.Tests\bin\Debug\net10.0-windows10.0.19041.0\OpenTECHub.Tests.dll" adapterTypeName="executor://xunit/VsTestRunner2/netcoreapp" className="OpenTECHub.Tests.RecipeDomainTests" name="Setpoint_outside_the_device_range_is_rejected" />
    </UnitTest>
    <UnitTest name="OpenTECHub.Tests.RecipeDomainTests.Cascade_with_inverted_agitation_range_is_rejected" storage="d:\onedrive\posdoc_fapesp\_automacao_e_controle\projetotecnal\windows_app\tests\opentechub.tests\bin\debug\net10.0-windows10.0.19041.0\opentechub.tests.dll" id="8fad48df-56cf-5484-3026-1cc497e16a59">
      <Execution id="22047755-8105-4927-a092-ab9757f06ffb" />
      <TestMethod codeBase="D:\OneDrive\PosDoc_Fapesp\_Automacao_e_Controle\ProjetoTECNAL\Windows_app\tests\OpenTECHub.Tests\bin\Debug\net10.0-windows10.0.19041.0\OpenTECHub.Tests.dll" adapterTypeName="executor://xunit/VsTestRunner2/netcoreapp" className="OpenTECHub.Tests.RecipeDomainTests" name="Cascade_with_inverted_agitation_range_is_rejected" />
    </UnitTest>
    <UnitTest name="OpenTECHub.Tests.RecipeDomainTests.A_minimal_start_timer_end_recipe_is_valid" storage="d:\onedrive\posdoc_fapesp\_automacao_e_controle\projetotecnal\windows_app\tests\opentechub.tests\bin\debug\net10.0-windows10.0.19041.0\opentechub.tests.dll" id="0dd845af-22dc-86b6-75cf-6fb297b85ff2">
      <Execution id="d9cc75c2-3e39-465b-8ee4-4b86f838321f" />
      <TestMethod codeBase="D:\OneDrive\PosDoc_Fapesp\_Automacao_e_Controle\ProjetoTECNAL\Windows_app\tests\OpenTECHub.Tests\bin\Debug\net10.0-windows10.0.19041.0\OpenTECHub.Tests.dll" adapterTypeName="executor://xunit/VsTestRunner2/netcoreapp" className="OpenTECHub.Tests.RecipeDomainTests" name="A_minimal_start_timer_end_recipe_is_valid" />
    </UnitTest>
    <UnitTest name="OpenTECHub.Tests.RecipeAutonomousBlockConfigurationTests.Periodic_defaults_map_to_two_six_ten_hours_and_reject_invalid_units_or_zero_period" storage="d:\onedrive\posdoc_fapesp\_automacao_e_controle\projetotecnal\windows_app\tests\opentechub.tests\bin\debug\net10.0-windows10.0.19041.0\opentechub.tests.dll" id="1e5b4b49-b9a9-e70d-7f37-1ef6019762a0">
      <Execution id="c57f6cb5-cdfd-4a2f-95a2-7912574b1a9b" />
      <TestMethod codeBase="D:\OneDrive\PosDoc_Fapesp\_Automacao_e_Controle\ProjetoTECNAL\Windows_app\tests\OpenTECHub.Tests\bin\Debug\net10.0-windows10.0.19041.0\OpenTECHub.Tests.dll" adapterTypeName="executor://xunit/VsTestRunner2/netcoreapp" className="OpenTECHub.Tests.RecipeAutonomousBlockConfigurationTests" name="Periodic_defaults_map_to_two_six_ten_hours_and_reject_invalid_units_or_zero_period" />
    </UnitTest>
    <UnitTest name="OpenTECHub.Tests.RecipeDomainTests.Agitation_range_matches_the_15_to_1000_rpm_wire_contract(rpm: 14, accepted: False)" storage="d:\onedrive\posdoc_fapesp\_automacao_e_controle\projetotecnal\windows_app\tests\opentechub.tests\bin\debug\net10.0-windows10.0.19041.0\opentechub.tests.dll" id="f85def7c-977f-b2a1-aa23-d262ef56094a">
      <Execution id="b73159e9-0dd6-46fd-b732-008881b41e6a" />
      <TestMethod codeBase="D:\OneDrive\PosDoc_Fapesp\_Automacao_e_Controle\ProjetoTECNAL\Windows_app\tests\OpenTECHub.Tests\bin\Debug\net10.0-windows10.0.19041.0\OpenTECHub.Tests.dll" adapterTypeName="executor://xunit/VsTestRunner2/netcoreapp" className="OpenTECHub.Tests.RecipeDomainTests" name="Agitation_range_matches_the_15_to_1000_rpm_wire_contract" />
    </UnitTest>
    <UnitTest name="OpenTECHub.Tests.RecipeAutonomousBlockConfigurationTests.Protocol_and_conditions_survive_roundtrip_with_contextual_fields(protocol: Abiotic, mode: SingleExplicit)" storage="d:\onedrive\posdoc_fapesp\_automacao_e_controle\projetotecnal\windows_app\tests\opentechub.tests\bin\debug\net10.0-windows10.0.19041.0\opentechub.tests.dll" id="412eed74-6246-96c2-6b03-be7f3b3b28e1">
      <Execution id="99a11f39-5baa-4b48-adf3-2b973fb78e11" />
      <TestMethod codeBase="D:\OneDrive\PosDoc_Fapesp\_Automacao_e_Controle\ProjetoTECNAL\Windows_app\tests\OpenTECHub.Tests\bin\Debug\net10.0-windows10.0.19041.0\OpenTECHub.Tests.dll" adapterTypeName="executor://xunit/VsTestRunner2/netcoreapp" className="OpenTECHub.Tests.RecipeAutonomousBlockConfigurationTests" name="Protocol_and_conditions_survive_roundtrip_with_contextual_fields" />
    </UnitTest>
    <UnitTest name="OpenTECHub.Tests.RecipeDomainTests.The_three_supported_exit_conditions_validate(type: MonitorVariable)" storage="d:\onedrive\posdoc_fapesp\_automacao_e_controle\projetotecnal\windows_app\tests\opentechub.tests\bin\debug\net10.0-windows10.0.19041.0\opentechub.tests.dll" id="6438ce00-0e2f-99a0-ed30-a631f302cc12">
      <Execution id="8f156972-cd99-4178-80b0-7f429d32cdbe" />
      <TestMethod codeBase="D:\OneDrive\PosDoc_Fapesp\_Automacao_e_Controle\ProjetoTECNAL\Windows_app\tests\OpenTECHub.Tests\bin\Debug\net10.0-windows10.0.19041.0\OpenTECHub.Tests.dll" adapterTypeName="executor://xunit/VsTestRunner2/netcoreapp" className="OpenTECHub.Tests.RecipeDomainTests" name="The_three_supported_exit_conditions_validate" />
    </UnitTest>
    <UnitTest name="OpenTECHub.Tests.RecipeDomainTests.A_loop_body_returning_to_entrada_loop_is_not_a_stranded_continuation" storage="d:\onedrive\posdoc_fapesp\_automacao_e_controle\projetotecnal\windows_app\tests\opentechub.tests\bin\debug\net10.0-windows10.0.19041.0\opentechub.tests.dll" id="9e1f2dd5-d230-580e-b545-e8472e423149">
      <Execution id="4975f4fa-a307-4d47-9a13-161a19964a4e" />
      <TestMethod codeBase="D:\OneDrive\PosDoc_Fapesp\_Automacao_e_Controle\ProjetoTECNAL\Windows_app\tests\OpenTECHub.Tests\bin\Debug\net10.0-windows10.0.19041.0\OpenTECHub.Tests.dll" adapterTypeName="executor://xunit/VsTestRunner2/netcoreapp" className="OpenTECHub.Tests.RecipeDomainTests" name="A_loop_body_returning_to_entrada_loop_is_not_a_stranded_continuation" />
    </UnitTest>
    <UnitTest name="OpenTECHub.Tests.RecipeDomainTests.Deserialize_defaults_missing_schema_version_to_one" storage="d:\onedrive\posdoc_fapesp\_automacao_e_controle\projetotecnal\windows_app\tests\opentechub.tests\bin\debug\net10.0-windows10.0.19041.0\opentechub.tests.dll" id="a1bcdc59-3b14-f80f-64af-7e202d75a568">
      <Execution id="c35703c0-93ff-4a9f-b4c0-ccbb93236500" />
      <TestMethod codeBase="D:\OneDrive\PosDoc_Fapesp\_Automacao_e_Controle\ProjetoTECNAL\Windows_app\tests\OpenTECHub.Tests\bin\Debug\net10.0-windows10.0.19041.0\OpenTECHub.Tests.dll" adapterTypeName="executor://xunit/VsTestRunner2/netcoreapp" className="OpenTECHub.Tests.RecipeDomainTests" name="Deserialize_defaults_missing_schema_version_to_one" />
    </UnitTest>
    <UnitTest name="OpenTECHub.Tests.RecipeDomainTests.Timer_with_negative_duration_is_rejected" storage="d:\onedrive\posdoc_fapesp\_automacao_e_controle\projetotecnal\windows_app\tests\opentechub.tests\bin\debug\net10.0-windows10.0.19041.0\opentechub.tests.dll" id="2c5ed762-4d65-7f36-fb47-5ae26179ea5b">
      <Execution id="3f2f37a5-3565-432a-a4b9-f7f62735aade" />
      <TestMethod codeBase="D:\OneDrive\PosDoc_Fapesp\_Automacao_e_Controle\ProjetoTECNAL\Windows_app\tests\OpenTECHub.Tests\bin\Debug\net10.0-windows10.0.19041.0\OpenTECHub.Tests.dll" adapterTypeName="executor://xunit/VsTestRunner2/netcoreapp" className="OpenTECHub.Tests.RecipeDomainTests" name="Timer_with_negative_duration_is_rejected" />
    </UnitTest>
    <UnitTest name="OpenTECHub.Tests.RecipeDomainTests.A_continuation_hanging_off_the_saida_loop_block_is_an_error" storage="d:\onedrive\posdoc_fapesp\_automacao_e_controle\projetotecnal\windows_app\tests\opentechub.tests\bin\debug\net10.0-windows10.0.19041.0\opentechub.tests.dll" id="58c8d315-5e88-f839-a1f0-54e774280ab8">
      <Execution id="0a8a375d-b60a-413d-97db-73fbe7bfddff" />
      <TestMethod codeBase="D:\OneDrive\PosDoc_Fapesp\_Automacao_e_Controle\ProjetoTECNAL\Windows_app\tests\OpenTECHub.Tests\bin\Debug\net10.0-windows10.0.19041.0\OpenTECHub.Tests.dll" adapterTypeName="executor://xunit/VsTestRunner2/netcoreapp" className="OpenTECHub.Tests.RecipeDomainTests" name="A_continuation_hanging_off_the_saida_loop_block_is_an_error" />
    </UnitTest>
    <UnitTest name="OpenTECHub.Tests.RecipeAutonomousBlockConfigurationTests.Protocol_and_conditions_survive_roundtrip_with_contextual_fields(protocol: Abiotic, mode: Multiple)" storage="d:\onedrive\posdoc_fapesp\_automacao_e_controle\projetotecnal\windows_app\tests\opentechub.tests\bin\debug\net10.0-windows10.0.19041.0\opentechub.tests.dll" id="dd2dccf9-92e8-1d90-086a-b4c64db76cc6">
      <Execution id="8ebb04a8-ded5-49c1-84b3-4989e44aa936" />
      <TestMethod codeBase="D:\OneDrive\PosDoc_Fapesp\_Automacao_e_Controle\ProjetoTECNAL\Windows_app\tests\OpenTECHub.Tests\bin\Debug\net10.0-windows10.0.19041.0\OpenTECHub.Tests.dll" adapterTypeName="executor://xunit/VsTestRunner2/netcoreapp" className="OpenTECHub.Tests.RecipeAutonomousBlockConfigurationTests" name="Protocol_and_conditions_survive_roundtrip_with_contextual_fields" />
    </UnitTest>
    <UnitTest name="OpenTECHub.Tests.RecipeDomainTests.Cascade_has_the_four_ports_including_the_loop_pair" storage="d:\onedrive\posdoc_fapesp\_automacao_e_controle\projetotecnal\windows_app\tests\opentechub.tests\bin\debug\net10.0-windows10.0.19041.0\opentechub.tests.dll" id="5ffd8e2c-43b0-afbc-5ef5-130e367249f7">
      <Execution id="ae293c5f-1f31-461a-89a1-58515b25de9c" />
      <TestMethod codeBase="D:\OneDrive\PosDoc_Fapesp\_Automacao_e_Controle\ProjetoTECNAL\Windows_app\tests\OpenTECHub.Tests\bin\Debug\net10.0-windows10.0.19041.0\OpenTECHub.Tests.dll" adapterTypeName="executor://xunit/VsTestRunner2/netcoreapp" className="OpenTECHub.Tests.RecipeDomainTests" name="Cascade_has_the_four_ports_including_the_loop_pair" />
    </UnitTest>
    <UnitTest name="OpenTECHub.Tests.RecipeDomainTests.Deserialize_tolerates_legacy_connector_spelling_and_canonicalises_it" storage="d:\onedrive\posdoc_fapesp\_automacao_e_controle\projetotecnal\windows_app\tests\opentechub.tests\bin\debug\net10.0-windows10.0.19041.0\opentechub.tests.dll" id="c3f25245-6aa4-0296-05fa-fdadc8d0e233">
      <Execution id="b6cf3d10-f946-4a57-8d0b-26751218338f" />
      <TestMethod codeBase="D:\OneDrive\PosDoc_Fapesp\_Automacao_e_Controle\ProjetoTECNAL\Windows_app\tests\OpenTECHub.Tests\bin\Debug\net10.0-windows10.0.19041.0\OpenTECHub.Tests.dll" adapterTypeName="executor://xunit/VsTestRunner2/netcoreapp" className="OpenTECHub.Tests.RecipeDomainTests" name="Deserialize_tolerates_legacy_connector_spelling_and_canonicalises_it" />
    </UnitTest>
    <UnitTest name="OpenTECHub.Tests.RecipeDomainTests.Round_trip_preserves_nodes_connections_and_metadata" storage="d:\onedrive\posdoc_fapesp\_automacao_e_controle\projetotecnal\windows_app\tests\opentechub.tests\bin\debug\net10.0-windows10.0.19041.0\opentechub.tests.dll" id="0a35bfd0-f633-e982-c8fc-37931d8fbc61">
      <Execution id="519c073e-be8f-46fe-9301-536384b51d42" />
      <TestMethod codeBase="D:\OneDrive\PosDoc_Fapesp\_Automacao_e_Controle\ProjetoTECNAL\Windows_app\tests\OpenTECHub.Tests\bin\Debug\net10.0-windows10.0.19041.0\OpenTECHub.Tests.dll" adapterTypeName="executor://xunit/VsTestRunner2/netcoreapp" className="OpenTECHub.Tests.RecipeDomainTests" name="Round_trip_preserves_nodes_connections_and_metadata" />
    </UnitTest>
    <UnitTest name="OpenTECHub.Tests.RecipeDomainTests.A_cycle_outside_a_loop_is_an_error" storage="d:\onedrive\posdoc_fapesp\_automacao_e_controle\projetotecnal\windows_app\tests\opentechub.tests\bin\debug\net10.0-windows10.0.19041.0\opentechub.tests.dll" id="33eaa857-6342-e629-ecc8-84d1a60ec578">
      <Execution id="dd0a3293-3175-4429-8976-de8ef94a6439" />
      <TestMethod codeBase="D:\OneDrive\PosDoc_Fapesp\_Automacao_e_Controle\ProjetoTECNAL\Windows_app\tests\OpenTECHub.Tests\bin\Debug\net10.0-windows10.0.19041.0\OpenTECHub.Tests.dll" adapterTypeName="executor://xunit/VsTestRunner2/netcoreapp" className="OpenTECHub.Tests.RecipeDomainTests" name="A_cycle_outside_a_loop_is_an_error" />
    </UnitTest>
    <UnitTest name="OpenTECHub.Tests.RecipeAutonomousBlockConfigurationTests.Explicit_budgets_and_integer_replicates_are_required" storage="d:\onedrive\posdoc_fapesp\_automacao_e_controle\projetotecnal\windows_app\tests\opentechub.tests\bin\debug\net10.0-windows10.0.19041.0\opentechub.tests.dll" id="ec76f644-8cde-df39-6772-8cb556ce86fd">
      <Execution id="427ea9e9-61e7-459e-a3d8-ee7cb93435f0" />
      <TestMethod codeBase="D:\OneDrive\PosDoc_Fapesp\_Automacao_e_Controle\ProjetoTECNAL\Windows_app\tests\OpenTECHub.Tests\bin\Debug\net10.0-windows10.0.19041.0\OpenTECHub.Tests.dll" adapterTypeName="executor://xunit/VsTestRunner2/netcoreapp" className="OpenTECHub.Tests.RecipeAutonomousBlockConfigurationTests" name="Explicit_budgets_and_integer_replicates_are_required" />
    </UnitTest>
    <UnitTest name="OpenTECHub.Tests.RecipeDomainTests.Agitation_range_matches_the_15_to_1000_rpm_wire_contract(rpm: 1000, accepted: True)" storage="d:\onedrive\posdoc_fapesp\_automacao_e_controle\projetotecnal\windows_app\tests\opentechub.tests\bin\debug\net10.0-windows10.0.19041.0\opentechub.tests.dll" id="f5b7d447-be35-6dac-9967-1e508e553f09">
      <Execution id="77722d55-0ed9-4a05-8da8-92de1a856f64" />
      <TestMethod codeBase="D:\OneDrive\PosDoc_Fapesp\_Automacao_e_Controle\ProjetoTECNAL\Windows_app\tests\OpenTECHub.Tests\bin\Debug\net10.0-windows10.0.19041.0\OpenTECHub.Tests.dll" adapterTypeName="executor://xunit/VsTestRunner2/netcoreapp" className="OpenTECHub.Tests.RecipeDomainTests" name="Agitation_range_matches_the_15_to_1000_rpm_wire_contract" />
    </UnitTest>
    <UnitTest name="OpenTECHub.Tests.RecipeDomainTests.Agitation_range_matches_the_15_to_1000_rpm_wire_contract(rpm: 15, accepted: True)" storage="d:\onedrive\posdoc_fapesp\_automacao_e_controle\projetotecnal\windows_app\tests\opentechub.tests\bin\debug\net10.0-windows10.0.19041.0\opentechub.tests.dll" id="5e984958-2c9e-50f0-bfe8-39bc0d3f4273">
      <Execution id="ea8d2745-516b-47a3-83d1-977b9dff564a" />
      <TestMethod codeBase="D:\OneDrive\PosDoc_Fapesp\_Automacao_e_Controle\ProjetoTECNAL\Windows_app\tests\OpenTECHub.Tests\bin\Debug\net10.0-windows10.0.19041.0\OpenTECHub.Tests.dll" adapterTypeName="executor://xunit/VsTestRunner2/netcoreapp" className="OpenTECHub.Tests.RecipeDomainTests" name="Agitation_range_matches_the_15_to_1000_rpm_wire_contract" />
    </UnitTest>
    <UnitTest name="OpenTECHub.Tests.RecipeAutonomousBlockConfigurationTests.Periodic_cascade_binding_requires_an_existing_reachable_cascade(binding: &quot;&quot;, reachable: False)" storage="d:\onedrive\posdoc_fapesp\_automacao_e_controle\projetotecnal\windows_app\tests\opentechub.tests\bin\debug\net10.0-windows10.0.19041.0\opentechub.tests.dll" id="ae9859ef-0723-20db-8de6-af6509105ca5">
      <Execution id="c62d9a85-28a3-4b54-bee6-6be5ea0d8ac7" />
      <TestMethod codeBase="D:\OneDrive\PosDoc_Fapesp\_Automacao_e_Controle\ProjetoTECNAL\Windows_app\tests\OpenTECHub.Tests\bin\Debug\net10.0-windows10.0.19041.0\OpenTECHub.Tests.dll" adapterTypeName="executor://xunit/VsTestRunner2/netcoreapp" className="OpenTECHub.Tests.RecipeAutonomousBlockConfigurationTests" name="Periodic_cascade_binding_requires_an_existing_reachable_cascade" />
    </UnitTest>
    <UnitTest name="OpenTECHub.Tests.RecipeAutonomousBlockConfigurationTests.Protocol_and_conditions_survive_roundtrip_with_contextual_fields(protocol: Biotic, mode: SingleAtCurrentCondition)" storage="d:\onedrive\posdoc_fapesp\_automacao_e_controle\projetotecnal\windows_app\tests\opentechub.tests\bin\debug\net10.0-windows10.0.19041.0\opentechub.tests.dll" id="55926035-8ef8-a598-16ad-d100acdba542">
      <Execution id="e8dd3bcd-4859-458b-b642-f3d169db7c4c" />
      <TestMethod codeBase="D:\OneDrive\PosDoc_Fapesp\_Automacao_e_Controle\ProjetoTECNAL\Windows_app\tests\OpenTECHub.Tests\bin\Debug\net10.0-windows10.0.19041.0\OpenTECHub.Tests.dll" adapterTypeName="executor://xunit/VsTestRunner2/netcoreapp" className="OpenTECHub.Tests.RecipeAutonomousBlockConfigurationTests" name="Protocol_and_conditions_survive_roundtrip_with_contextual_fields" />
    </UnitTest>
    <UnitTest name="OpenTECHub.Tests.RecipeDomainTests.Pump_intensity_over_one_hundred_percent_and_time_over_an_hour_are_rejected" storage="d:\onedrive\posdoc_fapesp\_automacao_e_controle\projetotecnal\windows_app\tests\opentechub.tests\bin\debug\net10.0-windows10.0.19041.0\opentechub.tests.dll" id="391a0843-1503-7553-f752-d5542324fd57">
      <Execution id="cbfc9e33-2504-403a-b1c6-7482d41225d7" />
      <TestMethod codeBase="D:\OneDrive\PosDoc_Fapesp\_Automacao_e_Controle\ProjetoTECNAL\Windows_app\tests\OpenTECHub.Tests\bin\Debug\net10.0-windows10.0.19041.0\OpenTECHub.Tests.dll" adapterTypeName="executor://xunit/VsTestRunner2/netcoreapp" className="OpenTECHub.Tests.RecipeDomainTests" name="Pump_intensity_over_one_hundred_percent_and_time_over_an_hour_are_rejected" />
    </UnitTest>
    <UnitTest name="OpenTECHub.Tests.RecipeDomainTests.Start_and_end_have_the_expected_single_ports" storage="d:\onedrive\posdoc_fapesp\_automacao_e_controle\projetotecnal\windows_app\tests\opentechub.tests\bin\debug\net10.0-windows10.0.19041.0\opentechub.tests.dll" id="12e0ac08-1298-5368-eec2-9b7d206c7eaf">
      <Execution id="8614b22d-c6bb-4178-8431-b79b37f8d05f" />
      <TestMethod codeBase="D:\OneDrive\PosDoc_Fapesp\_Automacao_e_Controle\ProjetoTECNAL\Windows_app\tests\OpenTECHub.Tests\bin\Debug\net10.0-windows10.0.19041.0\OpenTECHub.Tests.dll" adapterTypeName="executor://xunit/VsTestRunner2/netcoreapp" className="OpenTECHub.Tests.RecipeDomainTests" name="Start_and_end_have_the_expected_single_ports" />
    </UnitTest>
    <UnitTest name="OpenTECHub.Tests.RecipeAutonomousBlockConfigurationTests.Protocol_and_conditions_survive_roundtrip_with_contextual_fields(protocol: Biotic, mode: SingleExplicit)" storage="d:\onedrive\posdoc_fapesp\_automacao_e_controle\projetotecnal\windows_app\tests\opentechub.tests\bin\debug\net10.0-windows10.0.19041.0\opentechub.tests.dll" id="9cb12d69-eda5-e694-d62c-8dab6e560e23">
      <Execution id="3a2daa69-19d2-4888-b58b-bde6252aeb08" />
      <TestMethod codeBase="D:\OneDrive\PosDoc_Fapesp\_Automacao_e_Controle\ProjetoTECNAL\Windows_app\tests\OpenTECHub.Tests\bin\Debug\net10.0-windows10.0.19041.0\OpenTECHub.Tests.dll" adapterTypeName="executor://xunit/VsTestRunner2/netcoreapp" className="OpenTECHub.Tests.RecipeAutonomousBlockConfigurationTests" name="Protocol_and_conditions_survive_roundtrip_with_contextual_fields" />
    </UnitTest>
    <UnitTest name="OpenTECHub.Tests.RecipeDomainTests.An_unreachable_block_is_a_warning_not_an_error" storage="d:\onedrive\posdoc_fapesp\_automacao_e_controle\projetotecnal\windows_app\tests\opentechub.tests\bin\debug\net10.0-windows10.0.19041.0\opentechub.tests.dll" id="86881575-5361-9bf6-c515-643942858ce7">
      <Execution id="b4d3021f-612f-4eb6-9339-3f6a540ecae1" />
      <TestMethod codeBase="D:\OneDrive\PosDoc_Fapesp\_Automacao_e_Controle\ProjetoTECNAL\Windows_app\tests\OpenTECHub.Tests\bin\Debug\net10.0-windows10.0.19041.0\OpenTECHub.Tests.dll" adapterTypeName="executor://xunit/VsTestRunner2/netcoreapp" className="OpenTECHub.Tests.RecipeDomainTests" name="An_unreachable_block_is_a_warning_not_an_error" />
    </UnitTest>
    <UnitTest name="OpenTECHub.Tests.RecipeDomainTests.Monitor_rejects_a_non_positive_polling_interval" storage="d:\onedrive\posdoc_fapesp\_automacao_e_controle\projetotecnal\windows_app\tests\opentechub.tests\bin\debug\net10.0-windows10.0.19041.0\opentechub.tests.dll" id="41c3a630-a492-5169-151c-72d8ff45c8c5">
      <Execution id="594fed13-44d7-4359-8a92-7b213065888a" />
      <TestMethod codeBase="D:\OneDrive\PosDoc_Fapesp\_Automacao_e_Controle\ProjetoTECNAL\Windows_app\tests\OpenTECHub.Tests\bin\Debug\net10.0-windows10.0.19041.0\OpenTECHub.Tests.dll" adapterTypeName="executor://xunit/VsTestRunner2/netcoreapp" className="OpenTECHub.Tests.RecipeDomainTests" name="Monitor_rejects_a_non_positive_polling_interval" />
    </UnitTest>
    <UnitTest name="OpenTECHub.Tests.RecipeAutonomousBlockConfigurationTests.Periodic_cascade_binding_requires_an_existing_reachable_cascade(binding: &quot;cascade&quot;, reachable: False)" storage="d:\onedrive\posdoc_fapesp\_automacao_e_controle\projetotecnal\windows_app\tests\opentechub.tests\bin\debug\net10.0-windows10.0.19041.0\opentechub.tests.dll" id="b84da4cc-d15b-4a88-a479-b4e321e4c318">
      <Execution id="782ae0da-1bc1-4875-a6ce-096ad2e54e9f" />
      <TestMethod codeBase="D:\OneDrive\PosDoc_Fapesp\_Automacao_e_Controle\ProjetoTECNAL\Windows_app\tests\OpenTECHub.Tests\bin\Debug\net10.0-windows10.0.19041.0\OpenTECHub.Tests.dll" adapterTypeName="executor://xunit/VsTestRunner2/netcoreapp" className="OpenTECHub.Tests.RecipeAutonomousBlockConfigurationTests" name="Periodic_cascade_binding_requires_an_existing_reachable_cascade" />
    </UnitTest>
    <UnitTest name="OpenTECHub.Tests.RecipeAutonomousBlockConfigurationTests.Unknown_or_numeric_options_are_refused(key: &quot;conditionsMode&quot;)" storage="d:\onedrive\posdoc_fapesp\_automacao_e_controle\projetotecnal\windows_app\tests\opentechub.tests\bin\debug\net10.0-windows10.0.19041.0\opentechub.tests.dll" id="426260cc-bfd4-9c13-2ea0-c1dfcef4d5de">
      <Execution id="62f3c2e5-d50b-468e-a4f6-1112bc6aa6a7" />
      <TestMethod codeBase="D:\OneDrive\PosDoc_Fapesp\_Automacao_e_Controle\ProjetoTECNAL\Windows_app\tests\OpenTECHub.Tests\bin\Debug\net10.0-windows10.0.19041.0\OpenTECHub.Tests.dll" adapterTypeName="executor://xunit/VsTestRunner2/netcoreapp" className="OpenTECHub.Tests.RecipeAutonomousBlockConfigurationTests" name="Unknown_or_numeric_options_are_refused" />
    </UnitTest>
    <UnitTest name="OpenTECHub.Tests.RecipeDomainTests.Cascade_pid_interval_out_of_range_is_rejected" storage="d:\onedrive\posdoc_fapesp\_automacao_e_controle\projetotecnal\windows_app\tests\opentechub.tests\bin\debug\net10.0-windows10.0.19041.0\opentechub.tests.dll" id="30fec44e-0dc9-2829-ac5a-c92e513979dd">
      <Execution id="0dc98547-186e-4676-94b7-3a7cd7cc0ac3" />
      <TestMethod codeBase="D:\OneDrive\PosDoc_Fapesp\_Automacao_e_Controle\ProjetoTECNAL\Windows_app\tests\OpenTECHub.Tests\bin\Debug\net10.0-windows10.0.19041.0\OpenTECHub.Tests.dll" adapterTypeName="executor://xunit/VsTestRunner2/netcoreapp" className="OpenTECHub.Tests.RecipeDomainTests" name="Cascade_pid_interval_out_of_range_is_rejected" />
    </UnitTest>
    <UnitTest name="OpenTECHub.Tests.RecipeDomainTests.Only_monitor_timer_and_manual_can_be_the_cascade_exit_condition" storage="d:\onedrive\posdoc_fapesp\_automacao_e_controle\projetotecnal\windows_app\tests\opentechub.tests\bin\debug\net10.0-windows10.0.19041.0\opentechub.tests.dll" id="fc115afe-2378-9496-58a6-6d811193fc22">
      <Execution id="a2c80747-2762-40fd-9594-bfb625dba59c" />
      <TestMethod codeBase="D:\OneDrive\PosDoc_Fapesp\_Automacao_e_Controle\ProjetoTECNAL\Windows_app\tests\OpenTECHub.Tests\bin\Debug\net10.0-windows10.0.19041.0\OpenTECHub.Tests.dll" adapterTypeName="executor://xunit/VsTestRunner2/netcoreapp" className="OpenTECHub.Tests.RecipeDomainTests" name="Only_monitor_timer_and_manual_can_be_the_cascade_exit_condition" />
    </UnitTest>
    <UnitTest name="OpenTECHub.Tests.RecipeAutonomousBlockConfigurationTests.Periodic_cascade_binding_requires_an_existing_reachable_cascade(binding: &quot;missing&quot;, reachable: False)" storage="d:\onedrive\posdoc_fapesp\_automacao_e_controle\projetotecnal\windows_app\tests\opentechub.tests\bin\debug\net10.0-windows10.0.19041.0\opentechub.tests.dll" id="653a8ede-f8cd-e573-659f-0808417a888e">
      <Execution id="70cddde7-41a5-4d0b-b280-eddfb71e3d4f" />
      <TestMethod codeBase="D:\OneDrive\PosDoc_Fapesp\_Automacao_e_Controle\ProjetoTECNAL\Windows_app\tests\OpenTECHub.Tests\bin\Debug\net10.0-windows10.0.19041.0\OpenTECHub.Tests.dll" adapterTypeName="executor://xunit/VsTestRunner2/netcoreapp" className="OpenTECHub.Tests.RecipeAutonomousBlockConfigurationTests" name="Periodic_cascade_binding_requires_an_existing_reachable_cascade" />
    </UnitTest>
  </TestDefinitions>
  <TestEntries>
    <TestEntry testId="516faaa4-0081-ae78-8585-112db7e108db" executionId="a3eda6d9-8c47-477a-8d9d-31076798b8ff" testListId="8c84fa94-04c1-424b-9868-57a2d4851a1d" />
    <TestEntry testId="33eaa857-6342-e629-ecc8-84d1a60ec578" executionId="dd0a3293-3175-4429-8976-de8ef94a6439" testListId="8c84fa94-04c1-424b-9868-57a2d4851a1d" />
    <TestEntry testId="41c3a630-a492-5169-151c-72d8ff45c8c5" executionId="594fed13-44d7-4359-8a92-7b213065888a" testListId="8c84fa94-04c1-424b-9868-57a2d4851a1d" />
    <TestEntry testId="dd2dccf9-92e8-1d90-086a-b4c64db76cc6" executionId="8ebb04a8-ded5-49c1-84b3-4989e44aa936" testListId="8c84fa94-04c1-424b-9868-57a2d4851a1d" />
    <TestEntry testId="4e018d61-0d7f-5574-c4e1-b06fa5dbaf98" executionId="4afa1b50-fbbc-4670-bac6-f392630f2738" testListId="8c84fa94-04c1-424b-9868-57a2d4851a1d" />
    <TestEntry testId="30fec44e-0dc9-2829-ac5a-c92e513979dd" executionId="0dc98547-186e-4676-94b7-3a7cd7cc0ac3" testListId="8c84fa94-04c1-424b-9868-57a2d4851a1d" />
    <TestEntry testId="9cb12d69-eda5-e694-d62c-8dab6e560e23" executionId="3a2daa69-19d2-4888-b58b-bde6252aeb08" testListId="8c84fa94-04c1-424b-9868-57a2d4851a1d" />
    <TestEntry testId="5ffd8e2c-43b0-afbc-5ef5-130e367249f7" executionId="ae293c5f-1f31-461a-89a1-58515b25de9c" testListId="8c84fa94-04c1-424b-9868-57a2d4851a1d" />
    <TestEntry testId="391a0843-1503-7553-f752-d5542324fd57" executionId="cbfc9e33-2504-403a-b1c6-7482d41225d7" testListId="8c84fa94-04c1-424b-9868-57a2d4851a1d" />
    <TestEntry testId="ec76f644-8cde-df39-6772-8cb556ce86fd" executionId="427ea9e9-61e7-459e-a3d8-ee7cb93435f0" testListId="8c84fa94-04c1-424b-9868-57a2d4851a1d" />
    <TestEntry testId="997fd563-c516-267d-d9e4-a3ad1dcdcc12" executionId="71abdc10-0a94-4ea4-92d4-e0ff5a57319b" testListId="8c84fa94-04c1-424b-9868-57a2d4851a1d" />
    <TestEntry testId="ae9859ef-0723-20db-8de6-af6509105ca5" executionId="c62d9a85-28a3-4b54-bee6-6be5ea0d8ac7" testListId="8c84fa94-04c1-424b-9868-57a2d4851a1d" />
    <TestEntry testId="9cb4b977-1505-f8ea-5d63-b1bf99418d77" executionId="790ed601-cd16-44c5-9f85-ef19214124a7" testListId="8c84fa94-04c1-424b-9868-57a2d4851a1d" />
    <TestEntry testId="46c4de33-71fc-592e-a391-3c4f31d6618e" executionId="f9c7c9e3-2704-402d-ad1b-942caec4759d" testListId="8c84fa94-04c1-424b-9868-57a2d4851a1d" />
    <TestEntry testId="f85def7c-977f-b2a1-aa23-d262ef56094a" executionId="b73159e9-0dd6-46fd-b732-008881b41e6a" testListId="8c84fa94-04c1-424b-9868-57a2d4851a1d" />
    <TestEntry testId="6438ce00-0e2f-99a0-ed30-a631f302cc12" executionId="8f156972-cd99-4178-80b0-7f429d32cdbe" testListId="8c84fa94-04c1-424b-9868-57a2d4851a1d" />
    <TestEntry testId="86881575-5361-9bf6-c515-643942858ce7" executionId="b4d3021f-612f-4eb6-9339-3f6a540ecae1" testListId="8c84fa94-04c1-424b-9868-57a2d4851a1d" />
    <TestEntry testId="0a35bfd0-f633-e982-c8fc-37931d8fbc61" executionId="519c073e-be8f-46fe-9301-536384b51d42" testListId="8c84fa94-04c1-424b-9868-57a2d4851a1d" />
    <TestEntry testId="480d92f3-4551-a249-1cf3-ed254ae61953" executionId="1e0a71ff-e08b-4dd3-ad64-b9a82261a44f" testListId="8c84fa94-04c1-424b-9868-57a2d4851a1d" />
    <TestEntry testId="f63b1c3e-4247-374d-91cf-7267aad702f8" executionId="6b12d12b-3916-4f43-aa23-8992e116ca8c" testListId="8c84fa94-04c1-424b-9868-57a2d4851a1d" />
    <TestEntry testId="f69ab9e0-2705-d476-504c-cf58c85d20db" executionId="fc49859b-69a4-46f5-b713-ef76c7a211f8" testListId="8c84fa94-04c1-424b-9868-57a2d4851a1d" />
    <TestEntry testId="426260cc-bfd4-9c13-2ea0-c1dfcef4d5de" executionId="62f3c2e5-d50b-468e-a4f6-1112bc6aa6a7" testListId="8c84fa94-04c1-424b-9868-57a2d4851a1d" />
    <TestEntry testId="b84da4cc-d15b-4a88-a479-b4e321e4c318" executionId="782ae0da-1bc1-4875-a6ce-096ad2e54e9f" testListId="8c84fa94-04c1-424b-9868-57a2d4851a1d" />
    <TestEntry testId="40d037df-1a85-d3c2-47c8-29ba83790579" executionId="1a2f0e9e-93f0-41f8-a9fe-53390d93350a" testListId="8c84fa94-04c1-424b-9868-57a2d4851a1d" />
    <TestEntry testId="1e5b4b49-b9a9-e70d-7f37-1ef6019762a0" executionId="c57f6cb5-cdfd-4a2f-95a2-7912574b1a9b" testListId="8c84fa94-04c1-424b-9868-57a2d4851a1d" />
    <TestEntry testId="df771a5f-cdbb-45f5-085a-46f52cc619f7" executionId="baf160ff-9701-446b-9f2f-fa15060da411" testListId="8c84fa94-04c1-424b-9868-57a2d4851a1d" />
    <TestEntry testId="55926035-8ef8-a598-16ad-d100acdba542" executionId="e8dd3bcd-4859-458b-b642-f3d169db7c4c" testListId="8c84fa94-04c1-424b-9868-57a2d4851a1d" />
    <TestEntry testId="5e984958-2c9e-50f0-bfe8-39bc0d3f4273" executionId="ea8d2745-516b-47a3-83d1-977b9dff564a" testListId="8c84fa94-04c1-424b-9868-57a2d4851a1d" />
    <TestEntry testId="42b5afcc-732f-0f9f-e90c-3ce04503c021" executionId="acf362aa-bd08-4e9e-9472-a9aa0be443f6" testListId="8c84fa94-04c1-424b-9868-57a2d4851a1d" />
    <TestEntry testId="f5b7d447-be35-6dac-9967-1e508e553f09" executionId="77722d55-0ed9-4a05-8da8-92de1a856f64" testListId="8c84fa94-04c1-424b-9868-57a2d4851a1d" />
    <TestEntry testId="a1bcdc59-3b14-f80f-64af-7e202d75a568" executionId="c35703c0-93ff-4a9f-b4c0-ccbb93236500" testListId="8c84fa94-04c1-424b-9868-57a2d4851a1d" />
    <TestEntry testId="c3f25245-6aa4-0296-05fa-fdadc8d0e233" executionId="b6cf3d10-f946-4a57-8d0b-26751218338f" testListId="8c84fa94-04c1-424b-9868-57a2d4851a1d" />
    <TestEntry testId="9e1f2dd5-d230-580e-b545-e8472e423149" executionId="4975f4fa-a307-4d47-9a13-161a19964a4e" testListId="8c84fa94-04c1-424b-9868-57a2d4851a1d" />
    <TestEntry testId="88499a22-e2ec-3eed-2bc7-cab7c54af5fe" executionId="8e40f353-d89f-444d-ae1a-1afb3e0d70bc" testListId="8c84fa94-04c1-424b-9868-57a2d4851a1d" />
    <TestEntry testId="462d0717-458b-155b-184b-992336a964c8" executionId="e701e336-7d6d-4109-8b21-c1018cd77654" testListId="8c84fa94-04c1-424b-9868-57a2d4851a1d" />
    <TestEntry testId="58c8d315-5e88-f839-a1f0-54e774280ab8" executionId="0a8a375d-b60a-413d-97db-73fbe7bfddff" testListId="8c84fa94-04c1-424b-9868-57a2d4851a1d" />
    <TestEntry testId="412eed74-6246-96c2-6b03-be7f3b3b28e1" executionId="99a11f39-5baa-4b48-adf3-2b973fb78e11" testListId="8c84fa94-04c1-424b-9868-57a2d4851a1d" />
    <TestEntry testId="76595b6a-b1b2-9a29-bb62-2a80c895e8af" executionId="e3ccf7cd-4d9e-4c93-8fc0-5da8c4aeb27a" testListId="8c84fa94-04c1-424b-9868-57a2d4851a1d" />
    <TestEntry testId="001ee7c8-43b6-096e-4dd1-1cbace9b65d7" executionId="41670ab7-67f5-4c9a-b382-ad2ff89c3eb0" testListId="8c84fa94-04c1-424b-9868-57a2d4851a1d" />
    <TestEntry testId="62cbecbd-b097-2044-f4f1-8d1faed099c4" executionId="246f3c80-d017-4c5c-a976-49a9862c3412" testListId="8c84fa94-04c1-424b-9868-57a2d4851a1d" />
    <TestEntry testId="12e0ac08-1298-5368-eec2-9b7d206c7eaf" executionId="8614b22d-c6bb-4178-8431-b79b37f8d05f" testListId="8c84fa94-04c1-424b-9868-57a2d4851a1d" />
    <TestEntry testId="653a8ede-f8cd-e573-659f-0808417a888e" executionId="70cddde7-41a5-4d0b-b280-eddfb71e3d4f" testListId="8c84fa94-04c1-424b-9868-57a2d4851a1d" />
    <TestEntry testId="673a8b0c-8a02-5212-50b8-8deda2140795" executionId="0ad34c16-887e-4f19-b4a2-9458e42b788d" testListId="8c84fa94-04c1-424b-9868-57a2d4851a1d" />
    <TestEntry testId="602f3b7d-02b2-587e-e854-d73e35a5d572" executionId="dff33358-5a43-4721-9160-0f6ef07ab332" testListId="8c84fa94-04c1-424b-9868-57a2d4851a1d" />
    <TestEntry testId="494c9b65-b000-d827-0b66-d9ee44d3775f" executionId="f6a07ef3-192f-4a77-9ff8-bc7efc85488c" testListId="8c84fa94-04c1-424b-9868-57a2d4851a1d" />
    <TestEntry testId="30be269b-92ef-e0fb-b129-535e8fe2b4b1" executionId="899fc67e-1b79-4dcb-8c87-0abda5bd67ef" testListId="8c84fa94-04c1-424b-9868-57a2d4851a1d" />
    <TestEntry testId="7e2255b3-78a0-9395-17da-1f92513f2c8e" executionId="f0ef2e56-c3fd-4d79-b9c3-52df51ac58d9" testListId="8c84fa94-04c1-424b-9868-57a2d4851a1d" />
    <TestEntry testId="9587e720-9587-12fa-a090-014a07d54b7a" executionId="d31193c0-497a-4e3b-a5da-eaa836c34f48" testListId="8c84fa94-04c1-424b-9868-57a2d4851a1d" />
    <TestEntry testId="0dd845af-22dc-86b6-75cf-6fb297b85ff2" executionId="d9cc75c2-3e39-465b-8ee4-4b86f838321f" testListId="8c84fa94-04c1-424b-9868-57a2d4851a1d" />
    <TestEntry testId="af3fe331-8f6e-0f04-e705-0ea448087beb" executionId="52c446dc-cb78-441a-8bc4-1582151e5b7b" testListId="8c84fa94-04c1-424b-9868-57a2d4851a1d" />
    <TestEntry testId="2c5ed762-4d65-7f36-fb47-5ae26179ea5b" executionId="3f2f37a5-3565-432a-a4b9-f7f62735aade" testListId="8c84fa94-04c1-424b-9868-57a2d4851a1d" />
    <TestEntry testId="51b43fa3-ab9a-85d4-eb38-e65452e90e42" executionId="8f75d8e1-2d38-4da3-b242-86628821ba44" testListId="8c84fa94-04c1-424b-9868-57a2d4851a1d" />
    <TestEntry testId="3915c362-6b9c-0389-9a8e-f6669c2c2708" executionId="10619d88-75a0-4e3e-9845-823b3ffd2310" testListId="8c84fa94-04c1-424b-9868-57a2d4851a1d" />
    <TestEntry testId="72e60fda-c9e8-4d1a-e5a7-00b0d09fcfd2" executionId="32247b9b-78e5-4440-bed7-1593fe8e1cc1" testListId="8c84fa94-04c1-424b-9868-57a2d4851a1d" />
    <TestEntry testId="fd5f860e-c7fd-2762-5734-a49727e15bf4" executionId="f1502649-4899-4f5f-838c-67e6c0a164c5" testListId="8c84fa94-04c1-424b-9868-57a2d4851a1d" />
    <TestEntry testId="fc115afe-2378-9496-58a6-6d811193fc22" executionId="a2c80747-2762-40fd-9594-bfb625dba59c" testListId="8c84fa94-04c1-424b-9868-57a2d4851a1d" />
    <TestEntry testId="8fad48df-56cf-5484-3026-1cc497e16a59" executionId="22047755-8105-4927-a092-ab9757f06ffb" testListId="8c84fa94-04c1-424b-9868-57a2d4851a1d" />
    <TestEntry testId="2e04c714-1f51-5139-a8c6-10053ecfc840" executionId="e13feea2-937c-464f-afb4-acaae8a5a09a" testListId="8c84fa94-04c1-424b-9868-57a2d4851a1d" />
    <TestEntry testId="58f71caa-870e-4497-09af-be8f47f37417" executionId="2bac05d1-cf92-4da6-b68f-90429994c44b" testListId="8c84fa94-04c1-424b-9868-57a2d4851a1d" />
    <TestEntry testId="dd9e3d98-26fc-2286-e5ad-53c6769e1b37" executionId="c76d0cc4-8d57-4dd9-bd14-e453c4c90e13" testListId="8c84fa94-04c1-424b-9868-57a2d4851a1d" />
    <TestEntry testId="f699f065-a1cc-0359-a3e1-4a354db2ef7b" executionId="1971ae53-3e42-4195-8da8-85245dfbc56e" testListId="8c84fa94-04c1-424b-9868-57a2d4851a1d" />
  </TestEntries>
  <TestLists>
    <TestList name="Resultados que não estão em uma lista" id="8c84fa94-04c1-424b-9868-57a2d4851a1d" />
    <TestList name="Todos os resultados carregados" id="19431567-8539-422a-85d7-44ee4e166bda" />
  </TestLists>
  <ResultSummary outcome="Completed">
    <Counters total="61" executed="61" passed="61" failed="0" error="0" timeout="0" aborted="0" inconclusive="0" passedButRunAborted="0" notRunnable="0" notExecuted="0" disconnected="0" warning="0" completed="0" inProgress="0" pending="0" />
    <Output>
      <StdOut>[xUnit.net 00:00:00.00] xUnit.net VSTest Adapter v2.8.2+699d445a1a (64-bit .NET 10.0.12)&#xD;
[xUnit.net 00:00:00.24]   Discovering: OpenTECHub.Tests&#xD;
[xUnit.net 00:00:00.48]   Discovered:  OpenTECHub.Tests&#xD;
[xUnit.net 00:00:00.50]   Starting:    OpenTECHub.Tests&#xD;
[xUnit.net 00:00:02.89]   Finished:    OpenTECHub.Tests&#xD;
</StdOut>
    </Output>
  </ResultSummary>
</TestRun>