<?xml version="1.0" encoding="utf-8"?>
<TestRun id="7fc8a03a-56d0-462d-af28-d2b8dc92fc2c" name="vitor@NOTEBOOK-ACER-A 2026-10-07 01:02:20" runUser="NOTEBOOK-ACER-A\vitor" xmlns="http://microsoft.com/schemas/VisualStudio/TeamTest/2010">
  <Times creation="2026-10-07T01:02:20.8292417-03:00" queuing="2026-10-07T01:02:20.8292423-03:00" start="2026-10-07T01:02:17.3295912-03:00" finish="2026-10-07T01:02:30.9179010-03:00" />
  <TestSettings name="default" id="98c3c51f-eb4f-45db-9be2-e1e345bf980f">
    <Deployment runDeploymentRoot="vitor_NOTEBOOK-ACER-A_2026-10-07_01_02_20" />
  </TestSettings>
  <Results>
    <UnitTestResult executionId="2524341c-b1bd-4e9c-913f-0ba890eb605a" testId="c5309cae-4592-d34a-fb97-be2ff722dbdd" testName="OpenTECHub.Tests.KlaTestRunnerTests.E2_CancelAtEachBioticStageRequestsAirInsteadOfClosingFlow(stage: 1)" computerName="NOTEBOOK-ACER-A" duration="00:00:00.1635263" startTime="2026-10-07T01:02:27.3935562-03:00" endTime="2026-10-07T01:02:27.3935566-03:00" testType="13cdc9d9-ddb5-4fa4-a97d-d965ccfc6d4b" outcome="Passed" testListId="8c84fa94-04c1-424b-9868-57a2d4851a1d" relativeResultsDirectory="2524341c-b1bd-4e9c-913f-0ba890eb605a" />
    <UnitTestResult executionId="f7499a4a-a6af-4c12-90fe-6584f472f865" testId="01d209e2-1bb6-3bb3-901f-fe0d862db0d4" testName="OpenTECHub.Tests.RecipeEngineTests.Enabling_the_aeration_loop_writes_the_hub_flag_and_holds_until_it_is_echoed" computerName="NOTEBOOK-ACER-A" duration="00:00:00.0467434" startTime="2026-10-07T01:02:20.9149368-03:00" endTime="2026-10-07T01:02:20.9149373-03:00" testType="13cdc9d9-ddb5-4fa4-a97d-d965ccfc6d4b" outcome="Passed" testListId="8c84fa94-04c1-424b-9868-57a2d4851a1d" relativeResultsDirectory="f7499a4a-a6af-4c12-90fe-6584f472f865" />
    <UnitTestResult executionId="31be854b-5cb9-4b92-b005-f1b35b7df56a" testId="63e5c7e3-571f-efb5-085a-f2673ac55213" testName="OpenTECHub.Tests.KlaTestRunnerTests.Full_run_strips_with_N2_prestages_air_on_C_and_switches_to_A_in_one_frame" computerName="NOTEBOOK-ACER-A" duration="00:00:00.3859277" startTime="2026-10-07T01:02:30.5810733-03:00" endTime="2026-10-07T01:02:30.5810739-03:00" testType="13cdc9d9-ddb5-4fa4-a97d-d965ccfc6d4b" outcome="Passed" testListId="8c84fa94-04c1-424b-9868-57a2d4851a1d" relativeResultsDirectory="31be854b-5cb9-4b92-b005-f1b35b7df56a" />
    <UnitTestResult executionId="5c131369-2fb5-4671-ad75-be9cbbb84e30" testId="2aa8148c-2d82-8152-ad97-c792021ad36d" testName="OpenTECHub.Tests.RecipeEngineTests.A_silent_flowmeter_is_reported_as_a_wait_and_the_operator_can_skip_the_block" computerName="NOTEBOOK-ACER-A" duration="00:00:00.0474252" startTime="2026-10-07T01:02:22.9075862-03:00" endTime="2026-10-07T01:02:22.9075865-03:00" testType="13cdc9d9-ddb5-4fa4-a97d-d965ccfc6d4b" outcome="Passed" testListId="8c84fa94-04c1-424b-9868-57a2d4851a1d" relativeResultsDirectory="5c131369-2fb5-4671-ad75-be9cbbb84e30" />
    <UnitTestResult executionId="62e54957-3234-43a6-a90c-e9edb907dd8e" testId="574bc819-7492-d289-6be0-0eea090f1ac9" testName="OpenTECHub.Tests.KlaTestRunnerTests.Sequence_follows_the_configured_wiring" computerName="NOTEBOOK-ACER-A" duration="00:00:00.0957839" startTime="2026-10-07T01:02:30.1957855-03:00" endTime="2026-10-07T01:02:30.1957858-03:00" testType="13cdc9d9-ddb5-4fa4-a97d-d965ccfc6d4b" outcome="Passed" testListId="8c84fa94-04c1-424b-9868-57a2d4851a1d" relativeResultsDirectory="62e54957-3234-43a6-a90c-e9edb907dd8e" />
    <UnitTestResult executionId="7e63bb20-7d23-4adc-8d7b-061a8afe8936" testId="5f48830d-63dd-b34c-68d2-48f53909bb9a" testName="OpenTECHub.Tests.KlaTestRunnerTests.E5_Queue_limits_block_the_real_runner_before_any_command(reason: &quot;attempt&quot;)" computerName="NOTEBOOK-ACER-A" duration="00:00:00.0682614" startTime="2026-10-07T01:02:28.2465382-03:00" endTime="2026-10-07T01:02:28.2465386-03:00" testType="13cdc9d9-ddb5-4fa4-a97d-d965ccfc6d4b" outcome="Passed" testListId="8c84fa94-04c1-424b-9868-57a2d4851a1d" relativeResultsDirectory="7e63bb20-7d23-4adc-8d7b-061a8afe8936" />
    <UnitTestResult executionId="58d70437-2ef5-438c-9bfc-4c92cac2d823" testId="58f2fdf1-fce7-9f2b-f13e-cb0bdd1af6ce" testName="OpenTECHub.Tests.KlaTestRunnerTests.SingleSession_UsesExistingRunPipelineAndPersistsFrozenDefinition" computerName="NOTEBOOK-ACER-A" duration="00:00:00.3967318" startTime="2026-10-07T01:02:26.9062842-03:00" endTime="2026-10-07T01:02:26.9062847-03:00" testType="13cdc9d9-ddb5-4fa4-a97d-d965ccfc6d4b" outcome="Passed" testListId="8c84fa94-04c1-424b-9868-57a2d4851a1d" relativeResultsDirectory="58d70437-2ef5-438c-9bfc-4c92cac2d823" />
    <UnitTestResult executionId="882dc547-3124-42c8-85b8-f75672d6ea17" testId="9b79364a-05b9-9c2c-007c-560407a9c161" testName="OpenTECHub.Tests.KlaTestRunnerTests.E2_MissingRestorationEchoFailsExplicitlyAndBlocksNextRun" computerName="NOTEBOOK-ACER-A" duration="00:00:00.1200825" startTime="2026-10-07T01:02:29.3738286-03:00" endTime="2026-10-07T01:02:29.3738291-03:00" testType="13cdc9d9-ddb5-4fa4-a97d-d965ccfc6d4b" outcome="Passed" testListId="8c84fa94-04c1-424b-9868-57a2d4851a1d" relativeResultsDirectory="882dc547-3124-42c8-85b8-f75672d6ea17" />
    <UnitTestResult executionId="ba439790-2637-4dd5-9769-4b3b7a58e975" testId="f803b8d9-9407-c7e0-be9d-ef3cc40c2abb" testName="OpenTECHub.Tests.RecipeEngineTests.Cascade_gate_still_wins_when_a_self_loop_edge_is_drawn_first" computerName="NOTEBOOK-ACER-A" duration="00:00:00.0313907" startTime="2026-10-07T01:02:21.5868189-03:00" endTime="2026-10-07T01:02:21.5868192-03:00" testType="13cdc9d9-ddb5-4fa4-a97d-d965ccfc6d4b" outcome="Passed" testListId="8c84fa94-04c1-424b-9868-57a2d4851a1d" relativeResultsDirectory="ba439790-2637-4dd5-9769-4b3b7a58e975" />
    <UnitTestResult executionId="d3cee62c-a6a3-426e-b580-202ee4f47348" testId="558bced1-2e3e-431d-7d4d-2cd1d7dcc9d3" testName="OpenTECHub.Tests.RecipeEngineTests.Cascade_observes_the_latest_exit_frame_even_when_no_further_frame_arrives" computerName="NOTEBOOK-ACER-A" duration="00:00:00.0027591" startTime="2026-10-07T01:02:22.4649683-03:00" endTime="2026-10-07T01:02:22.4649687-03:00" testType="13cdc9d9-ddb5-4fa4-a97d-d965ccfc6d4b" outcome="Passed" testListId="8c84fa94-04c1-424b-9868-57a2d4851a1d" relativeResultsDirectory="d3cee62c-a6a3-426e-b580-202ee4f47348" />
    <UnitTestResult executionId="de65d481-e813-4ead-bda3-742038639211" testId="b7c3bc79-abbc-3dab-a455-a96a60bc434d" testName="OpenTECHub.Tests.KlaTestRunnerTests.E2_RestorationFailurePersistsAcrossReload" computerName="NOTEBOOK-ACER-A" duration="00:00:00.2112211" startTime="2026-10-07T01:02:29.1290306-03:00" endTime="2026-10-07T01:02:29.1290309-03:00" testType="13cdc9d9-ddb5-4fa4-a97d-d965ccfc6d4b" outcome="Passed" testListId="8c84fa94-04c1-424b-9868-57a2d4851a1d" relativeResultsDirectory="de65d481-e813-4ead-bda3-742038639211" />
    <UnitTestResult executionId="48eaa887-ac41-4481-a202-ffe80e567bc5" testId="9465c306-50b8-efac-21af-90ed54dd6057" testName="OpenTECHub.Tests.RecipeEngineTests.Cascade_block_dispatches_a_combined_frame_and_settles" computerName="NOTEBOOK-ACER-A" duration="00:00:00.1275805" startTime="2026-10-07T01:02:22.7648050-03:00" endTime="2026-10-07T01:02:22.7648054-03:00" testType="13cdc9d9-ddb5-4fa4-a97d-d965ccfc6d4b" outcome="Passed" testListId="8c84fa94-04c1-424b-9868-57a2d4851a1d" relativeResultsDirectory="48eaa887-ac41-4481-a202-ffe80e567bc5" />
    <UnitTestResult executionId="c028c7e9-e96f-4a47-b4b0-63ee67ca63cb" testId="94a1edcc-94e1-42a7-d758-ada1a46f4b27" testName="OpenTECHub.Tests.RecipeEngineTests.Cascade_exit_deadline_does_not_depend_on_another_telemetry_frame(timerExit: False)" computerName="NOTEBOOK-ACER-A" duration="00:00:00.2541228" startTime="2026-10-07T01:02:22.1755426-03:00" endTime="2026-10-07T01:02:22.1755448-03:00" testType="13cdc9d9-ddb5-4fa4-a97d-d965ccfc6d4b" outcome="Passed" testListId="8c84fa94-04c1-424b-9868-57a2d4851a1d" relativeResultsDirectory="c028c7e9-e96f-4a47-b4b0-63ee67ca63cb" />
    <UnitTestResult executionId="db816a35-b345-4d40-8247-fd0eab4ac53e" testId="c8b3c97b-92d2-64c9-ea45-3e4753700437" testName="OpenTECHub.Tests.KlaTestRunnerTests.StopRun_during_prestage_closes_the_flowmeter" computerName="NOTEBOOK-ACER-A" duration="00:00:00.1242186" startTime="2026-10-07T01:02:29.2535242-03:00" endTime="2026-10-07T01:02:29.2535247-03:00" testType="13cdc9d9-ddb5-4fa4-a97d-d965ccfc6d4b" outcome="Passed" testListId="8c84fa94-04c1-424b-9868-57a2d4851a1d" relativeResultsDirectory="db816a35-b345-4d40-8247-fd0eab4ac53e" />
    <UnitTestResult executionId="82b11e7d-c11a-4b06-b736-5cc4df504e2b" testId="2135e3bb-1ccc-6632-566b-460b29ecba7c" testName="OpenTECHub.Tests.KlaTestRunnerTests.E7_PhysicalBioticReleaseIsBlockedBeforeAnyActuatorCommand" computerName="NOTEBOOK-ACER-A" duration="00:00:00.0770554" startTime="2026-10-07T01:02:28.4786773-03:00" endTime="2026-10-07T01:02:28.4786776-03:00" testType="13cdc9d9-ddb5-4fa4-a97d-d965ccfc6d4b" outcome="Passed" testListId="8c84fa94-04c1-424b-9868-57a2d4851a1d" relativeResultsDirectory="82b11e7d-c11a-4b06-b736-5cc4df504e2b" />
    <UnitTestResult executionId="d6e8d3f0-3c4d-4bd3-a841-7afb2c906a08" testId="b3ca44eb-deb0-e317-66ee-4e6add7acdc1" testName="OpenTECHub.Tests.RecipeEngineTests.Cascade_monitor_condition_gives_up_at_its_timeout" computerName="NOTEBOOK-ACER-A" duration="00:00:00.0943334" startTime="2026-10-07T01:02:21.0101180-03:00" endTime="2026-10-07T01:02:21.0101186-03:00" testType="13cdc9d9-ddb5-4fa4-a97d-d965ccfc6d4b" outcome="Passed" testListId="8c84fa94-04c1-424b-9868-57a2d4851a1d" relativeResultsDirectory="d6e8d3f0-3c4d-4bd3-a841-7afb2c906a08" />
    <UnitTestResult executionId="bbacb3da-bab8-4206-a3ae-46400cd1d6a8" testId="d859aeb9-0770-bb85-49d9-44f9063d322d" testName="OpenTECHub.Tests.RecipeEngineTests.Cascade_monitor_condition_honours_the_consecutive_confirmations" computerName="NOTEBOOK-ACER-A" duration="00:00:00.1096739" startTime="2026-10-07T01:02:22.4615699-03:00" endTime="2026-10-07T01:02:22.4615705-03:00" testType="13cdc9d9-ddb5-4fa4-a97d-d965ccfc6d4b" outcome="Passed" testListId="8c84fa94-04c1-424b-9868-57a2d4851a1d" relativeResultsDirectory="bbacb3da-bab8-4206-a3ae-46400cd1d6a8" />
    <UnitTestResult executionId="b9b7dd30-d1fd-4d98-9692-055f76d3dfa0" testId="6b746ca6-fd74-3382-0f11-3bc8abfeb2ae" testName="OpenTECHub.Tests.RecipeEngineTests.Cascade_loop_exits_when_its_saida_loop_manual_gate_passes" computerName="NOTEBOOK-ACER-A" duration="00:00:00.0317492" startTime="2026-10-07T01:02:22.5265059-03:00" endTime="2026-10-07T01:02:22.5265062-03:00" testType="13cdc9d9-ddb5-4fa4-a97d-d965ccfc6d4b" outcome="Passed" testListId="8c84fa94-04c1-424b-9868-57a2d4851a1d" relativeResultsDirectory="b9b7dd30-d1fd-4d98-9692-055f76d3dfa0" />
    <UnitTestResult executionId="68553830-3a98-40c4-a6c8-5c830dfa6644" testId="a56e8b68-2285-559f-5efc-06ff18f96226" testName="OpenTECHub.Tests.KlaTestRunnerTests.AbortTest_Dispatches_SafeStop_And_Releases_Ownership" computerName="NOTEBOOK-ACER-A" duration="00:00:00.1325037" startTime="2026-10-07T01:02:28.6115141-03:00" endTime="2026-10-07T01:02:28.6115146-03:00" testType="13cdc9d9-ddb5-4fa4-a97d-d965ccfc6d4b" outcome="Passed" testListId="8c84fa94-04c1-424b-9868-57a2d4851a1d" relativeResultsDirectory="68553830-3a98-40c4-a6c8-5c830dfa6644" />
    <UnitTestResult executionId="72901626-8c72-4927-bac5-72ac43ef9984" testId="5edac962-7a55-eca9-4d38-e5a84e1f3b10" testName="OpenTECHub.Tests.RecipeEngineTests.Flow_setpoint_holds_the_recipe_until_the_flowmeter_echoes_it_back" computerName="NOTEBOOK-ACER-A" duration="00:00:00.0443549" startTime="2026-10-07T01:02:22.3512350-03:00" endTime="2026-10-07T01:02:22.3512354-03:00" testType="13cdc9d9-ddb5-4fa4-a97d-d965ccfc6d4b" outcome="Passed" testListId="8c84fa94-04c1-424b-9868-57a2d4851a1d" relativeResultsDirectory="72901626-8c72-4927-bac5-72ac43ef9984" />
    <UnitTestResult executionId="d6193e51-75d7-4ddc-961f-82db2772be90" testId="2069bb34-9801-d76b-5ccc-d0f4a6d27137" testName="OpenTECHub.Tests.RecipeEngineTests.Cascade_executes_in_agitation_only_mode" computerName="NOTEBOOK-ACER-A" duration="00:00:00.0598257" startTime="2026-10-07T01:02:21.6665943-03:00" endTime="2026-10-07T01:02:21.6665948-03:00" testType="13cdc9d9-ddb5-4fa4-a97d-d965ccfc6d4b" outcome="Passed" testListId="8c84fa94-04c1-424b-9868-57a2d4851a1d" relativeResultsDirectory="d6193e51-75d7-4ddc-961f-82db2772be90" />
    <UnitTestResult executionId="30f5d516-aacf-415e-b38f-5aa9bb41c2b8" testId="73d4be79-ae86-0faf-9b26-6b086009e368" testName="OpenTECHub.Tests.KlaTestRunnerTests.Run_starting_at_the_floor_skips_N2_but_still_prestages_on_C_until_flow_and_DO_are_still" computerName="NOTEBOOK-ACER-A" duration="00:00:00.1375778" startTime="2026-10-07T01:02:29.9806847-03:00" endTime="2026-10-07T01:02:29.9806852-03:00" testType="13cdc9d9-ddb5-4fa4-a97d-d965ccfc6d4b" outcome="Passed" testListId="8c84fa94-04c1-424b-9868-57a2d4851a1d" relativeResultsDirectory="30f5d516-aacf-415e-b38f-5aa9bb41c2b8" />
    <UnitTestResult executionId="31b318a6-d401-4d51-bba2-b71766e9774a" testId="5aa727ca-4e45-777a-eb39-9edbc3ab1f2d" testName="OpenTECHub.Tests.KlaTestRunnerTests.StartRun_refuses_a_legacy_manifest_and_a_rig_that_changed_since_the_assay_started" computerName="NOTEBOOK-ACER-A" duration="00:00:00.1180052" startTime="2026-10-07T01:02:30.0989278-03:00" endTime="2026-10-07T01:02:30.0989281-03:00" testType="13cdc9d9-ddb5-4fa4-a97d-d965ccfc6d4b" outcome="Passed" testListId="8c84fa94-04c1-424b-9868-57a2d4851a1d" relativeResultsDirectory="31b318a6-d401-4d51-bba2-b71766e9774a" />
    <UnitTestResult executionId="aadb1f49-9a96-46e6-bdbf-44dab9eeb967" testId="f024be97-329f-61ec-24ad-adf34c78c67b" testName="OpenTECHub.Tests.KlaTestRunnerTests.E2_FramesWithoutNewOxygenDoNotAddPointsOrExtendOxygenDeadline" computerName="NOTEBOOK-ACER-A" duration="00:00:00.1416248" startTime="2026-10-07T01:02:27.7169531-03:00" endTime="2026-10-07T01:02:27.7169535-03:00" testType="13cdc9d9-ddb5-4fa4-a97d-d965ccfc6d4b" outcome="Passed" testListId="8c84fa94-04c1-424b-9868-57a2d4851a1d" relativeResultsDirectory="aadb1f49-9a96-46e6-bdbf-44dab9eeb967" />
    <UnitTestResult executionId="61ee4102-5b0a-4e4b-abd9-1cdffa20d1d8" testId="fb2410d5-0fb7-b040-c16b-f95f04254918" testName="OpenTECHub.Tests.KlaTestRunnerTests.E2_AbioticHonoursEditableRemovalAgitation" computerName="NOTEBOOK-ACER-A" duration="00:00:00.1225598" startTime="2026-10-07T01:02:29.6185669-03:00" endTime="2026-10-07T01:02:29.6185672-03:00" testType="13cdc9d9-ddb5-4fa4-a97d-d965ccfc6d4b" outcome="Passed" testListId="8c84fa94-04c1-424b-9868-57a2d4851a1d" relativeResultsDirectory="61ee4102-5b0a-4e4b-abd9-1cdffa20d1d8" />
    <UnitTestResult executionId="b0591626-3425-40d1-b5e8-877d8c55feb3" testId="16026302-5be8-2457-7c5b-f3cbbce4fd6e" testName="OpenTECHub.Tests.KlaTestRunnerTests.E2_CancelAtEachBioticStageRequestsAirInsteadOfClosingFlow(stage: 3)" computerName="NOTEBOOK-ACER-A" duration="00:00:00.1744583" startTime="2026-10-07T01:02:27.0810020-03:00" endTime="2026-10-07T01:02:27.0810025-03:00" testType="13cdc9d9-ddb5-4fa4-a97d-d965ccfc6d4b" outcome="Passed" testListId="8c84fa94-04c1-424b-9868-57a2d4851a1d" relativeResultsDirectory="b0591626-3425-40d1-b5e8-877d8c55feb3" />
    <UnitTestResult executionId="5646bd18-6197-4574-9038-688b0c2b4a9d" testId="cfcc707f-c864-5692-767c-ffef86c39744" testName="OpenTECHub.Tests.RecipeEngineTests.Cannot_start_an_invalid_recipe" computerName="NOTEBOOK-ACER-A" duration="00:00:00.0060846" startTime="2026-10-07T01:02:20.5236652-03:00" endTime="2026-10-07T01:02:20.5236654-03:00" testType="13cdc9d9-ddb5-4fa4-a97d-d965ccfc6d4b" outcome="Passed" testListId="8c84fa94-04c1-424b-9868-57a2d4851a1d" relativeResultsDirectory="5646bd18-6197-4574-9038-688b0c2b4a9d" />
    <UnitTestResult executionId="b1547083-59a2-4400-9376-1ad37b5c5299" testId="a40f5021-3006-1a7c-8b57-ff27951a3aa9" testName="OpenTECHub.Tests.RecipeEngineTests.The_operator_can_stop_the_recipe_while_it_holds_for_the_flowmeter" computerName="NOTEBOOK-ACER-A" duration="00:00:00.0321979" startTime="2026-10-07T01:02:20.8675045-03:00" endTime="2026-10-07T01:02:20.8675050-03:00" testType="13cdc9d9-ddb5-4fa4-a97d-d965ccfc6d4b" outcome="Passed" testListId="8c84fa94-04c1-424b-9868-57a2d4851a1d" relativeResultsDirectory="b1547083-59a2-4400-9376-1ad37b5c5299" />
    <UnitTestResult executionId="817fa23a-e11e-43b1-8659-5b8594697daa" testId="08bed444-4f88-3e64-53e1-fcf6ed5eea61" testName="OpenTECHub.Tests.RecipeEngineTests.Disabling_the_aeration_loop_safe_stops_and_clears_the_flag_without_holding" computerName="NOTEBOOK-ACER-A" duration="00:00:00.0156045" startTime="2026-10-07T01:02:20.5168616-03:00" endTime="2026-10-07T01:02:20.5168620-03:00" testType="13cdc9d9-ddb5-4fa4-a97d-d965ccfc6d4b" outcome="Passed" testListId="8c84fa94-04c1-424b-9868-57a2d4851a1d" relativeResultsDirectory="817fa23a-e11e-43b1-8659-5b8594697daa" />
    <UnitTestResult executionId="f8c6bca3-79d6-4bfd-ae4c-a5d552f7502b" testId="55fe5e44-51f4-5299-27ed-e6406b2cffdb" testName="OpenTECHub.Tests.RecipeEngineTests.Multi_setpoint_waits_for_flow_and_bath_independently" computerName="NOTEBOOK-ACER-A" duration="00:00:00.5433945" startTime="2026-10-07T01:02:21.5545584-03:00" endTime="2026-10-07T01:02:21.5545589-03:00" testType="13cdc9d9-ddb5-4fa4-a97d-d965ccfc6d4b" outcome="Passed" testListId="8c84fa94-04c1-424b-9868-57a2d4851a1d" relativeResultsDirectory="f8c6bca3-79d6-4bfd-ae4c-a5d552f7502b" />
    <UnitTestResult executionId="435e9f89-1754-4f39-becb-49330c2ae19e" testId="e5c0d005-9078-b247-54b9-5f29a0a9b236" testName="OpenTECHub.Tests.KlaTestRunnerTests.Lead_prestages_early_but_never_switches_above_DOMin" computerName="NOTEBOOK-ACER-A" duration="00:00:00.1676545" startTime="2026-10-07T01:02:28.9175867-03:00" endTime="2026-10-07T01:02:28.9175871-03:00" testType="13cdc9d9-ddb5-4fa4-a97d-d965ccfc6d4b" outcome="Passed" testListId="8c84fa94-04c1-424b-9868-57a2d4851a1d" relativeResultsDirectory="435e9f89-1754-4f39-becb-49330c2ae19e" />
    <UnitTestResult executionId="0ac05800-1a9b-437d-ba38-eaa116506606" testId="467fa466-2847-adcb-6919-80383ee851d9" testName="OpenTECHub.Tests.KlaTestRunnerTests.BioticSession_DoesNotFallThroughToAbioticGasCommands" computerName="NOTEBOOK-ACER-A" duration="00:00:00.0740743" startTime="2026-10-07T01:02:27.7912677-03:00" endTime="2026-10-07T01:02:27.7912685-03:00" testType="13cdc9d9-ddb5-4fa4-a97d-d965ccfc6d4b" outcome="Passed" testListId="8c84fa94-04c1-424b-9868-57a2d4851a1d" relativeResultsDirectory="0ac05800-1a9b-437d-ba38-eaa116506606" />
    <UnitTestResult executionId="df014483-bc31-4e50-b49b-0291bedf8d4e" testId="80a5d41b-d875-c991-0615-1d2c5896dda4" testName="OpenTECHub.Tests.KlaTestRunnerTests.E2_LinkLossNeverClaimsRestorationSucceeded" computerName="NOTEBOOK-ACER-A" duration="00:00:00.1378870" startTime="2026-10-07T01:02:28.7496693-03:00" endTime="2026-10-07T01:02:28.7496696-03:00" testType="13cdc9d9-ddb5-4fa4-a97d-d965ccfc6d4b" outcome="Passed" testListId="8c84fa94-04c1-424b-9868-57a2d4851a1d" relativeResultsDirectory="df014483-bc31-4e50-b49b-0291bedf8d4e" />
    <UnitTestResult executionId="838fed3b-8ab8-4178-9b4e-ef4ef3c440e4" testId="89738bf7-d96a-7268-327e-1ab5340d4bfb" testName="OpenTECHub.Tests.RecipeEngineTests.Cascade_monitor_on_another_variable_exits_even_while_the_oxygen_probe_is_silent" computerName="NOTEBOOK-ACER-A" duration="00:00:00.1090259" startTime="2026-10-07T01:02:22.6364246-03:00" endTime="2026-10-07T01:02:22.6364249-03:00" testType="13cdc9d9-ddb5-4fa4-a97d-d965ccfc6d4b" outcome="Passed" testListId="8c84fa94-04c1-424b-9868-57a2d4851a1d" relativeResultsDirectory="838fed3b-8ab8-4178-9b4e-ef4ef3c440e4" />
    <UnitTestResult executionId="e24cbbf7-5f17-47f6-a476-7f8d6b68c3d9" testId="4da7b573-2fdf-2360-f515-2c792881cfe1" testName="OpenTECHub.Tests.KlaTestRunnerTests.E5_Queue_limits_block_the_real_runner_before_any_command(reason: &quot;exposure&quot;)" computerName="NOTEBOOK-ACER-A" duration="00:00:00.0760627" startTime="2026-10-07T01:02:28.1089791-03:00" endTime="2026-10-07T01:02:28.1089796-03:00" testType="13cdc9d9-ddb5-4fa4-a97d-d965ccfc6d4b" outcome="Passed" testListId="8c84fa94-04c1-424b-9868-57a2d4851a1d" relativeResultsDirectory="e24cbbf7-5f17-47f6-a476-7f8d6b68c3d9" />
    <UnitTestResult executionId="0be71a48-8b5b-4dbe-9d10-a4650b26f736" testId="b9514fec-281c-f866-6c07-47fbcbb813ab" testName="OpenTECHub.Tests.RecipeEngineTests.Monitor_block_completes_when_telemetry_satisfies_the_condition" computerName="NOTEBOOK-ACER-A" duration="00:00:00.0020677" startTime="2026-10-07T01:02:22.3061486-03:00" endTime="2026-10-07T01:02:22.3061488-03:00" testType="13cdc9d9-ddb5-4fa4-a97d-d965ccfc6d4b" outcome="Passed" testListId="8c84fa94-04c1-424b-9868-57a2d4851a1d" relativeResultsDirectory="0be71a48-8b5b-4dbe-9d10-a4650b26f736" />
    <UnitTestResult executionId="214fdb3f-884a-43eb-850c-288b7642d880" testId="5ccce720-b053-4fa0-4a4e-ec5263f59ffb" testName="OpenTECHub.Tests.RecipeEngineTests.Zeroing_the_flow_never_holds_because_a_stop_must_not_wait_on_the_device" computerName="NOTEBOOK-ACER-A" duration="00:00:00.0032592" startTime="2026-10-07T01:02:22.9116249-03:00" endTime="2026-10-07T01:02:22.9116252-03:00" testType="13cdc9d9-ddb5-4fa4-a97d-d965ccfc6d4b" outcome="Passed" testListId="8c84fa94-04c1-424b-9868-57a2d4851a1d" relativeResultsDirectory="214fdb3f-884a-43eb-850c-288b7642d880" />
    <UnitTestResult executionId="478ae876-f715-4270-912b-ae912bfe8d0f" testId="e17f39f7-7dd3-fb17-8546-7aad15d116e0" testName="OpenTECHub.Tests.RecipeEngineTests.Stopping_returns_every_actuator_to_manual" computerName="NOTEBOOK-ACER-A" duration="00:00:00.0125534" startTime="2026-10-07T01:02:20.7156270-03:00" endTime="2026-10-07T01:02:20.7156274-03:00" testType="13cdc9d9-ddb5-4fa4-a97d-d965ccfc6d4b" outcome="Passed" testListId="8c84fa94-04c1-424b-9868-57a2d4851a1d" relativeResultsDirectory="478ae876-f715-4270-912b-ae912bfe8d0f" />
    <UnitTestResult executionId="a5dd4a2e-4ac9-46b1-a1b8-b8ac28874324" testId="ddfe3f99-f024-5151-2991-2d11c896a016" testName="OpenTECHub.Tests.RecipeEngineTests.Cascade_loop_exits_when_its_saida_loop_timer_elapses" computerName="NOTEBOOK-ACER-A" duration="00:00:00.2607775" startTime="2026-10-07T01:02:20.4980250-03:00" endTime="2026-10-07T01:02:20.4981316-03:00" testType="13cdc9d9-ddb5-4fa4-a97d-d965ccfc6d4b" outcome="Passed" testListId="8c84fa94-04c1-424b-9868-57a2d4851a1d" relativeResultsDirectory="a5dd4a2e-4ac9-46b1-a1b8-b8ac28874324" />
    <UnitTestResult executionId="c8c07ed6-6385-4c01-82e3-99676e12fcac" testId="63a05632-a357-7a52-8e2c-7f7ca0ba5483" testName="OpenTECHub.Tests.KlaTestRunnerTests.PrepareTest_AllowsHistoricalReview_WithoutChangingCompletedStatus" computerName="NOTEBOOK-ACER-A" duration="00:00:00.0577982" startTime="2026-10-07T01:02:26.5093282-03:00" endTime="2026-10-07T01:02:26.5093286-03:00" testType="13cdc9d9-ddb5-4fa4-a97d-d965ccfc6d4b" outcome="Passed" testListId="8c84fa94-04c1-424b-9868-57a2d4851a1d" relativeResultsDirectory="c8c07ed6-6385-4c01-82e3-99676e12fcac" />
    <UnitTestResult executionId="08ff9517-e0e5-4b44-a278-e3530721b4c2" testId="be33c7a5-d324-96b4-958f-fa6ab56f24c5" testName="OpenTECHub.Tests.RecipeEngineTests.Cascade_exit_deadline_does_not_depend_on_another_telemetry_frame(timerExit: True)" computerName="NOTEBOOK-ACER-A" duration="00:00:00.2528935" startTime="2026-10-07T01:02:21.9201297-03:00" endTime="2026-10-07T01:02:21.9201304-03:00" testType="13cdc9d9-ddb5-4fa4-a97d-d965ccfc6d4b" outcome="Passed" testListId="8c84fa94-04c1-424b-9868-57a2d4851a1d" relativeResultsDirectory="08ff9517-e0e5-4b44-a278-e3530721b4c2" />
    <UnitTestResult executionId="0c585584-0d87-47a5-ad1b-40e8b7bbc1a5" testId="906f18d8-7473-04ae-a12b-2669813c675b" testName="OpenTECHub.Tests.RecipeEngineTests.Cascade_loop_exits_when_its_saida_loop_monitor_condition_is_met" computerName="NOTEBOOK-ACER-A" duration="00:00:00.0282737" startTime="2026-10-07T01:02:22.4938287-03:00" endTime="2026-10-07T01:02:22.4938290-03:00" testType="13cdc9d9-ddb5-4fa4-a97d-d965ccfc6d4b" outcome="Passed" testListId="8c84fa94-04c1-424b-9868-57a2d4851a1d" relativeResultsDirectory="0c585584-0d87-47a5-ad1b-40e8b7bbc1a5" />
    <UnitTestResult executionId="dce37360-d1b2-49c6-8f5f-8d0c595c337f" testId="791377a2-6b88-821d-9d8d-212ef48dc930" testName="OpenTECHub.Tests.KlaTestRunnerTests.Prestage_frame_without_echo_times_out_like_any_command" computerName="NOTEBOOK-ACER-A" duration="00:00:00.1545809" startTime="2026-10-07T01:02:28.4013308-03:00" endTime="2026-10-07T01:02:28.4013313-03:00" testType="13cdc9d9-ddb5-4fa4-a97d-d965ccfc6d4b" outcome="Passed" testListId="8c84fa94-04c1-424b-9868-57a2d4851a1d" relativeResultsDirectory="dce37360-d1b2-49c6-8f5f-8d0c595c337f" />
    <UnitTestResult executionId="37bc352f-2c3b-4d65-8368-0b6ef9e17c63" testId="6a4f1855-0756-f5e7-ed36-e70bf7e942ab" testName="OpenTECHub.Tests.KlaTestRunnerTests.E2_RecipeOwnershipIsNotTakenOver" computerName="NOTEBOOK-ACER-A" duration="00:00:00.1125772" startTime="2026-10-07T01:02:30.6938643-03:00" endTime="2026-10-07T01:02:30.6938647-03:00" testType="13cdc9d9-ddb5-4fa4-a97d-d965ccfc6d4b" outcome="Passed" testListId="8c84fa94-04c1-424b-9868-57a2d4851a1d" relativeResultsDirectory="37bc352f-2c3b-4d65-8368-0b6ef9e17c63" />
    <UnitTestResult executionId="5f626d8b-80e7-43e9-b25e-6306c81d79f7" testId="9bd6e4a2-da3a-8de7-484e-f05a0dc31c31" testName="OpenTECHub.Tests.KlaRunnerSimulatorTests.A_run_on_the_simulated_rig_strips_prestages_switches_and_reaerates" computerName="NOTEBOOK-ACER-A" duration="00:00:01.8933370" startTime="2026-10-07T01:02:26.4490300-03:00" endTime="2026-10-07T01:02:26.4490304-03:00" testType="13cdc9d9-ddb5-4fa4-a97d-d965ccfc6d4b" outcome="Passed" testListId="8c84fa94-04c1-424b-9868-57a2d4851a1d" relativeResultsDirectory="5f626d8b-80e7-43e9-b25e-6306c81d79f7" />
    <UnitTestResult executionId="02af908d-7211-4347-86e4-71341caf8870" testId="5da766c1-5f70-e7ef-7ccb-b0a84916199d" testName="OpenTECHub.Tests.KlaRunnerSimulatorTests.A_shut_N2_source_never_reaches_the_floor_and_the_degassing_ceiling_aborts" computerName="NOTEBOOK-ACER-A" duration="00:00:01.6352376" startTime="2026-10-07T01:02:24.5554432-03:00" endTime="2026-10-07T01:02:24.5554434-03:00" testType="13cdc9d9-ddb5-4fa4-a97d-d965ccfc6d4b" outcome="Passed" testListId="8c84fa94-04c1-424b-9868-57a2d4851a1d" relativeResultsDirectory="02af908d-7211-4347-86e4-71341caf8870" />
    <UnitTestResult executionId="02707f3e-9d93-4e29-b520-561c08c68d9f" testId="f21b21ab-0645-c857-048a-5ffdc39d91b8" testName="OpenTECHub.Tests.KlaTestRunnerTests.StartRun_refuses_to_open_N2_without_the_source_confirmation" computerName="NOTEBOOK-ACER-A" duration="00:00:00.1217167" startTime="2026-10-07T01:02:29.4957909-03:00" endTime="2026-10-07T01:02:29.4957913-03:00" testType="13cdc9d9-ddb5-4fa4-a97d-d965ccfc6d4b" outcome="Passed" testListId="8c84fa94-04c1-424b-9868-57a2d4851a1d" relativeResultsDirectory="02707f3e-9d93-4e29-b520-561c08c68d9f" />
    <UnitTestResult executionId="674b7861-e77f-4591-8ab6-a904d3aaffe9" testId="4cc50fc6-e8dd-141c-2852-da0c50b01914" testName="OpenTECHub.Tests.RecipeEngineTests.Temperature_block_restarts_the_settle_time_when_the_reactor_leaves_the_band" computerName="NOTEBOOK-ACER-A" duration="00:00:00.0939473" startTime="2026-10-07T01:02:22.8594344-03:00" endTime="2026-10-07T01:02:22.8594350-03:00" testType="13cdc9d9-ddb5-4fa4-a97d-d965ccfc6d4b" outcome="Passed" testListId="8c84fa94-04c1-424b-9868-57a2d4851a1d" relativeResultsDirectory="674b7861-e77f-4591-8ab6-a904d3aaffe9" />
    <UnitTestResult executionId="71e5f495-e662-4a4d-a3ec-7f46398e1a0e" testId="d347d0df-9ecc-9f6c-188b-9db49133acde" testName="OpenTECHub.Tests.RecipeEngineTests.Cascade_with_internal_loop_remains_running_after_stabilization" computerName="NOTEBOOK-ACER-A" duration="00:00:00.1271374" startTime="2026-10-07T01:02:22.3033459-03:00" endTime="2026-10-07T01:02:22.3033461-03:00" testType="13cdc9d9-ddb5-4fa4-a97d-d965ccfc6d4b" outcome="Passed" testListId="8c84fa94-04c1-424b-9868-57a2d4851a1d" relativeResultsDirectory="71e5f495-e662-4a4d-a3ec-7f46398e1a0e" />
    <UnitTestResult executionId="29a6d9c5-08ec-46db-87f2-889a2f3865f4" testId="025c9c96-7e83-36f8-f916-a6e46b349207" testName="OpenTECHub.Tests.RecipeEngineTests.Starting_claims_every_actuator_so_manual_control_is_deactivated" computerName="NOTEBOOK-ACER-A" duration="00:00:00.0136879" startTime="2026-10-07T01:02:21.6014705-03:00" endTime="2026-10-07T01:02:21.6014711-03:00" testType="13cdc9d9-ddb5-4fa4-a97d-d965ccfc6d4b" outcome="Passed" testListId="8c84fa94-04c1-424b-9868-57a2d4851a1d" relativeResultsDirectory="29a6d9c5-08ec-46db-87f2-889a2f3865f4" />
    <UnitTestResult executionId="356d6aae-2b1a-4d56-860f-35de95076bee" testId="d7381707-ed04-c492-3135-634955467f1d" testName="OpenTECHub.Tests.RecipeEngineTests.Temperature_setpoint_waits_for_the_routed_bath_to_confirm_and_settle" computerName="NOTEBOOK-ACER-A" duration="00:00:00.0701024" startTime="2026-10-07T01:02:20.7865203-03:00" endTime="2026-10-07T01:02:20.7865206-03:00" testType="13cdc9d9-ddb5-4fa4-a97d-d965ccfc6d4b" outcome="Passed" testListId="8c84fa94-04c1-424b-9868-57a2d4851a1d" relativeResultsDirectory="356d6aae-2b1a-4d56-860f-35de95076bee" />
    <UnitTestResult executionId="49ea25c9-464e-4f1b-a3e3-c3c11cb0bcbf" testId="437087ae-940a-94a0-6b31-b70ce9b1ed64" testName="OpenTECHub.Tests.RecipeEngineTests.Cascade_executes_in_aeration_only_mode" computerName="NOTEBOOK-ACER-A" duration="00:00:00.0457440" startTime="2026-10-07T01:02:20.8346398-03:00" endTime="2026-10-07T01:02:20.8346400-03:00" testType="13cdc9d9-ddb5-4fa4-a97d-d965ccfc6d4b" outcome="Passed" testListId="8c84fa94-04c1-424b-9868-57a2d4851a1d" relativeResultsDirectory="49ea25c9-464e-4f1b-a3e3-c3c11cb0bcbf" />
    <UnitTestResult executionId="b12b7068-6699-4e3f-b8be-9dbe83fe0b39" testId="bf907830-45f8-8575-9ad9-b2c04e8d044d" testName="OpenTECHub.Tests.KlaTestRunnerTests.E5_Queue_limits_block_the_real_runner_before_any_command(reason: &quot;restoration&quot;)" computerName="NOTEBOOK-ACER-A" duration="00:00:00.0688197" startTime="2026-10-07T01:02:28.1780209-03:00" endTime="2026-10-07T01:02:28.1780213-03:00" testType="13cdc9d9-ddb5-4fa4-a97d-d965ccfc6d4b" outcome="Passed" testListId="8c84fa94-04c1-424b-9868-57a2d4851a1d" relativeResultsDirectory="b12b7068-6699-4e3f-b8be-9dbe83fe0b39" />
    <UnitTestResult executionId="3436c49b-c2d8-4711-9cde-ca9bc7040fb1" testId="dfc377f8-dc7e-f155-b7e3-64dd1d58482e" testName="OpenTECHub.Tests.RecipeEngineTests.Link_loss_safe_aborts_the_running_recipe" computerName="NOTEBOOK-ACER-A" duration="00:00:00.0408639" startTime="2026-10-07T01:02:20.7022627-03:00" endTime="2026-10-07T01:02:20.7022632-03:00" testType="13cdc9d9-ddb5-4fa4-a97d-d965ccfc6d4b" outcome="Passed" testListId="8c84fa94-04c1-424b-9868-57a2d4851a1d" relativeResultsDirectory="3436c49b-c2d8-4711-9cde-ca9bc7040fb1" />
    <UnitTestResult executionId="e8d79ab2-4ba6-4c65-be15-588d336178f9" testId="eb28aa40-a74a-bcda-568b-539d19047b17" testName="OpenTECHub.Tests.RecipeEngineTests.Routed_bath_wait_does_not_succeed_when_telemetry_or_route_disappears" computerName="NOTEBOOK-ACER-A" duration="00:00:00.0712909" startTime="2026-10-07T01:02:20.5956983-03:00" endTime="2026-10-07T01:02:20.5956989-03:00" testType="13cdc9d9-ddb5-4fa4-a97d-d965ccfc6d4b" outcome="Passed" testListId="8c84fa94-04c1-424b-9868-57a2d4851a1d" relativeResultsDirectory="e8d79ab2-4ba6-4c65-be15-588d336178f9" />
    <UnitTestResult executionId="f0cd543e-a580-479a-96ba-0c5a90d8b193" testId="9171fa81-9e27-f0e1-2b36-300aa1f2c670" testName="OpenTECHub.Tests.RecipeEngineTests.Temperature_block_holds_while_tempval_is_invalid" computerName="NOTEBOOK-ACER-A" duration="00:00:00.0641417" startTime="2026-10-07T01:02:20.6606495-03:00" endTime="2026-10-07T01:02:20.6606501-03:00" testType="13cdc9d9-ddb5-4fa4-a97d-d965ccfc6d4b" outcome="Passed" testListId="8c84fa94-04c1-424b-9868-57a2d4851a1d" relativeResultsDirectory="f0cd543e-a580-479a-96ba-0c5a90d8b193" />
    <UnitTestResult executionId="cef26442-203c-43cf-aa79-09ceeab0f6a3" testId="2cb28f93-7015-51e3-ea3f-09a9b7e420e5" testName="OpenTECHub.Tests.KlaTestRunnerTests.E2_BioticKeepsFlowOnAndRestoresBeforeReview" computerName="NOTEBOOK-ACER-A" duration="00:00:00.2238927" startTime="2026-10-07T01:02:29.8428405-03:00" endTime="2026-10-07T01:02:29.8428408-03:00" testType="13cdc9d9-ddb5-4fa4-a97d-d965ccfc6d4b" outcome="Passed" testListId="8c84fa94-04c1-424b-9868-57a2d4851a1d" relativeResultsDirectory="cef26442-203c-43cf-aa79-09ceeab0f6a3" />
    <UnitTestResult executionId="8679d84d-98eb-4504-aba2-8a8acd36c895" testId="0dfab70c-284e-b6c4-bf20-d435f3a0d309" testName="OpenTECHub.Tests.KlaTestRunnerTests.E2_CancelAtEachBioticStageRequestsAirInsteadOfClosingFlow(stage: 0)" computerName="NOTEBOOK-ACER-A" duration="00:00:00.1485427" startTime="2026-10-07T01:02:27.2297914-03:00" endTime="2026-10-07T01:02:27.2297918-03:00" testType="13cdc9d9-ddb5-4fa4-a97d-d965ccfc6d4b" outcome="Passed" testListId="8c84fa94-04c1-424b-9868-57a2d4851a1d" relativeResultsDirectory="8679d84d-98eb-4504-aba2-8a8acd36c895" />
    <UnitTestResult executionId="daf51365-06e3-40c5-884e-dc25b405f58e" testId="46f0cc9c-15ec-780a-e781-96926c15504c" testName="OpenTECHub.Tests.RecipeEngineTests.Setpoint_block_dispatches_the_wire_frame_under_recipe_ownership" computerName="NOTEBOOK-ACER-A" duration="00:00:00.0036349" startTime="2026-10-07T01:02:21.6058783-03:00" endTime="2026-10-07T01:02:21.6058789-03:00" testType="13cdc9d9-ddb5-4fa4-a97d-d965ccfc6d4b" outcome="Passed" testListId="8c84fa94-04c1-424b-9868-57a2d4851a1d" relativeResultsDirectory="daf51365-06e3-40c5-884e-dc25b405f58e" />
    <UnitTestResult executionId="4eba4262-5d1e-4ad6-9383-4207d245a9ae" testId="c0aea3e1-19fe-0744-50c6-1a99be8331df" testName="OpenTECHub.Tests.RecipeEngineTests.Cannot_start_when_disconnected" computerName="NOTEBOOK-ACER-A" duration="00:00:00.0016130" startTime="2026-10-07T01:02:20.7882420-03:00" endTime="2026-10-07T01:02:20.7882422-03:00" testType="13cdc9d9-ddb5-4fa4-a97d-d965ccfc6d4b" outcome="Passed" testListId="8c84fa94-04c1-424b-9868-57a2d4851a1d" relativeResultsDirectory="4eba4262-5d1e-4ad6-9383-4207d245a9ae" />
    <UnitTestResult executionId="355b9689-9372-4325-a30b-a7ac0791d94e" testId="401b886e-7633-b33c-2a23-d4bce963b41c" testName="OpenTECHub.Tests.KlaTestRunnerTests.Prestage_timeout_stops_the_run_for_review_without_switching" computerName="NOTEBOOK-ACER-A" duration="00:00:00.2410806" startTime="2026-10-07T01:02:28.0326627-03:00" endTime="2026-10-07T01:02:28.0326631-03:00" testType="13cdc9d9-ddb5-4fa4-a97d-d965ccfc6d4b" outcome="Passed" testListId="8c84fa94-04c1-424b-9868-57a2d4851a1d" relativeResultsDirectory="355b9689-9372-4325-a30b-a7ac0791d94e" />
    <UnitTestResult executionId="6a2fde8e-032d-4e08-be14-d7cd9475eab4" testId="1963ba1f-1889-208f-8fbc-f29811ff94be" testName="OpenTECHub.Tests.KlaTestRunnerTests.E2_CancelAtEachBioticStageRequestsAirInsteadOfClosingFlow(stage: 2)" computerName="NOTEBOOK-ACER-A" duration="00:00:00.1811848" startTime="2026-10-07T01:02:27.5750337-03:00" endTime="2026-10-07T01:02:27.5750342-03:00" testType="13cdc9d9-ddb5-4fa4-a97d-d965ccfc6d4b" outcome="Passed" testListId="8c84fa94-04c1-424b-9868-57a2d4851a1d" relativeResultsDirectory="6a2fde8e-032d-4e08-be14-d7cd9475eab4" />
  </Results>
  <TestDefinitions>
    <UnitTest name="OpenTECHub.Tests.KlaTestRunnerTests.E5_Queue_limits_block_the_real_runner_before_any_command(reason: &quot;exposure&quot;)" storage="c:\users\vitor\onedrive\posdoc_fapesp\_automacao_e_controle\projetotecnal\windows_app\tests\opentechub.tests\bin\klae4validation\net10.0-windows10.0.19041.0\opentechub.tests.dll" id="4da7b573-2fdf-2360-f515-2c792881cfe1">
      <Execution id="e24cbbf7-5f17-47f6-a476-7f8d6b68c3d9" />
      <TestMethod codeBase="C:\Users\vitor\OneDrive\PosDoc_Fapesp\_Automacao_e_Controle\ProjetoTECNAL\Windows_app\tests\OpenTECHub.Tests\bin\KlaE4Validation\net10.0-windows10.0.19041.0\OpenTECHub.Tests.dll" adapterTypeName="executor://xunit/VsTestRunner2/netcoreapp" className="OpenTECHub.Tests.KlaTestRunnerTests" name="E5_Queue_limits_block_the_real_runner_before_any_command" />
    </UnitTest>
    <UnitTest name="OpenTECHub.Tests.KlaTestRunnerTests.PrepareTest_AllowsHistoricalReview_WithoutChangingCompletedStatus" storage="c:\users\vitor\onedrive\posdoc_fapesp\_automacao_e_controle\projetotecnal\windows_app\tests\opentechub.tests\bin\klae4validation\net10.0-windows10.0.19041.0\opentechub.tests.dll" id="63a05632-a357-7a52-8e2c-7f7ca0ba5483">
      <Execution id="c8c07ed6-6385-4c01-82e3-99676e12fcac" />
      <TestMethod codeBase="C:\Users\vitor\OneDrive\PosDoc_Fapesp\_Automacao_e_Controle\ProjetoTECNAL\Windows_app\tests\OpenTECHub.Tests\bin\KlaE4Validation\net10.0-windows10.0.19041.0\OpenTECHub.Tests.dll" adapterTypeName="executor://xunit/VsTestRunner2/netcoreapp" className="OpenTECHub.Tests.KlaTestRunnerTests" name="PrepareTest_AllowsHistoricalReview_WithoutChangingCompletedStatus" />
    </UnitTest>
    <UnitTest name="OpenTECHub.Tests.KlaTestRunnerTests.BioticSession_DoesNotFallThroughToAbioticGasCommands" storage="c:\users\vitor\onedrive\posdoc_fapesp\_automacao_e_controle\projetotecnal\windows_app\tests\opentechub.tests\bin\klae4validation\net10.0-windows10.0.19041.0\opentechub.tests.dll" id="467fa466-2847-adcb-6919-80383ee851d9">
      <Execution id="0ac05800-1a9b-437d-ba38-eaa116506606" />
      <TestMethod codeBase="C:\Users\vitor\OneDrive\PosDoc_Fapesp\_Automacao_e_Controle\ProjetoTECNAL\Windows_app\tests\OpenTECHub.Tests\bin\KlaE4Validation\net10.0-windows10.0.19041.0\OpenTECHub.Tests.dll" adapterTypeName="executor://xunit/VsTestRunner2/netcoreapp" className="OpenTECHub.Tests.KlaTestRunnerTests" name="BioticSession_DoesNotFallThroughToAbioticGasCommands" />
    </UnitTest>
    <UnitTest name="OpenTECHub.Tests.RecipeEngineTests.Zeroing_the_flow_never_holds_because_a_stop_must_not_wait_on_the_device" storage="c:\users\vitor\onedrive\posdoc_fapesp\_automacao_e_controle\projetotecnal\windows_app\tests\opentechub.tests\bin\klae4validation\net10.0-windows10.0.19041.0\opentechub.tests.dll" id="5ccce720-b053-4fa0-4a4e-ec5263f59ffb">
      <Execution id="214fdb3f-884a-43eb-850c-288b7642d880" />
      <TestMethod codeBase="C:\Users\vitor\OneDrive\PosDoc_Fapesp\_Automacao_e_Controle\ProjetoTECNAL\Windows_app\tests\OpenTECHub.Tests\bin\KlaE4Validation\net10.0-windows10.0.19041.0\OpenTECHub.Tests.dll" adapterTypeName="executor://xunit/VsTestRunner2/netcoreapp" className="OpenTECHub.Tests.RecipeEngineTests" name="Zeroing_the_flow_never_holds_because_a_stop_must_not_wait_on_the_device" />
    </UnitTest>
    <UnitTest name="OpenTECHub.Tests.KlaTestRunnerTests.Lead_prestages_early_but_never_switches_above_DOMin" storage="c:\users\vitor\onedrive\posdoc_fapesp\_automacao_e_controle\projetotecnal\windows_app\tests\opentechub.tests\bin\klae4validation\net10.0-windows10.0.19041.0\opentechub.tests.dll" id="e5c0d005-9078-b247-54b9-5f29a0a9b236">
      <Execution id="435e9f89-1754-4f39-becb-49330c2ae19e" />
      <TestMethod codeBase="C:\Users\vitor\OneDrive\PosDoc_Fapesp\_Automacao_e_Controle\ProjetoTECNAL\Windows_app\tests\OpenTECHub.Tests\bin\KlaE4Validation\net10.0-windows10.0.19041.0\OpenTECHub.Tests.dll" adapterTypeName="executor://xunit/VsTestRunner2/netcoreapp" className="OpenTECHub.Tests.KlaTestRunnerTests" name="Lead_prestages_early_but_never_switches_above_DOMin" />
    </UnitTest>
    <UnitTest name="OpenTECHub.Tests.KlaTestRunnerTests.AbortTest_Dispatches_SafeStop_And_Releases_Ownership" storage="c:\users\vitor\onedrive\posdoc_fapesp\_automacao_e_controle\projetotecnal\windows_app\tests\opentechub.tests\bin\klae4validation\net10.0-windows10.0.19041.0\opentechub.tests.dll" id="a56e8b68-2285-559f-5efc-06ff18f96226">
      <Execution id="68553830-3a98-40c4-a6c8-5c830dfa6644" />
      <TestMethod codeBase="C:\Users\vitor\OneDrive\PosDoc_Fapesp\_Automacao_e_Controle\ProjetoTECNAL\Windows_app\tests\OpenTECHub.Tests\bin\KlaE4Validation\net10.0-windows10.0.19041.0\OpenTECHub.Tests.dll" adapterTypeName="executor://xunit/VsTestRunner2/netcoreapp" className="OpenTECHub.Tests.KlaTestRunnerTests" name="AbortTest_Dispatches_SafeStop_And_Releases_Ownership" />
    </UnitTest>
    <UnitTest name="OpenTECHub.Tests.RecipeEngineTests.Cascade_monitor_condition_gives_up_at_its_timeout" storage="c:\users\vitor\onedrive\posdoc_fapesp\_automacao_e_controle\projetotecnal\windows_app\tests\opentechub.tests\bin\klae4validation\net10.0-windows10.0.19041.0\opentechub.tests.dll" id="b3ca44eb-deb0-e317-66ee-4e6add7acdc1">
      <Execution id="d6e8d3f0-3c4d-4bd3-a841-7afb2c906a08" />
      <TestMethod codeBase="C:\Users\vitor\OneDrive\PosDoc_Fapesp\_Automacao_e_Controle\ProjetoTECNAL\Windows_app\tests\OpenTECHub.Tests\bin\KlaE4Validation\net10.0-windows10.0.19041.0\OpenTECHub.Tests.dll" adapterTypeName="executor://xunit/VsTestRunner2/netcoreapp" className="OpenTECHub.Tests.RecipeEngineTests" name="Cascade_monitor_condition_gives_up_at_its_timeout" />
    </UnitTest>
    <UnitTest name="OpenTECHub.Tests.KlaTestRunnerTests.E2_CancelAtEachBioticStageRequestsAirInsteadOfClosingFlow(stage: 3)" storage="c:\users\vitor\onedrive\posdoc_fapesp\_automacao_e_controle\projetotecnal\windows_app\tests\opentechub.tests\bin\klae4validation\net10.0-windows10.0.19041.0\opentechub.tests.dll" id="16026302-5be8-2457-7c5b-f3cbbce4fd6e">
      <Execution id="b0591626-3425-40d1-b5e8-877d8c55feb3" />
      <TestMethod codeBase="C:\Users\vitor\OneDrive\PosDoc_Fapesp\_Automacao_e_Controle\ProjetoTECNAL\Windows_app\tests\OpenTECHub.Tests\bin\KlaE4Validation\net10.0-windows10.0.19041.0\OpenTECHub.Tests.dll" adapterTypeName="executor://xunit/VsTestRunner2/netcoreapp" className="OpenTECHub.Tests.KlaTestRunnerTests" name="E2_CancelAtEachBioticStageRequestsAirInsteadOfClosingFlow" />
    </UnitTest>
    <UnitTest name="OpenTECHub.Tests.RecipeEngineTests.Cannot_start_an_invalid_recipe" storage="c:\users\vitor\onedrive\posdoc_fapesp\_automacao_e_controle\projetotecnal\windows_app\tests\opentechub.tests\bin\klae4validation\net10.0-windows10.0.19041.0\opentechub.tests.dll" id="cfcc707f-c864-5692-767c-ffef86c39744">
      <Execution id="5646bd18-6197-4574-9038-688b0c2b4a9d" />
      <TestMethod codeBase="C:\Users\vitor\OneDrive\PosDoc_Fapesp\_Automacao_e_Controle\ProjetoTECNAL\Windows_app\tests\OpenTECHub.Tests\bin\KlaE4Validation\net10.0-windows10.0.19041.0\OpenTECHub.Tests.dll" adapterTypeName="executor://xunit/VsTestRunner2/netcoreapp" className="OpenTECHub.Tests.RecipeEngineTests" name="Cannot_start_an_invalid_recipe" />
    </UnitTest>
    <UnitTest name="OpenTECHub.Tests.RecipeEngineTests.Cascade_with_internal_loop_remains_running_after_stabilization" storage="c:\users\vitor\onedrive\posdoc_fapesp\_automacao_e_controle\projetotecnal\windows_app\tests\opentechub.tests\bin\klae4validation\net10.0-windows10.0.19041.0\opentechub.tests.dll" id="d347d0df-9ecc-9f6c-188b-9db49133acde">
      <Execution id="71e5f495-e662-4a4d-a3ec-7f46398e1a0e" />
      <TestMethod codeBase="C:\Users\vitor\OneDrive\PosDoc_Fapesp\_Automacao_e_Controle\ProjetoTECNAL\Windows_app\tests\OpenTECHub.Tests\bin\KlaE4Validation\net10.0-windows10.0.19041.0\OpenTECHub.Tests.dll" adapterTypeName="executor://xunit/VsTestRunner2/netcoreapp" className="OpenTECHub.Tests.RecipeEngineTests" name="Cascade_with_internal_loop_remains_running_after_stabilization" />
    </UnitTest>
    <UnitTest name="OpenTECHub.Tests.RecipeEngineTests.Routed_bath_wait_does_not_succeed_when_telemetry_or_route_disappears" storage="c:\users\vitor\onedrive\posdoc_fapesp\_automacao_e_controle\projetotecnal\windows_app\tests\opentechub.tests\bin\klae4validation\net10.0-windows10.0.19041.0\opentechub.tests.dll" id="eb28aa40-a74a-bcda-568b-539d19047b17">
      <Execution id="e8d79ab2-4ba6-4c65-be15-588d336178f9" />
      <TestMethod codeBase="C:\Users\vitor\OneDrive\PosDoc_Fapesp\_Automacao_e_Controle\ProjetoTECNAL\Windows_app\tests\OpenTECHub.Tests\bin\KlaE4Validation\net10.0-windows10.0.19041.0\OpenTECHub.Tests.dll" adapterTypeName="executor://xunit/VsTestRunner2/netcoreapp" className="OpenTECHub.Tests.RecipeEngineTests" name="Routed_bath_wait_does_not_succeed_when_telemetry_or_route_disappears" />
    </UnitTest>
    <UnitTest name="OpenTECHub.Tests.RecipeEngineTests.Stopping_returns_every_actuator_to_manual" storage="c:\users\vitor\onedrive\posdoc_fapesp\_automacao_e_controle\projetotecnal\windows_app\tests\opentechub.tests\bin\klae4validation\net10.0-windows10.0.19041.0\opentechub.tests.dll" id="e17f39f7-7dd3-fb17-8546-7aad15d116e0">
      <Execution id="478ae876-f715-4270-912b-ae912bfe8d0f" />
      <TestMethod codeBase="C:\Users\vitor\OneDrive\PosDoc_Fapesp\_Automacao_e_Controle\ProjetoTECNAL\Windows_app\tests\OpenTECHub.Tests\bin\KlaE4Validation\net10.0-windows10.0.19041.0\OpenTECHub.Tests.dll" adapterTypeName="executor://xunit/VsTestRunner2/netcoreapp" className="OpenTECHub.Tests.RecipeEngineTests" name="Stopping_returns_every_actuator_to_manual" />
    </UnitTest>
    <UnitTest name="OpenTECHub.Tests.KlaTestRunnerTests.StopRun_during_prestage_closes_the_flowmeter" storage="c:\users\vitor\onedrive\posdoc_fapesp\_automacao_e_controle\projetotecnal\windows_app\tests\opentechub.tests\bin\klae4validation\net10.0-windows10.0.19041.0\opentechub.tests.dll" id="c8b3c97b-92d2-64c9-ea45-3e4753700437">
      <Execution id="db816a35-b345-4d40-8247-fd0eab4ac53e" />
      <TestMethod codeBase="C:\Users\vitor\OneDrive\PosDoc_Fapesp\_Automacao_e_Controle\ProjetoTECNAL\Windows_app\tests\OpenTECHub.Tests\bin\KlaE4Validation\net10.0-windows10.0.19041.0\OpenTECHub.Tests.dll" adapterTypeName="executor://xunit/VsTestRunner2/netcoreapp" className="OpenTECHub.Tests.KlaTestRunnerTests" name="StopRun_during_prestage_closes_the_flowmeter" />
    </UnitTest>
    <UnitTest name="OpenTECHub.Tests.RecipeEngineTests.Cascade_monitor_condition_honours_the_consecutive_confirmations" storage="c:\users\vitor\onedrive\posdoc_fapesp\_automacao_e_controle\projetotecnal\windows_app\tests\opentechub.tests\bin\klae4validation\net10.0-windows10.0.19041.0\opentechub.tests.dll" id="d859aeb9-0770-bb85-49d9-44f9063d322d">
      <Execution id="bbacb3da-bab8-4206-a3ae-46400cd1d6a8" />
      <TestMethod codeBase="C:\Users\vitor\OneDrive\PosDoc_Fapesp\_Automacao_e_Controle\ProjetoTECNAL\Windows_app\tests\OpenTECHub.Tests\bin\KlaE4Validation\net10.0-windows10.0.19041.0\OpenTECHub.Tests.dll" adapterTypeName="executor://xunit/VsTestRunner2/netcoreapp" className="OpenTECHub.Tests.RecipeEngineTests" name="Cascade_monitor_condition_honours_the_consecutive_confirmations" />
    </UnitTest>
    <UnitTest name="OpenTECHub.Tests.KlaTestRunnerTests.SingleSession_UsesExistingRunPipelineAndPersistsFrozenDefinition" storage="c:\users\vitor\onedrive\posdoc_fapesp\_automacao_e_controle\projetotecnal\windows_app\tests\opentechub.tests\bin\klae4validation\net10.0-windows10.0.19041.0\opentechub.tests.dll" id="58f2fdf1-fce7-9f2b-f13e-cb0bdd1af6ce">
      <Execution id="58d70437-2ef5-438c-9bfc-4c92cac2d823" />
      <TestMethod codeBase="C:\Users\vitor\OneDrive\PosDoc_Fapesp\_Automacao_e_Controle\ProjetoTECNAL\Windows_app\tests\OpenTECHub.Tests\bin\KlaE4Validation\net10.0-windows10.0.19041.0\OpenTECHub.Tests.dll" adapterTypeName="executor://xunit/VsTestRunner2/netcoreapp" className="OpenTECHub.Tests.KlaTestRunnerTests" name="SingleSession_UsesExistingRunPipelineAndPersistsFrozenDefinition" />
    </UnitTest>
    <UnitTest name="OpenTECHub.Tests.RecipeEngineTests.Cascade_loop_exits_when_its_saida_loop_timer_elapses" storage="c:\users\vitor\onedrive\posdoc_fapesp\_automacao_e_controle\projetotecnal\windows_app\tests\opentechub.tests\bin\klae4validation\net10.0-windows10.0.19041.0\opentechub.tests.dll" id="ddfe3f99-f024-5151-2991-2d11c896a016">
      <Execution id="a5dd4a2e-4ac9-46b1-a1b8-b8ac28874324" />
      <TestMethod codeBase="C:\Users\vitor\OneDrive\PosDoc_Fapesp\_Automacao_e_Controle\ProjetoTECNAL\Windows_app\tests\OpenTECHub.Tests\bin\KlaE4Validation\net10.0-windows10.0.19041.0\OpenTECHub.Tests.dll" adapterTypeName="executor://xunit/VsTestRunner2/netcoreapp" className="OpenTECHub.Tests.RecipeEngineTests" name="Cascade_loop_exits_when_its_saida_loop_timer_elapses" />
    </UnitTest>
    <UnitTest name="OpenTECHub.Tests.RecipeEngineTests.Cascade_executes_in_agitation_only_mode" storage="c:\users\vitor\onedrive\posdoc_fapesp\_automacao_e_controle\projetotecnal\windows_app\tests\opentechub.tests\bin\klae4validation\net10.0-windows10.0.19041.0\opentechub.tests.dll" id="2069bb34-9801-d76b-5ccc-d0f4a6d27137">
      <Execution id="d6193e51-75d7-4ddc-961f-82db2772be90" />
      <TestMethod codeBase="C:\Users\vitor\OneDrive\PosDoc_Fapesp\_Automacao_e_Controle\ProjetoTECNAL\Windows_app\tests\OpenTECHub.Tests\bin\KlaE4Validation\net10.0-windows10.0.19041.0\OpenTECHub.Tests.dll" adapterTypeName="executor://xunit/VsTestRunner2/netcoreapp" className="OpenTECHub.Tests.RecipeEngineTests" name="Cascade_executes_in_agitation_only_mode" />
    </UnitTest>
    <UnitTest name="OpenTECHub.Tests.RecipeEngineTests.Starting_claims_every_actuator_so_manual_control_is_deactivated" storage="c:\users\vitor\onedrive\posdoc_fapesp\_automacao_e_controle\projetotecnal\windows_app\tests\opentechub.tests\bin\klae4validation\net10.0-windows10.0.19041.0\opentechub.tests.dll" id="025c9c96-7e83-36f8-f916-a6e46b349207">
      <Execution id="29a6d9c5-08ec-46db-87f2-889a2f3865f4" />
      <TestMethod codeBase="C:\Users\vitor\OneDrive\PosDoc_Fapesp\_Automacao_e_Controle\ProjetoTECNAL\Windows_app\tests\OpenTECHub.Tests\bin\KlaE4Validation\net10.0-windows10.0.19041.0\OpenTECHub.Tests.dll" adapterTypeName="executor://xunit/VsTestRunner2/netcoreapp" className="OpenTECHub.Tests.RecipeEngineTests" name="Starting_claims_every_actuator_so_manual_control_is_deactivated" />
    </UnitTest>
    <UnitTest name="OpenTECHub.Tests.RecipeEngineTests.The_operator_can_stop_the_recipe_while_it_holds_for_the_flowmeter" storage="c:\users\vitor\onedrive\posdoc_fapesp\_automacao_e_controle\projetotecnal\windows_app\tests\opentechub.tests\bin\klae4validation\net10.0-windows10.0.19041.0\opentechub.tests.dll" id="a40f5021-3006-1a7c-8b57-ff27951a3aa9">
      <Execution id="b1547083-59a2-4400-9376-1ad37b5c5299" />
      <TestMethod codeBase="C:\Users\vitor\OneDrive\PosDoc_Fapesp\_Automacao_e_Controle\ProjetoTECNAL\Windows_app\tests\OpenTECHub.Tests\bin\KlaE4Validation\net10.0-windows10.0.19041.0\OpenTECHub.Tests.dll" adapterTypeName="executor://xunit/VsTestRunner2/netcoreapp" className="OpenTECHub.Tests.RecipeEngineTests" name="The_operator_can_stop_the_recipe_while_it_holds_for_the_flowmeter" />
    </UnitTest>
    <UnitTest name="OpenTECHub.Tests.KlaTestRunnerTests.E2_MissingRestorationEchoFailsExplicitlyAndBlocksNextRun" storage="c:\users\vitor\onedrive\posdoc_fapesp\_automacao_e_controle\projetotecnal\windows_app\tests\opentechub.tests\bin\klae4validation\net10.0-windows10.0.19041.0\opentechub.tests.dll" id="9b79364a-05b9-9c2c-007c-560407a9c161">
      <Execution id="882dc547-3124-42c8-85b8-f75672d6ea17" />
      <TestMethod codeBase="C:\Users\vitor\OneDrive\PosDoc_Fapesp\_Automacao_e_Controle\ProjetoTECNAL\Windows_app\tests\OpenTECHub.Tests\bin\KlaE4Validation\net10.0-windows10.0.19041.0\OpenTECHub.Tests.dll" adapterTypeName="executor://xunit/VsTestRunner2/netcoreapp" className="OpenTECHub.Tests.KlaTestRunnerTests" name="E2_MissingRestorationEchoFailsExplicitlyAndBlocksNextRun" />
    </UnitTest>
    <UnitTest name="OpenTECHub.Tests.RecipeEngineTests.Temperature_setpoint_waits_for_the_routed_bath_to_confirm_and_settle" storage="c:\users\vitor\onedrive\posdoc_fapesp\_automacao_e_controle\projetotecnal\windows_app\tests\opentechub.tests\bin\klae4validation\net10.0-windows10.0.19041.0\opentechub.tests.dll" id="d7381707-ed04-c492-3135-634955467f1d">
      <Execution id="356d6aae-2b1a-4d56-860f-35de95076bee" />
      <TestMethod codeBase="C:\Users\vitor\OneDrive\PosDoc_Fapesp\_Automacao_e_Controle\ProjetoTECNAL\Windows_app\tests\OpenTECHub.Tests\bin\KlaE4Validation\net10.0-windows10.0.19041.0\OpenTECHub.Tests.dll" adapterTypeName="executor://xunit/VsTestRunner2/netcoreapp" className="OpenTECHub.Tests.RecipeEngineTests" name="Temperature_setpoint_waits_for_the_routed_bath_to_confirm_and_settle" />
    </UnitTest>
    <UnitTest name="OpenTECHub.Tests.KlaTestRunnerTests.StartRun_refuses_to_open_N2_without_the_source_confirmation" storage="c:\users\vitor\onedrive\posdoc_fapesp\_automacao_e_controle\projetotecnal\windows_app\tests\opentechub.tests\bin\klae4validation\net10.0-windows10.0.19041.0\opentechub.tests.dll" id="f21b21ab-0645-c857-048a-5ffdc39d91b8">
      <Execution id="02707f3e-9d93-4e29-b520-561c08c68d9f" />
      <TestMethod codeBase="C:\Users\vitor\OneDrive\PosDoc_Fapesp\_Automacao_e_Controle\ProjetoTECNAL\Windows_app\tests\OpenTECHub.Tests\bin\KlaE4Validation\net10.0-windows10.0.19041.0\OpenTECHub.Tests.dll" adapterTypeName="executor://xunit/VsTestRunner2/netcoreapp" className="OpenTECHub.Tests.KlaTestRunnerTests" name="StartRun_refuses_to_open_N2_without_the_source_confirmation" />
    </UnitTest>
    <UnitTest name="OpenTECHub.Tests.KlaTestRunnerTests.StartRun_refuses_a_legacy_manifest_and_a_rig_that_changed_since_the_assay_started" storage="c:\users\vitor\onedrive\posdoc_fapesp\_automacao_e_controle\projetotecnal\windows_app\tests\opentechub.tests\bin\klae4validation\net10.0-windows10.0.19041.0\opentechub.tests.dll" id="5aa727ca-4e45-777a-eb39-9edbc3ab1f2d">
      <Execution id="31b318a6-d401-4d51-bba2-b71766e9774a" />
      <TestMethod codeBase="C:\Users\vitor\OneDrive\PosDoc_Fapesp\_Automacao_e_Controle\ProjetoTECNAL\Windows_app\tests\OpenTECHub.Tests\bin\KlaE4Validation\net10.0-windows10.0.19041.0\OpenTECHub.Tests.dll" adapterTypeName="executor://xunit/VsTestRunner2/netcoreapp" className="OpenTECHub.Tests.KlaTestRunnerTests" name="StartRun_refuses_a_legacy_manifest_and_a_rig_that_changed_since_the_assay_started" />
    </UnitTest>
    <UnitTest name="OpenTECHub.Tests.KlaTestRunnerTests.E2_RestorationFailurePersistsAcrossReload" storage="c:\users\vitor\onedrive\posdoc_fapesp\_automacao_e_controle\projetotecnal\windows_app\tests\opentechub.tests\bin\klae4validation\net10.0-windows10.0.19041.0\opentechub.tests.dll" id="b7c3bc79-abbc-3dab-a455-a96a60bc434d">
      <Execution id="de65d481-e813-4ead-bda3-742038639211" />
      <TestMethod codeBase="C:\Users\vitor\OneDrive\PosDoc_Fapesp\_Automacao_e_Controle\ProjetoTECNAL\Windows_app\tests\OpenTECHub.Tests\bin\KlaE4Validation\net10.0-windows10.0.19041.0\OpenTECHub.Tests.dll" adapterTypeName="executor://xunit/VsTestRunner2/netcoreapp" className="OpenTECHub.Tests.KlaTestRunnerTests" name="E2_RestorationFailurePersistsAcrossReload" />
    </UnitTest>
    <UnitTest name="OpenTECHub.Tests.RecipeEngineTests.Enabling_the_aeration_loop_writes_the_hub_flag_and_holds_until_it_is_echoed" storage="c:\users\vitor\onedrive\posdoc_fapesp\_automacao_e_controle\projetotecnal\windows_app\tests\opentechub.tests\bin\klae4validation\net10.0-windows10.0.19041.0\opentechub.tests.dll" id="01d209e2-1bb6-3bb3-901f-fe0d862db0d4">
      <Execution id="f7499a4a-a6af-4c12-90fe-6584f472f865" />
      <TestMethod codeBase="C:\Users\vitor\OneDrive\PosDoc_Fapesp\_Automacao_e_Controle\ProjetoTECNAL\Windows_app\tests\OpenTECHub.Tests\bin\KlaE4Validation\net10.0-windows10.0.19041.0\OpenTECHub.Tests.dll" adapterTypeName="executor://xunit/VsTestRunner2/netcoreapp" className="OpenTECHub.Tests.RecipeEngineTests" name="Enabling_the_aeration_loop_writes_the_hub_flag_and_holds_until_it_is_echoed" />
    </UnitTest>
    <UnitTest name="OpenTECHub.Tests.KlaTestRunnerTests.E2_BioticKeepsFlowOnAndRestoresBeforeReview" storage="c:\users\vitor\onedrive\posdoc_fapesp\_automacao_e_controle\projetotecnal\windows_app\tests\opentechub.tests\bin\klae4validation\net10.0-windows10.0.19041.0\opentechub.tests.dll" id="2cb28f93-7015-51e3-ea3f-09a9b7e420e5">
      <Execution id="cef26442-203c-43cf-aa79-09ceeab0f6a3" />
      <TestMethod codeBase="C:\Users\vitor\OneDrive\PosDoc_Fapesp\_Automacao_e_Controle\ProjetoTECNAL\Windows_app\tests\OpenTECHub.Tests\bin\KlaE4Validation\net10.0-windows10.0.19041.0\OpenTECHub.Tests.dll" adapterTypeName="executor://xunit/VsTestRunner2/netcoreapp" className="OpenTECHub.Tests.KlaTestRunnerTests" name="E2_BioticKeepsFlowOnAndRestoresBeforeReview" />
    </UnitTest>
    <UnitTest name="OpenTECHub.Tests.KlaTestRunnerTests.E2_CancelAtEachBioticStageRequestsAirInsteadOfClosingFlow(stage: 2)" storage="c:\users\vitor\onedrive\posdoc_fapesp\_automacao_e_controle\projetotecnal\windows_app\tests\opentechub.tests\bin\klae4validation\net10.0-windows10.0.19041.0\opentechub.tests.dll" id="1963ba1f-1889-208f-8fbc-f29811ff94be">
      <Execution id="6a2fde8e-032d-4e08-be14-d7cd9475eab4" />
      <TestMethod codeBase="C:\Users\vitor\OneDrive\PosDoc_Fapesp\_Automacao_e_Controle\ProjetoTECNAL\Windows_app\tests\OpenTECHub.Tests\bin\KlaE4Validation\net10.0-windows10.0.19041.0\OpenTECHub.Tests.dll" adapterTypeName="executor://xunit/VsTestRunner2/netcoreapp" className="OpenTECHub.Tests.KlaTestRunnerTests" name="E2_CancelAtEachBioticStageRequestsAirInsteadOfClosingFlow" />
    </UnitTest>
    <UnitTest name="OpenTECHub.Tests.KlaTestRunnerTests.E2_LinkLossNeverClaimsRestorationSucceeded" storage="c:\users\vitor\onedrive\posdoc_fapesp\_automacao_e_controle\projetotecnal\windows_app\tests\opentechub.tests\bin\klae4validation\net10.0-windows10.0.19041.0\opentechub.tests.dll" id="80a5d41b-d875-c991-0615-1d2c5896dda4">
      <Execution id="df014483-bc31-4e50-b49b-0291bedf8d4e" />
      <TestMethod codeBase="C:\Users\vitor\OneDrive\PosDoc_Fapesp\_Automacao_e_Controle\ProjetoTECNAL\Windows_app\tests\OpenTECHub.Tests\bin\KlaE4Validation\net10.0-windows10.0.19041.0\OpenTECHub.Tests.dll" adapterTypeName="executor://xunit/VsTestRunner2/netcoreapp" className="OpenTECHub.Tests.KlaTestRunnerTests" name="E2_LinkLossNeverClaimsRestorationSucceeded" />
    </UnitTest>
    <UnitTest name="OpenTECHub.Tests.KlaRunnerSimulatorTests.A_run_on_the_simulated_rig_strips_prestages_switches_and_reaerates" storage="c:\users\vitor\onedrive\posdoc_fapesp\_automacao_e_controle\projetotecnal\windows_app\tests\opentechub.tests\bin\klae4validation\net10.0-windows10.0.19041.0\opentechub.tests.dll" id="9bd6e4a2-da3a-8de7-484e-f05a0dc31c31">
      <Execution id="5f626d8b-80e7-43e9-b25e-6306c81d79f7" />
      <TestMethod codeBase="C:\Users\vitor\OneDrive\PosDoc_Fapesp\_Automacao_e_Controle\ProjetoTECNAL\Windows_app\tests\OpenTECHub.Tests\bin\KlaE4Validation\net10.0-windows10.0.19041.0\OpenTECHub.Tests.dll" adapterTypeName="executor://xunit/VsTestRunner2/netcoreapp" className="OpenTECHub.Tests.KlaRunnerSimulatorTests" name="A_run_on_the_simulated_rig_strips_prestages_switches_and_reaerates" />
    </UnitTest>
    <UnitTest name="OpenTECHub.Tests.RecipeEngineTests.Link_loss_safe_aborts_the_running_recipe" storage="c:\users\vitor\onedrive\posdoc_fapesp\_automacao_e_controle\projetotecnal\windows_app\tests\opentechub.tests\bin\klae4validation\net10.0-windows10.0.19041.0\opentechub.tests.dll" id="dfc377f8-dc7e-f155-b7e3-64dd1d58482e">
      <Execution id="3436c49b-c2d8-4711-9cde-ca9bc7040fb1" />
      <TestMethod codeBase="C:\Users\vitor\OneDrive\PosDoc_Fapesp\_Automacao_e_Controle\ProjetoTECNAL\Windows_app\tests\OpenTECHub.Tests\bin\KlaE4Validation\net10.0-windows10.0.19041.0\OpenTECHub.Tests.dll" adapterTypeName="executor://xunit/VsTestRunner2/netcoreapp" className="OpenTECHub.Tests.RecipeEngineTests" name="Link_loss_safe_aborts_the_running_recipe" />
    </UnitTest>
    <UnitTest name="OpenTECHub.Tests.RecipeEngineTests.Cascade_block_dispatches_a_combined_frame_and_settles" storage="c:\users\vitor\onedrive\posdoc_fapesp\_automacao_e_controle\projetotecnal\windows_app\tests\opentechub.tests\bin\klae4validation\net10.0-windows10.0.19041.0\opentechub.tests.dll" id="9465c306-50b8-efac-21af-90ed54dd6057">
      <Execution id="48eaa887-ac41-4481-a202-ffe80e567bc5" />
      <TestMethod codeBase="C:\Users\vitor\OneDrive\PosDoc_Fapesp\_Automacao_e_Controle\ProjetoTECNAL\Windows_app\tests\OpenTECHub.Tests\bin\KlaE4Validation\net10.0-windows10.0.19041.0\OpenTECHub.Tests.dll" adapterTypeName="executor://xunit/VsTestRunner2/netcoreapp" className="OpenTECHub.Tests.RecipeEngineTests" name="Cascade_block_dispatches_a_combined_frame_and_settles" />
    </UnitTest>
    <UnitTest name="OpenTECHub.Tests.RecipeEngineTests.Cascade_loop_exits_when_its_saida_loop_manual_gate_passes" storage="c:\users\vitor\onedrive\posdoc_fapesp\_automacao_e_controle\projetotecnal\windows_app\tests\opentechub.tests\bin\klae4validation\net10.0-windows10.0.19041.0\opentechub.tests.dll" id="6b746ca6-fd74-3382-0f11-3bc8abfeb2ae">
      <Execution id="b9b7dd30-d1fd-4d98-9692-055f76d3dfa0" />
      <TestMethod codeBase="C:\Users\vitor\OneDrive\PosDoc_Fapesp\_Automacao_e_Controle\ProjetoTECNAL\Windows_app\tests\OpenTECHub.Tests\bin\KlaE4Validation\net10.0-windows10.0.19041.0\OpenTECHub.Tests.dll" adapterTypeName="executor://xunit/VsTestRunner2/netcoreapp" className="OpenTECHub.Tests.RecipeEngineTests" name="Cascade_loop_exits_when_its_saida_loop_manual_gate_passes" />
    </UnitTest>
    <UnitTest name="OpenTECHub.Tests.RecipeEngineTests.Cascade_exit_deadline_does_not_depend_on_another_telemetry_frame(timerExit: True)" storage="c:\users\vitor\onedrive\posdoc_fapesp\_automacao_e_controle\projetotecnal\windows_app\tests\opentechub.tests\bin\klae4validation\net10.0-windows10.0.19041.0\opentechub.tests.dll" id="be33c7a5-d324-96b4-958f-fa6ab56f24c5">
      <Execution id="08ff9517-e0e5-4b44-a278-e3530721b4c2" />
      <TestMethod codeBase="C:\Users\vitor\OneDrive\PosDoc_Fapesp\_Automacao_e_Controle\ProjetoTECNAL\Windows_app\tests\OpenTECHub.Tests\bin\KlaE4Validation\net10.0-windows10.0.19041.0\OpenTECHub.Tests.dll" adapterTypeName="executor://xunit/VsTestRunner2/netcoreapp" className="OpenTECHub.Tests.RecipeEngineTests" name="Cascade_exit_deadline_does_not_depend_on_another_telemetry_frame" />
    </UnitTest>
    <UnitTest name="OpenTECHub.Tests.RecipeEngineTests.Cascade_executes_in_aeration_only_mode" storage="c:\users\vitor\onedrive\posdoc_fapesp\_automacao_e_controle\projetotecnal\windows_app\tests\opentechub.tests\bin\klae4validation\net10.0-windows10.0.19041.0\opentechub.tests.dll" id="437087ae-940a-94a0-6b31-b70ce9b1ed64">
      <Execution id="49ea25c9-464e-4f1b-a3e3-c3c11cb0bcbf" />
      <TestMethod codeBase="C:\Users\vitor\OneDrive\PosDoc_Fapesp\_Automacao_e_Controle\ProjetoTECNAL\Windows_app\tests\OpenTECHub.Tests\bin\KlaE4Validation\net10.0-windows10.0.19041.0\OpenTECHub.Tests.dll" adapterTypeName="executor://xunit/VsTestRunner2/netcoreapp" className="OpenTECHub.Tests.RecipeEngineTests" name="Cascade_executes_in_aeration_only_mode" />
    </UnitTest>
    <UnitTest name="OpenTECHub.Tests.KlaTestRunnerTests.E2_CancelAtEachBioticStageRequestsAirInsteadOfClosingFlow(stage: 0)" storage="c:\users\vitor\onedrive\posdoc_fapesp\_automacao_e_controle\projetotecnal\windows_app\tests\opentechub.tests\bin\klae4validation\net10.0-windows10.0.19041.0\opentechub.tests.dll" id="0dfab70c-284e-b6c4-bf20-d435f3a0d309">
      <Execution id="8679d84d-98eb-4504-aba2-8a8acd36c895" />
      <TestMethod codeBase="C:\Users\vitor\OneDrive\PosDoc_Fapesp\_Automacao_e_Controle\ProjetoTECNAL\Windows_app\tests\OpenTECHub.Tests\bin\KlaE4Validation\net10.0-windows10.0.19041.0\OpenTECHub.Tests.dll" adapterTypeName="executor://xunit/VsTestRunner2/netcoreapp" className="OpenTECHub.Tests.KlaTestRunnerTests" name="E2_CancelAtEachBioticStageRequestsAirInsteadOfClosingFlow" />
    </UnitTest>
    <UnitTest name="OpenTECHub.Tests.KlaTestRunnerTests.Prestage_timeout_stops_the_run_for_review_without_switching" storage="c:\users\vitor\onedrive\posdoc_fapesp\_automacao_e_controle\projetotecnal\windows_app\tests\opentechub.tests\bin\klae4validation\net10.0-windows10.0.19041.0\opentechub.tests.dll" id="401b886e-7633-b33c-2a23-d4bce963b41c">
      <Execution id="355b9689-9372-4325-a30b-a7ac0791d94e" />
      <TestMethod codeBase="C:\Users\vitor\OneDrive\PosDoc_Fapesp\_Automacao_e_Controle\ProjetoTECNAL\Windows_app\tests\OpenTECHub.Tests\bin\KlaE4Validation\net10.0-windows10.0.19041.0\OpenTECHub.Tests.dll" adapterTypeName="executor://xunit/VsTestRunner2/netcoreapp" className="OpenTECHub.Tests.KlaTestRunnerTests" name="Prestage_timeout_stops_the_run_for_review_without_switching" />
    </UnitTest>
    <UnitTest name="OpenTECHub.Tests.RecipeEngineTests.Monitor_block_completes_when_telemetry_satisfies_the_condition" storage="c:\users\vitor\onedrive\posdoc_fapesp\_automacao_e_controle\projetotecnal\windows_app\tests\opentechub.tests\bin\klae4validation\net10.0-windows10.0.19041.0\opentechub.tests.dll" id="b9514fec-281c-f866-6c07-47fbcbb813ab">
      <Execution id="0be71a48-8b5b-4dbe-9d10-a4650b26f736" />
      <TestMethod codeBase="C:\Users\vitor\OneDrive\PosDoc_Fapesp\_Automacao_e_Controle\ProjetoTECNAL\Windows_app\tests\OpenTECHub.Tests\bin\KlaE4Validation\net10.0-windows10.0.19041.0\OpenTECHub.Tests.dll" adapterTypeName="executor://xunit/VsTestRunner2/netcoreapp" className="OpenTECHub.Tests.RecipeEngineTests" name="Monitor_block_completes_when_telemetry_satisfies_the_condition" />
    </UnitTest>
    <UnitTest name="OpenTECHub.Tests.KlaTestRunnerTests.Full_run_strips_with_N2_prestages_air_on_C_and_switches_to_A_in_one_frame" storage="c:\users\vitor\onedrive\posdoc_fapesp\_automacao_e_controle\projetotecnal\windows_app\tests\opentechub.tests\bin\klae4validation\net10.0-windows10.0.19041.0\opentechub.tests.dll" id="63e5c7e3-571f-efb5-085a-f2673ac55213">
      <Execution id="31be854b-5cb9-4b92-b005-f1b35b7df56a" />
      <TestMethod codeBase="C:\Users\vitor\OneDrive\PosDoc_Fapesp\_Automacao_e_Controle\ProjetoTECNAL\Windows_app\tests\OpenTECHub.Tests\bin\KlaE4Validation\net10.0-windows10.0.19041.0\OpenTECHub.Tests.dll" adapterTypeName="executor://xunit/VsTestRunner2/netcoreapp" className="OpenTECHub.Tests.KlaTestRunnerTests" name="Full_run_strips_with_N2_prestages_air_on_C_and_switches_to_A_in_one_frame" />
    </UnitTest>
    <UnitTest name="OpenTECHub.Tests.RecipeEngineTests.Temperature_block_restarts_the_settle_time_when_the_reactor_leaves_the_band" storage="c:\users\vitor\onedrive\posdoc_fapesp\_automacao_e_controle\projetotecnal\windows_app\tests\opentechub.tests\bin\klae4validation\net10.0-windows10.0.19041.0\opentechub.tests.dll" id="4cc50fc6-e8dd-141c-2852-da0c50b01914">
      <Execution id="674b7861-e77f-4591-8ab6-a904d3aaffe9" />
      <TestMethod codeBase="C:\Users\vitor\OneDrive\PosDoc_Fapesp\_Automacao_e_Controle\ProjetoTECNAL\Windows_app\tests\OpenTECHub.Tests\bin\KlaE4Validation\net10.0-windows10.0.19041.0\OpenTECHub.Tests.dll" adapterTypeName="executor://xunit/VsTestRunner2/netcoreapp" className="OpenTECHub.Tests.RecipeEngineTests" name="Temperature_block_restarts_the_settle_time_when_the_reactor_leaves_the_band" />
    </UnitTest>
    <UnitTest name="OpenTECHub.Tests.RecipeEngineTests.Multi_setpoint_waits_for_flow_and_bath_independently" storage="c:\users\vitor\onedrive\posdoc_fapesp\_automacao_e_controle\projetotecnal\windows_app\tests\opentechub.tests\bin\klae4validation\net10.0-windows10.0.19041.0\opentechub.tests.dll" id="55fe5e44-51f4-5299-27ed-e6406b2cffdb">
      <Execution id="f8c6bca3-79d6-4bfd-ae4c-a5d552f7502b" />
      <TestMethod codeBase="C:\Users\vitor\OneDrive\PosDoc_Fapesp\_Automacao_e_Controle\ProjetoTECNAL\Windows_app\tests\OpenTECHub.Tests\bin\KlaE4Validation\net10.0-windows10.0.19041.0\OpenTECHub.Tests.dll" adapterTypeName="executor://xunit/VsTestRunner2/netcoreapp" className="OpenTECHub.Tests.RecipeEngineTests" name="Multi_setpoint_waits_for_flow_and_bath_independently" />
    </UnitTest>
    <UnitTest name="OpenTECHub.Tests.KlaTestRunnerTests.E2_AbioticHonoursEditableRemovalAgitation" storage="c:\users\vitor\onedrive\posdoc_fapesp\_automacao_e_controle\projetotecnal\windows_app\tests\opentechub.tests\bin\klae4validation\net10.0-windows10.0.19041.0\opentechub.tests.dll" id="fb2410d5-0fb7-b040-c16b-f95f04254918">
      <Execution id="61ee4102-5b0a-4e4b-abd9-1cdffa20d1d8" />
      <TestMethod codeBase="C:\Users\vitor\OneDrive\PosDoc_Fapesp\_Automacao_e_Controle\ProjetoTECNAL\Windows_app\tests\OpenTECHub.Tests\bin\KlaE4Validation\net10.0-windows10.0.19041.0\OpenTECHub.Tests.dll" adapterTypeName="executor://xunit/VsTestRunner2/netcoreapp" className="OpenTECHub.Tests.KlaTestRunnerTests" name="E2_AbioticHonoursEditableRemovalAgitation" />
    </UnitTest>
    <UnitTest name="OpenTECHub.Tests.RecipeEngineTests.Cascade_exit_deadline_does_not_depend_on_another_telemetry_frame(timerExit: False)" storage="c:\users\vitor\onedrive\posdoc_fapesp\_automacao_e_controle\projetotecnal\windows_app\tests\opentechub.tests\bin\klae4validation\net10.0-windows10.0.19041.0\opentechub.tests.dll" id="94a1edcc-94e1-42a7-d758-ada1a46f4b27">
      <Execution id="c028c7e9-e96f-4a47-b4b0-63ee67ca63cb" />
      <TestMethod codeBase="C:\Users\vitor\OneDrive\PosDoc_Fapesp\_Automacao_e_Controle\ProjetoTECNAL\Windows_app\tests\OpenTECHub.Tests\bin\KlaE4Validation\net10.0-windows10.0.19041.0\OpenTECHub.Tests.dll" adapterTypeName="executor://xunit/VsTestRunner2/netcoreapp" className="OpenTECHub.Tests.RecipeEngineTests" name="Cascade_exit_deadline_does_not_depend_on_another_telemetry_frame" />
    </UnitTest>
    <UnitTest name="OpenTECHub.Tests.KlaTestRunnerTests.Run_starting_at_the_floor_skips_N2_but_still_prestages_on_C_until_flow_and_DO_are_still" storage="c:\users\vitor\onedrive\posdoc_fapesp\_automacao_e_controle\projetotecnal\windows_app\tests\opentechub.tests\bin\klae4validation\net10.0-windows10.0.19041.0\opentechub.tests.dll" id="73d4be79-ae86-0faf-9b26-6b086009e368">
      <Execution id="30f5d516-aacf-415e-b38f-5aa9bb41c2b8" />
      <TestMethod codeBase="C:\Users\vitor\OneDrive\PosDoc_Fapesp\_Automacao_e_Controle\ProjetoTECNAL\Windows_app\tests\OpenTECHub.Tests\bin\KlaE4Validation\net10.0-windows10.0.19041.0\OpenTECHub.Tests.dll" adapterTypeName="executor://xunit/VsTestRunner2/netcoreapp" className="OpenTECHub.Tests.KlaTestRunnerTests" name="Run_starting_at_the_floor_skips_N2_but_still_prestages_on_C_until_flow_and_DO_are_still" />
    </UnitTest>
    <UnitTest name="OpenTECHub.Tests.KlaTestRunnerTests.E5_Queue_limits_block_the_real_runner_before_any_command(reason: &quot;attempt&quot;)" storage="c:\users\vitor\onedrive\posdoc_fapesp\_automacao_e_controle\projetotecnal\windows_app\tests\opentechub.tests\bin\klae4validation\net10.0-windows10.0.19041.0\opentechub.tests.dll" id="5f48830d-63dd-b34c-68d2-48f53909bb9a">
      <Execution id="7e63bb20-7d23-4adc-8d7b-061a8afe8936" />
      <TestMethod codeBase="C:\Users\vitor\OneDrive\PosDoc_Fapesp\_Automacao_e_Controle\ProjetoTECNAL\Windows_app\tests\OpenTECHub.Tests\bin\KlaE4Validation\net10.0-windows10.0.19041.0\OpenTECHub.Tests.dll" adapterTypeName="executor://xunit/VsTestRunner2/netcoreapp" className="OpenTECHub.Tests.KlaTestRunnerTests" name="E5_Queue_limits_block_the_real_runner_before_any_command" />
    </UnitTest>
    <UnitTest name="OpenTECHub.Tests.RecipeEngineTests.Cannot_start_when_disconnected" storage="c:\users\vitor\onedrive\posdoc_fapesp\_automacao_e_controle\projetotecnal\windows_app\tests\opentechub.tests\bin\klae4validation\net10.0-windows10.0.19041.0\opentechub.tests.dll" id="c0aea3e1-19fe-0744-50c6-1a99be8331df">
      <Execution id="4eba4262-5d1e-4ad6-9383-4207d245a9ae" />
      <TestMethod codeBase="C:\Users\vitor\OneDrive\PosDoc_Fapesp\_Automacao_e_Controle\ProjetoTECNAL\Windows_app\tests\OpenTECHub.Tests\bin\KlaE4Validation\net10.0-windows10.0.19041.0\OpenTECHub.Tests.dll" adapterTypeName="executor://xunit/VsTestRunner2/netcoreapp" className="OpenTECHub.Tests.RecipeEngineTests" name="Cannot_start_when_disconnected" />
    </UnitTest>
    <UnitTest name="OpenTECHub.Tests.KlaTestRunnerTests.E2_FramesWithoutNewOxygenDoNotAddPointsOrExtendOxygenDeadline" storage="c:\users\vitor\onedrive\posdoc_fapesp\_automacao_e_controle\projetotecnal\windows_app\tests\opentechub.tests\bin\klae4validation\net10.0-windows10.0.19041.0\opentechub.tests.dll" id="f024be97-329f-61ec-24ad-adf34c78c67b">
      <Execution id="aadb1f49-9a96-46e6-bdbf-44dab9eeb967" />
      <TestMethod codeBase="C:\Users\vitor\OneDrive\PosDoc_Fapesp\_Automacao_e_Controle\ProjetoTECNAL\Windows_app\tests\OpenTECHub.Tests\bin\KlaE4Validation\net10.0-windows10.0.19041.0\OpenTECHub.Tests.dll" adapterTypeName="executor://xunit/VsTestRunner2/netcoreapp" className="OpenTECHub.Tests.KlaTestRunnerTests" name="E2_FramesWithoutNewOxygenDoNotAddPointsOrExtendOxygenDeadline" />
    </UnitTest>
    <UnitTest name="OpenTECHub.Tests.RecipeEngineTests.Cascade_monitor_on_another_variable_exits_even_while_the_oxygen_probe_is_silent" storage="c:\users\vitor\onedrive\posdoc_fapesp\_automacao_e_controle\projetotecnal\windows_app\tests\opentechub.tests\bin\klae4validation\net10.0-windows10.0.19041.0\opentechub.tests.dll" id="89738bf7-d96a-7268-327e-1ab5340d4bfb">
      <Execution id="838fed3b-8ab8-4178-9b4e-ef4ef3c440e4" />
      <TestMethod codeBase="C:\Users\vitor\OneDrive\PosDoc_Fapesp\_Automacao_e_Controle\ProjetoTECNAL\Windows_app\tests\OpenTECHub.Tests\bin\KlaE4Validation\net10.0-windows10.0.19041.0\OpenTECHub.Tests.dll" adapterTypeName="executor://xunit/VsTestRunner2/netcoreapp" className="OpenTECHub.Tests.RecipeEngineTests" name="Cascade_monitor_on_another_variable_exits_even_while_the_oxygen_probe_is_silent" />
    </UnitTest>
    <UnitTest name="OpenTECHub.Tests.KlaTestRunnerTests.E5_Queue_limits_block_the_real_runner_before_any_command(reason: &quot;restoration&quot;)" storage="c:\users\vitor\onedrive\posdoc_fapesp\_automacao_e_controle\projetotecnal\windows_app\tests\opentechub.tests\bin\klae4validation\net10.0-windows10.0.19041.0\opentechub.tests.dll" id="bf907830-45f8-8575-9ad9-b2c04e8d044d">
      <Execution id="b12b7068-6699-4e3f-b8be-9dbe83fe0b39" />
      <TestMethod codeBase="C:\Users\vitor\OneDrive\PosDoc_Fapesp\_Automacao_e_Controle\ProjetoTECNAL\Windows_app\tests\OpenTECHub.Tests\bin\KlaE4Validation\net10.0-windows10.0.19041.0\OpenTECHub.Tests.dll" adapterTypeName="executor://xunit/VsTestRunner2/netcoreapp" className="OpenTECHub.Tests.KlaTestRunnerTests" name="E5_Queue_limits_block_the_real_runner_before_any_command" />
    </UnitTest>
    <UnitTest name="OpenTECHub.Tests.KlaTestRunnerTests.E7_PhysicalBioticReleaseIsBlockedBeforeAnyActuatorCommand" storage="c:\users\vitor\onedrive\posdoc_fapesp\_automacao_e_controle\projetotecnal\windows_app\tests\opentechub.tests\bin\klae4validation\net10.0-windows10.0.19041.0\opentechub.tests.dll" id="2135e3bb-1ccc-6632-566b-460b29ecba7c">
      <Execution id="82b11e7d-c11a-4b06-b736-5cc4df504e2b" />
      <TestMethod codeBase="C:\Users\vitor\OneDrive\PosDoc_Fapesp\_Automacao_e_Controle\ProjetoTECNAL\Windows_app\tests\OpenTECHub.Tests\bin\KlaE4Validation\net10.0-windows10.0.19041.0\OpenTECHub.Tests.dll" adapterTypeName="executor://xunit/VsTestRunner2/netcoreapp" className="OpenTECHub.Tests.KlaTestRunnerTests" name="E7_PhysicalBioticReleaseIsBlockedBeforeAnyActuatorCommand" />
    </UnitTest>
    <UnitTest name="OpenTECHub.Tests.RecipeEngineTests.Cascade_loop_exits_when_its_saida_loop_monitor_condition_is_met" storage="c:\users\vitor\onedrive\posdoc_fapesp\_automacao_e_controle\projetotecnal\windows_app\tests\opentechub.tests\bin\klae4validation\net10.0-windows10.0.19041.0\opentechub.tests.dll" id="906f18d8-7473-04ae-a12b-2669813c675b">
      <Execution id="0c585584-0d87-47a5-ad1b-40e8b7bbc1a5" />
      <TestMethod codeBase="C:\Users\vitor\OneDrive\PosDoc_Fapesp\_Automacao_e_Controle\ProjetoTECNAL\Windows_app\tests\OpenTECHub.Tests\bin\KlaE4Validation\net10.0-windows10.0.19041.0\OpenTECHub.Tests.dll" adapterTypeName="executor://xunit/VsTestRunner2/netcoreapp" className="OpenTECHub.Tests.RecipeEngineTests" name="Cascade_loop_exits_when_its_saida_loop_monitor_condition_is_met" />
    </UnitTest>
    <UnitTest name="OpenTECHub.Tests.RecipeEngineTests.Flow_setpoint_holds_the_recipe_until_the_flowmeter_echoes_it_back" storage="c:\users\vitor\onedrive\posdoc_fapesp\_automacao_e_controle\projetotecnal\windows_app\tests\opentechub.tests\bin\klae4validation\net10.0-windows10.0.19041.0\opentechub.tests.dll" id="5edac962-7a55-eca9-4d38-e5a84e1f3b10">
      <Execution id="72901626-8c72-4927-bac5-72ac43ef9984" />
      <TestMethod codeBase="C:\Users\vitor\OneDrive\PosDoc_Fapesp\_Automacao_e_Controle\ProjetoTECNAL\Windows_app\tests\OpenTECHub.Tests\bin\KlaE4Validation\net10.0-windows10.0.19041.0\OpenTECHub.Tests.dll" adapterTypeName="executor://xunit/VsTestRunner2/netcoreapp" className="OpenTECHub.Tests.RecipeEngineTests" name="Flow_setpoint_holds_the_recipe_until_the_flowmeter_echoes_it_back" />
    </UnitTest>
    <UnitTest name="OpenTECHub.Tests.RecipeEngineTests.Disabling_the_aeration_loop_safe_stops_and_clears_the_flag_without_holding" storage="c:\users\vitor\onedrive\posdoc_fapesp\_automacao_e_controle\projetotecnal\windows_app\tests\opentechub.tests\bin\klae4validation\net10.0-windows10.0.19041.0\opentechub.tests.dll" id="08bed444-4f88-3e64-53e1-fcf6ed5eea61">
      <Execution id="817fa23a-e11e-43b1-8659-5b8594697daa" />
      <TestMethod codeBase="C:\Users\vitor\OneDrive\PosDoc_Fapesp\_Automacao_e_Controle\ProjetoTECNAL\Windows_app\tests\OpenTECHub.Tests\bin\KlaE4Validation\net10.0-windows10.0.19041.0\OpenTECHub.Tests.dll" adapterTypeName="executor://xunit/VsTestRunner2/netcoreapp" className="OpenTECHub.Tests.RecipeEngineTests" name="Disabling_the_aeration_loop_safe_stops_and_clears_the_flag_without_holding" />
    </UnitTest>
    <UnitTest name="OpenTECHub.Tests.RecipeEngineTests.Temperature_block_holds_while_tempval_is_invalid" storage="c:\users\vitor\onedrive\posdoc_fapesp\_automacao_e_controle\projetotecnal\windows_app\tests\opentechub.tests\bin\klae4validation\net10.0-windows10.0.19041.0\opentechub.tests.dll" id="9171fa81-9e27-f0e1-2b36-300aa1f2c670">
      <Execution id="f0cd543e-a580-479a-96ba-0c5a90d8b193" />
      <TestMethod codeBase="C:\Users\vitor\OneDrive\PosDoc_Fapesp\_Automacao_e_Controle\ProjetoTECNAL\Windows_app\tests\OpenTECHub.Tests\bin\KlaE4Validation\net10.0-windows10.0.19041.0\OpenTECHub.Tests.dll" adapterTypeName="executor://xunit/VsTestRunner2/netcoreapp" className="OpenTECHub.Tests.RecipeEngineTests" name="Temperature_block_holds_while_tempval_is_invalid" />
    </UnitTest>
    <UnitTest name="OpenTECHub.Tests.KlaTestRunnerTests.E2_CancelAtEachBioticStageRequestsAirInsteadOfClosingFlow(stage: 1)" storage="c:\users\vitor\onedrive\posdoc_fapesp\_automacao_e_controle\projetotecnal\windows_app\tests\opentechub.tests\bin\klae4validation\net10.0-windows10.0.19041.0\opentechub.tests.dll" id="c5309cae-4592-d34a-fb97-be2ff722dbdd">
      <Execution id="2524341c-b1bd-4e9c-913f-0ba890eb605a" />
      <TestMethod codeBase="C:\Users\vitor\OneDrive\PosDoc_Fapesp\_Automacao_e_Controle\ProjetoTECNAL\Windows_app\tests\OpenTECHub.Tests\bin\KlaE4Validation\net10.0-windows10.0.19041.0\OpenTECHub.Tests.dll" adapterTypeName="executor://xunit/VsTestRunner2/netcoreapp" className="OpenTECHub.Tests.KlaTestRunnerTests" name="E2_CancelAtEachBioticStageRequestsAirInsteadOfClosingFlow" />
    </UnitTest>
    <UnitTest name="OpenTECHub.Tests.KlaTestRunnerTests.Prestage_frame_without_echo_times_out_like_any_command" storage="c:\users\vitor\onedrive\posdoc_fapesp\_automacao_e_controle\projetotecnal\windows_app\tests\opentechub.tests\bin\klae4validation\net10.0-windows10.0.19041.0\opentechub.tests.dll" id="791377a2-6b88-821d-9d8d-212ef48dc930">
      <Execution id="dce37360-d1b2-49c6-8f5f-8d0c595c337f" />
      <TestMethod codeBase="C:\Users\vitor\OneDrive\PosDoc_Fapesp\_Automacao_e_Controle\ProjetoTECNAL\Windows_app\tests\OpenTECHub.Tests\bin\KlaE4Validation\net10.0-windows10.0.19041.0\OpenTECHub.Tests.dll" adapterTypeName="executor://xunit/VsTestRunner2/netcoreapp" className="OpenTECHub.Tests.KlaTestRunnerTests" name="Prestage_frame_without_echo_times_out_like_any_command" />
    </UnitTest>
    <UnitTest name="OpenTECHub.Tests.KlaTestRunnerTests.Sequence_follows_the_configured_wiring" storage="c:\users\vitor\onedrive\posdoc_fapesp\_automacao_e_controle\projetotecnal\windows_app\tests\opentechub.tests\bin\klae4validation\net10.0-windows10.0.19041.0\opentechub.tests.dll" id="574bc819-7492-d289-6be0-0eea090f1ac9">
      <Execution id="62e54957-3234-43a6-a90c-e9edb907dd8e" />
      <TestMethod codeBase="C:\Users\vitor\OneDrive\PosDoc_Fapesp\_Automacao_e_Controle\ProjetoTECNAL\Windows_app\tests\OpenTECHub.Tests\bin\KlaE4Validation\net10.0-windows10.0.19041.0\OpenTECHub.Tests.dll" adapterTypeName="executor://xunit/VsTestRunner2/netcoreapp" className="OpenTECHub.Tests.KlaTestRunnerTests" name="Sequence_follows_the_configured_wiring" />
    </UnitTest>
    <UnitTest name="OpenTECHub.Tests.RecipeEngineTests.Cascade_observes_the_latest_exit_frame_even_when_no_further_frame_arrives" storage="c:\users\vitor\onedrive\posdoc_fapesp\_automacao_e_controle\projetotecnal\windows_app\tests\opentechub.tests\bin\klae4validation\net10.0-windows10.0.19041.0\opentechub.tests.dll" id="558bced1-2e3e-431d-7d4d-2cd1d7dcc9d3">
      <Execution id="d3cee62c-a6a3-426e-b580-202ee4f47348" />
      <TestMethod codeBase="C:\Users\vitor\OneDrive\PosDoc_Fapesp\_Automacao_e_Controle\ProjetoTECNAL\Windows_app\tests\OpenTECHub.Tests\bin\KlaE4Validation\net10.0-windows10.0.19041.0\OpenTECHub.Tests.dll" adapterTypeName="executor://xunit/VsTestRunner2/netcoreapp" className="OpenTECHub.Tests.RecipeEngineTests" name="Cascade_observes_the_latest_exit_frame_even_when_no_further_frame_arrives" />
    </UnitTest>
    <UnitTest name="OpenTECHub.Tests.KlaTestRunnerTests.E2_RecipeOwnershipIsNotTakenOver" storage="c:\users\vitor\onedrive\posdoc_fapesp\_automacao_e_controle\projetotecnal\windows_app\tests\opentechub.tests\bin\klae4validation\net10.0-windows10.0.19041.0\opentechub.tests.dll" id="6a4f1855-0756-f5e7-ed36-e70bf7e942ab">
      <Execution id="37bc352f-2c3b-4d65-8368-0b6ef9e17c63" />
      <TestMethod codeBase="C:\Users\vitor\OneDrive\PosDoc_Fapesp\_Automacao_e_Controle\ProjetoTECNAL\Windows_app\tests\OpenTECHub.Tests\bin\KlaE4Validation\net10.0-windows10.0.19041.0\OpenTECHub.Tests.dll" adapterTypeName="executor://xunit/VsTestRunner2/netcoreapp" className="OpenTECHub.Tests.KlaTestRunnerTests" name="E2_RecipeOwnershipIsNotTakenOver" />
    </UnitTest>
    <UnitTest name="OpenTECHub.Tests.RecipeEngineTests.Setpoint_block_dispatches_the_wire_frame_under_recipe_ownership" storage="c:\users\vitor\onedrive\posdoc_fapesp\_automacao_e_controle\projetotecnal\windows_app\tests\opentechub.tests\bin\klae4validation\net10.0-windows10.0.19041.0\opentechub.tests.dll" id="46f0cc9c-15ec-780a-e781-96926c15504c">
      <Execution id="daf51365-06e3-40c5-884e-dc25b405f58e" />
      <TestMethod codeBase="C:\Users\vitor\OneDrive\PosDoc_Fapesp\_Automacao_e_Controle\ProjetoTECNAL\Windows_app\tests\OpenTECHub.Tests\bin\KlaE4Validation\net10.0-windows10.0.19041.0\OpenTECHub.Tests.dll" adapterTypeName="executor://xunit/VsTestRunner2/netcoreapp" className="OpenTECHub.Tests.RecipeEngineTests" name="Setpoint_block_dispatches_the_wire_frame_under_recipe_ownership" />
    </UnitTest>
    <UnitTest name="OpenTECHub.Tests.KlaRunnerSimulatorTests.A_shut_N2_source_never_reaches_the_floor_and_the_degassing_ceiling_aborts" storage="c:\users\vitor\onedrive\posdoc_fapesp\_automacao_e_controle\projetotecnal\windows_app\tests\opentechub.tests\bin\klae4validation\net10.0-windows10.0.19041.0\opentechub.tests.dll" id="5da766c1-5f70-e7ef-7ccb-b0a84916199d">
      <Execution id="02af908d-7211-4347-86e4-71341caf8870" />
      <TestMethod codeBase="C:\Users\vitor\OneDrive\PosDoc_Fapesp\_Automacao_e_Controle\ProjetoTECNAL\Windows_app\tests\OpenTECHub.Tests\bin\KlaE4Validation\net10.0-windows10.0.19041.0\OpenTECHub.Tests.dll" adapterTypeName="executor://xunit/VsTestRunner2/netcoreapp" className="OpenTECHub.Tests.KlaRunnerSimulatorTests" name="A_shut_N2_source_never_reaches_the_floor_and_the_degassing_ceiling_aborts" />
    </UnitTest>
    <UnitTest name="OpenTECHub.Tests.RecipeEngineTests.A_silent_flowmeter_is_reported_as_a_wait_and_the_operator_can_skip_the_block" storage="c:\users\vitor\onedrive\posdoc_fapesp\_automacao_e_controle\projetotecnal\windows_app\tests\opentechub.tests\bin\klae4validation\net10.0-windows10.0.19041.0\opentechub.tests.dll" id="2aa8148c-2d82-8152-ad97-c792021ad36d">
      <Execution id="5c131369-2fb5-4671-ad75-be9cbbb84e30" />
      <TestMethod codeBase="C:\Users\vitor\OneDrive\PosDoc_Fapesp\_Automacao_e_Controle\ProjetoTECNAL\Windows_app\tests\OpenTECHub.Tests\bin\KlaE4Validation\net10.0-windows10.0.19041.0\OpenTECHub.Tests.dll" adapterTypeName="executor://xunit/VsTestRunner2/netcoreapp" className="OpenTECHub.Tests.RecipeEngineTests" name="A_silent_flowmeter_is_reported_as_a_wait_and_the_operator_can_skip_the_block" />
    </UnitTest>
    <UnitTest name="OpenTECHub.Tests.RecipeEngineTests.Cascade_gate_still_wins_when_a_self_loop_edge_is_drawn_first" storage="c:\users\vitor\onedrive\posdoc_fapesp\_automacao_e_controle\projetotecnal\windows_app\tests\opentechub.tests\bin\klae4validation\net10.0-windows10.0.19041.0\opentechub.tests.dll" id="f803b8d9-9407-c7e0-be9d-ef3cc40c2abb">
      <Execution id="ba439790-2637-4dd5-9769-4b3b7a58e975" />
      <TestMethod codeBase="C:\Users\vitor\OneDrive\PosDoc_Fapesp\_Automacao_e_Controle\ProjetoTECNAL\Windows_app\tests\OpenTECHub.Tests\bin\KlaE4Validation\net10.0-windows10.0.19041.0\OpenTECHub.Tests.dll" adapterTypeName="executor://xunit/VsTestRunner2/netcoreapp" className="OpenTECHub.Tests.RecipeEngineTests" name="Cascade_gate_still_wins_when_a_self_loop_edge_is_drawn_first" />
    </UnitTest>
  </TestDefinitions>
  <TestEntries>
    <TestEntry testId="c5309cae-4592-d34a-fb97-be2ff722dbdd" executionId="2524341c-b1bd-4e9c-913f-0ba890eb605a" testListId="8c84fa94-04c1-424b-9868-57a2d4851a1d" />
    <TestEntry testId="01d209e2-1bb6-3bb3-901f-fe0d862db0d4" executionId="f7499a4a-a6af-4c12-90fe-6584f472f865" testListId="8c84fa94-04c1-424b-9868-57a2d4851a1d" />
    <TestEntry testId="63e5c7e3-571f-efb5-085a-f2673ac55213" executionId="31be854b-5cb9-4b92-b005-f1b35b7df56a" testListId="8c84fa94-04c1-424b-9868-57a2d4851a1d" />
    <TestEntry testId="2aa8148c-2d82-8152-ad97-c792021ad36d" executionId="5c131369-2fb5-4671-ad75-be9cbbb84e30" testListId="8c84fa94-04c1-424b-9868-57a2d4851a1d" />
    <TestEntry testId="574bc819-7492-d289-6be0-0eea090f1ac9" executionId="62e54957-3234-43a6-a90c-e9edb907dd8e" testListId="8c84fa94-04c1-424b-9868-57a2d4851a1d" />
    <TestEntry testId="5f48830d-63dd-b34c-68d2-48f53909bb9a" executionId="7e63bb20-7d23-4adc-8d7b-061a8afe8936" testListId="8c84fa94-04c1-424b-9868-57a2d4851a1d" />
    <TestEntry testId="58f2fdf1-fce7-9f2b-f13e-cb0bdd1af6ce" executionId="58d70437-2ef5-438c-9bfc-4c92cac2d823" testListId="8c84fa94-04c1-424b-9868-57a2d4851a1d" />
    <TestEntry testId="9b79364a-05b9-9c2c-007c-560407a9c161" executionId="882dc547-3124-42c8-85b8-f75672d6ea17" testListId="8c84fa94-04c1-424b-9868-57a2d4851a1d" />
    <TestEntry testId="f803b8d9-9407-c7e0-be9d-ef3cc40c2abb" executionId="ba439790-2637-4dd5-9769-4b3b7a58e975" testListId="8c84fa94-04c1-424b-9868-57a2d4851a1d" />
    <TestEntry testId="558bced1-2e3e-431d-7d4d-2cd1d7dcc9d3" executionId="d3cee62c-a6a3-426e-b580-202ee4f47348" testListId="8c84fa94-04c1-424b-9868-57a2d4851a1d" />
    <TestEntry testId="b7c3bc79-abbc-3dab-a455-a96a60bc434d" executionId="de65d481-e813-4ead-bda3-742038639211" testListId="8c84fa94-04c1-424b-9868-57a2d4851a1d" />
    <TestEntry testId="9465c306-50b8-efac-21af-90ed54dd6057" executionId="48eaa887-ac41-4481-a202-ffe80e567bc5" testListId="8c84fa94-04c1-424b-9868-57a2d4851a1d" />
    <TestEntry testId="94a1edcc-94e1-42a7-d758-ada1a46f4b27" executionId="c028c7e9-e96f-4a47-b4b0-63ee67ca63cb" testListId="8c84fa94-04c1-424b-9868-57a2d4851a1d" />
    <TestEntry testId="c8b3c97b-92d2-64c9-ea45-3e4753700437" executionId="db816a35-b345-4d40-8247-fd0eab4ac53e" testListId="8c84fa94-04c1-424b-9868-57a2d4851a1d" />
    <TestEntry testId="2135e3bb-1ccc-6632-566b-460b29ecba7c" executionId="82b11e7d-c11a-4b06-b736-5cc4df504e2b" testListId="8c84fa94-04c1-424b-9868-57a2d4851a1d" />
    <TestEntry testId="b3ca44eb-deb0-e317-66ee-4e6add7acdc1" executionId="d6e8d3f0-3c4d-4bd3-a841-7afb2c906a08" testListId="8c84fa94-04c1-424b-9868-57a2d4851a1d" />
    <TestEntry testId="d859aeb9-0770-bb85-49d9-44f9063d322d" executionId="bbacb3da-bab8-4206-a3ae-46400cd1d6a8" testListId="8c84fa94-04c1-424b-9868-57a2d4851a1d" />
    <TestEntry testId="6b746ca6-fd74-3382-0f11-3bc8abfeb2ae" executionId="b9b7dd30-d1fd-4d98-9692-055f76d3dfa0" testListId="8c84fa94-04c1-424b-9868-57a2d4851a1d" />
    <TestEntry testId="a56e8b68-2285-559f-5efc-06ff18f96226" executionId="68553830-3a98-40c4-a6c8-5c830dfa6644" testListId="8c84fa94-04c1-424b-9868-57a2d4851a1d" />
    <TestEntry testId="5edac962-7a55-eca9-4d38-e5a84e1f3b10" executionId="72901626-8c72-4927-bac5-72ac43ef9984" testListId="8c84fa94-04c1-424b-9868-57a2d4851a1d" />
    <TestEntry testId="2069bb34-9801-d76b-5ccc-d0f4a6d27137" executionId="d6193e51-75d7-4ddc-961f-82db2772be90" testListId="8c84fa94-04c1-424b-9868-57a2d4851a1d" />
    <TestEntry testId="73d4be79-ae86-0faf-9b26-6b086009e368" executionId="30f5d516-aacf-415e-b38f-5aa9bb41c2b8" testListId="8c84fa94-04c1-424b-9868-57a2d4851a1d" />
    <TestEntry testId="5aa727ca-4e45-777a-eb39-9edbc3ab1f2d" executionId="31b318a6-d401-4d51-bba2-b71766e9774a" testListId="8c84fa94-04c1-424b-9868-57a2d4851a1d" />
    <TestEntry testId="f024be97-329f-61ec-24ad-adf34c78c67b" executionId="aadb1f49-9a96-46e6-bdbf-44dab9eeb967" testListId="8c84fa94-04c1-424b-9868-57a2d4851a1d" />
    <TestEntry testId="fb2410d5-0fb7-b040-c16b-f95f04254918" executionId="61ee4102-5b0a-4e4b-abd9-1cdffa20d1d8" testListId="8c84fa94-04c1-424b-9868-57a2d4851a1d" />
    <TestEntry testId="16026302-5be8-2457-7c5b-f3cbbce4fd6e" executionId="b0591626-3425-40d1-b5e8-877d8c55feb3" testListId="8c84fa94-04c1-424b-9868-57a2d4851a1d" />
    <TestEntry testId="cfcc707f-c864-5692-767c-ffef86c39744" executionId="5646bd18-6197-4574-9038-688b0c2b4a9d" testListId="8c84fa94-04c1-424b-9868-57a2d4851a1d" />
    <TestEntry testId="a40f5021-3006-1a7c-8b57-ff27951a3aa9" executionId="b1547083-59a2-4400-9376-1ad37b5c5299" testListId="8c84fa94-04c1-424b-9868-57a2d4851a1d" />
    <TestEntry testId="08bed444-4f88-3e64-53e1-fcf6ed5eea61" executionId="817fa23a-e11e-43b1-8659-5b8594697daa" testListId="8c84fa94-04c1-424b-9868-57a2d4851a1d" />
    <TestEntry testId="55fe5e44-51f4-5299-27ed-e6406b2cffdb" executionId="f8c6bca3-79d6-4bfd-ae4c-a5d552f7502b" testListId="8c84fa94-04c1-424b-9868-57a2d4851a1d" />
    <TestEntry testId="e5c0d005-9078-b247-54b9-5f29a0a9b236" executionId="435e9f89-1754-4f39-becb-49330c2ae19e" testListId="8c84fa94-04c1-424b-9868-57a2d4851a1d" />
    <TestEntry testId="467fa466-2847-adcb-6919-80383ee851d9" executionId="0ac05800-1a9b-437d-ba38-eaa116506606" testListId="8c84fa94-04c1-424b-9868-57a2d4851a1d" />
    <TestEntry testId="80a5d41b-d875-c991-0615-1d2c5896dda4" executionId="df014483-bc31-4e50-b49b-0291bedf8d4e" testListId="8c84fa94-04c1-424b-9868-57a2d4851a1d" />
    <TestEntry testId="89738bf7-d96a-7268-327e-1ab5340d4bfb" executionId="838fed3b-8ab8-4178-9b4e-ef4ef3c440e4" testListId="8c84fa94-04c1-424b-9868-57a2d4851a1d" />
    <TestEntry testId="4da7b573-2fdf-2360-f515-2c792881cfe1" executionId="e24cbbf7-5f17-47f6-a476-7f8d6b68c3d9" testListId="8c84fa94-04c1-424b-9868-57a2d4851a1d" />
    <TestEntry testId="b9514fec-281c-f866-6c07-47fbcbb813ab" executionId="0be71a48-8b5b-4dbe-9d10-a4650b26f736" testListId="8c84fa94-04c1-424b-9868-57a2d4851a1d" />
    <TestEntry testId="5ccce720-b053-4fa0-4a4e-ec5263f59ffb" executionId="214fdb3f-884a-43eb-850c-288b7642d880" testListId="8c84fa94-04c1-424b-9868-57a2d4851a1d" />
    <TestEntry testId="e17f39f7-7dd3-fb17-8546-7aad15d116e0" executionId="478ae876-f715-4270-912b-ae912bfe8d0f" testListId="8c84fa94-04c1-424b-9868-57a2d4851a1d" />
    <TestEntry testId="ddfe3f99-f024-5151-2991-2d11c896a016" executionId="a5dd4a2e-4ac9-46b1-a1b8-b8ac28874324" testListId="8c84fa94-04c1-424b-9868-57a2d4851a1d" />
    <TestEntry testId="63a05632-a357-7a52-8e2c-7f7ca0ba5483" executionId="c8c07ed6-6385-4c01-82e3-99676e12fcac" testListId="8c84fa94-04c1-424b-9868-57a2d4851a1d" />
    <TestEntry testId="be33c7a5-d324-96b4-958f-fa6ab56f24c5" executionId="08ff9517-e0e5-4b44-a278-e3530721b4c2" testListId="8c84fa94-04c1-424b-9868-57a2d4851a1d" />
    <TestEntry testId="906f18d8-7473-04ae-a12b-2669813c675b" executionId="0c585584-0d87-47a5-ad1b-40e8b7bbc1a5" testListId="8c84fa94-04c1-424b-9868-57a2d4851a1d" />
    <TestEntry testId="791377a2-6b88-821d-9d8d-212ef48dc930" executionId="dce37360-d1b2-49c6-8f5f-8d0c595c337f" testListId="8c84fa94-04c1-424b-9868-57a2d4851a1d" />
    <TestEntry testId="6a4f1855-0756-f5e7-ed36-e70bf7e942ab" executionId="37bc352f-2c3b-4d65-8368-0b6ef9e17c63" testListId="8c84fa94-04c1-424b-9868-57a2d4851a1d" />
    <TestEntry testId="9bd6e4a2-da3a-8de7-484e-f05a0dc31c31" executionId="5f626d8b-80e7-43e9-b25e-6306c81d79f7" testListId="8c84fa94-04c1-424b-9868-57a2d4851a1d" />
    <TestEntry testId="5da766c1-5f70-e7ef-7ccb-b0a84916199d" executionId="02af908d-7211-4347-86e4-71341caf8870" testListId="8c84fa94-04c1-424b-9868-57a2d4851a1d" />
    <TestEntry testId="f21b21ab-0645-c857-048a-5ffdc39d91b8" executionId="02707f3e-9d93-4e29-b520-561c08c68d9f" testListId="8c84fa94-04c1-424b-9868-57a2d4851a1d" />
    <TestEntry testId="4cc50fc6-e8dd-141c-2852-da0c50b01914" executionId="674b7861-e77f-4591-8ab6-a904d3aaffe9" testListId="8c84fa94-04c1-424b-9868-57a2d4851a1d" />
    <TestEntry testId="d347d0df-9ecc-9f6c-188b-9db49133acde" executionId="71e5f495-e662-4a4d-a3ec-7f46398e1a0e" testListId="8c84fa94-04c1-424b-9868-57a2d4851a1d" />
    <TestEntry testId="025c9c96-7e83-36f8-f916-a6e46b349207" executionId="29a6d9c5-08ec-46db-87f2-889a2f3865f4" testListId="8c84fa94-04c1-424b-9868-57a2d4851a1d" />
    <TestEntry testId="d7381707-ed04-c492-3135-634955467f1d" executionId="356d6aae-2b1a-4d56-860f-35de95076bee" testListId="8c84fa94-04c1-424b-9868-57a2d4851a1d" />
    <TestEntry testId="437087ae-940a-94a0-6b31-b70ce9b1ed64" executionId="49ea25c9-464e-4f1b-a3e3-c3c11cb0bcbf" testListId="8c84fa94-04c1-424b-9868-57a2d4851a1d" />
    <TestEntry testId="bf907830-45f8-8575-9ad9-b2c04e8d044d" executionId="b12b7068-6699-4e3f-b8be-9dbe83fe0b39" testListId="8c84fa94-04c1-424b-9868-57a2d4851a1d" />
    <TestEntry testId="dfc377f8-dc7e-f155-b7e3-64dd1d58482e" executionId="3436c49b-c2d8-4711-9cde-ca9bc7040fb1" testListId="8c84fa94-04c1-424b-9868-57a2d4851a1d" />
    <TestEntry testId="eb28aa40-a74a-bcda-568b-539d19047b17" executionId="e8d79ab2-4ba6-4c65-be15-588d336178f9" testListId="8c84fa94-04c1-424b-9868-57a2d4851a1d" />
    <TestEntry testId="9171fa81-9e27-f0e1-2b36-300aa1f2c670" executionId="f0cd543e-a580-479a-96ba-0c5a90d8b193" testListId="8c84fa94-04c1-424b-9868-57a2d4851a1d" />
    <TestEntry testId="2cb28f93-7015-51e3-ea3f-09a9b7e420e5" executionId="cef26442-203c-43cf-aa79-09ceeab0f6a3" testListId="8c84fa94-04c1-424b-9868-57a2d4851a1d" />
    <TestEntry testId="0dfab70c-284e-b6c4-bf20-d435f3a0d309" executionId="8679d84d-98eb-4504-aba2-8a8acd36c895" testListId="8c84fa94-04c1-424b-9868-57a2d4851a1d" />
    <TestEntry testId="46f0cc9c-15ec-780a-e781-96926c15504c" executionId="daf51365-06e3-40c5-884e-dc25b405f58e" testListId="8c84fa94-04c1-424b-9868-57a2d4851a1d" />
    <TestEntry testId="c0aea3e1-19fe-0744-50c6-1a99be8331df" executionId="4eba4262-5d1e-4ad6-9383-4207d245a9ae" testListId="8c84fa94-04c1-424b-9868-57a2d4851a1d" />
    <TestEntry testId="401b886e-7633-b33c-2a23-d4bce963b41c" executionId="355b9689-9372-4325-a30b-a7ac0791d94e" testListId="8c84fa94-04c1-424b-9868-57a2d4851a1d" />
    <TestEntry testId="1963ba1f-1889-208f-8fbc-f29811ff94be" executionId="6a2fde8e-032d-4e08-be14-d7cd9475eab4" testListId="8c84fa94-04c1-424b-9868-57a2d4851a1d" />
  </TestEntries>
  <TestLists>
    <TestList name="Resultados que não estão em uma lista" id="8c84fa94-04c1-424b-9868-57a2d4851a1d" />
    <TestList name="Todos os resultados carregados" id="19431567-8539-422a-85d7-44ee4e166bda" />
  </TestLists>
  <ResultSummary outcome="Completed">
    <Counters total="62" executed="62" passed="62" failed="0" error="0" timeout="0" aborted="0" inconclusive="0" passedButRunAborted="0" notRunnable="0" notExecuted="0" disconnected="0" warning="0" completed="0" inProgress="0" pending="0" />
    <Output>
      <StdOut>[xUnit.net 00:00:00.00] xUnit.net VSTest Adapter v2.8.2+699d445a1a (64-bit .NET 10.0.11)&#xD;
[xUnit.net 00:00:00.33]   Discovering: OpenTECHub.Tests&#xD;
[xUnit.net 00:00:00.95]   Discovered:  OpenTECHub.Tests&#xD;
[xUnit.net 00:00:00.97]   Starting:    OpenTECHub.Tests&#xD;
[xUnit.net 00:00:11.55]   Finished:    OpenTECHub.Tests&#xD;
</StdOut>
    </Output>
  </ResultSummary>
</TestRun>