<?xml version="1.0" encoding="utf-8"?>
<TestRun id="3da88f1e-f2f4-421a-95af-01bf2569635d" name="vitor@DESKTOP-J4OP7IO 2026-10-07 10:23:48" runUser="DESKTOP-J4OP7IO\vitor" xmlns="http://microsoft.com/schemas/VisualStudio/TeamTest/2010">
  <Times creation="2026-10-07T10:23:48.9456503-03:00" queuing="2026-10-07T10:23:48.9456506-03:00" start="2026-10-07T10:23:47.6988609-03:00" finish="2026-10-07T10:23:51.3856060-03:00" />
  <TestSettings name="default" id="af847086-7e82-4137-a3c3-b79c6aa67db2">
    <Deployment runDeploymentRoot="vitor_DESKTOP-J4OP7IO_2026-10-07_10_23_48" />
  </TestSettings>
  <Results>
    <UnitTestResult executionId="1a48b697-dba1-4c78-a3da-6c16fc7e81c0" testId="e437f4af-191a-17ef-d0d0-a1581575007a" testName="OpenTECHub.Tests.KlaAttemptPersistenceTests.ConflictingPayloadCannotReplaceCommittedCheckpoint" computerName="DESKTOP-J4OP7IO" duration="00:00:00.0165342" startTime="2026-10-07T10:23:48.9235366-03:00" endTime="2026-10-07T10:23:48.9235367-03:00" testType="13cdc9d9-ddb5-4fa4-a97d-d965ccfc6d4b" outcome="Passed" testListId="8c84fa94-04c1-424b-9868-57a2d4851a1d" relativeResultsDirectory="1a48b697-dba1-4c78-a3da-6c16fc7e81c0" />
    <UnitTestResult executionId="554a2cf5-25c8-475a-a9d5-317e0fd7cd76" testId="7b0ba6ce-bba7-7935-e01c-ab42e02b2159" testName="OpenTECHub.Tests.RecipeAssayRestorationTests.Common_runner_is_sealed_and_restores_snapshot_after_exit_at_each_protocol_stage(protocol: Abiotic, stage: 1, exit: &quot;fault&quot;)" computerName="DESKTOP-J4OP7IO" duration="00:00:00.0600833" startTime="2026-10-07T10:23:49.8345546-03:00" endTime="2026-10-07T10:23:49.8345556-03:00" testType="13cdc9d9-ddb5-4fa4-a97d-d965ccfc6d4b" outcome="Passed" testListId="8c84fa94-04c1-424b-9868-57a2d4851a1d" relativeResultsDirectory="554a2cf5-25c8-475a-a9d5-317e0fd7cd76" />
    <UnitTestResult executionId="90fc3b73-1e4a-43f2-ad64-0f653e363212" testId="c24d5456-b791-4bd0-c4e7-e54b3c59d31e" testName="OpenTECHub.Tests.RecipeAssayRestorationTests.Capture_merges_prior_configuration_and_separates_desired_transport_and_measurements" computerName="DESKTOP-J4OP7IO" duration="00:00:00.0100899" startTime="2026-10-07T10:23:51.2924446-03:00" endTime="2026-10-07T10:23:51.2924448-03:00" testType="13cdc9d9-ddb5-4fa4-a97d-d965ccfc6d4b" outcome="Passed" testListId="8c84fa94-04c1-424b-9868-57a2d4851a1d" relativeResultsDirectory="90fc3b73-1e4a-43f2-ad64-0f653e363212" />
    <UnitTestResult executionId="822b92fa-ae7a-4da5-87c7-75da64f4a72e" testId="8160959f-ec0d-17e5-6658-5db6da3c5335" testName="OpenTECHub.Tests.RecipeResourceCoordinatorTests.Cancelled_wait_does_not_disturb_an_active_assay" computerName="DESKTOP-J4OP7IO" duration="00:00:00.0084718" startTime="2026-10-07T10:23:48.6177630-03:00" endTime="2026-10-07T10:23:48.6177632-03:00" testType="13cdc9d9-ddb5-4fa4-a97d-d965ccfc6d4b" outcome="Passed" testListId="8c84fa94-04c1-424b-9868-57a2d4851a1d" relativeResultsDirectory="822b92fa-ae7a-4da5-87c7-75da64f4a72e" />
    <UnitTestResult executionId="d38f97bc-67f1-43de-a999-de573f879845" testId="cda2bb4c-e9ff-53c8-4283-f48fb9dc7eb3" testName="OpenTECHub.Tests.RecipeAssayRestorationTests.Common_runner_is_sealed_and_restores_snapshot_after_exit_at_each_protocol_stage(protocol: Abiotic, stage: 3, exit: &quot;review&quot;)" computerName="DESKTOP-J4OP7IO" duration="00:00:00.0605905" startTime="2026-10-07T10:23:51.1971096-03:00" endTime="2026-10-07T10:23:51.1971100-03:00" testType="13cdc9d9-ddb5-4fa4-a97d-d965ccfc6d4b" outcome="Passed" testListId="8c84fa94-04c1-424b-9868-57a2d4851a1d" relativeResultsDirectory="d38f97bc-67f1-43de-a999-de573f879845" />
    <UnitTestResult executionId="2d145fec-4650-4c13-b17a-0c9c58b23607" testId="76c0d39b-0a28-8807-4bc7-693d8cdbaa0d" testName="OpenTECHub.Tests.RecipeAssayRestorationTests.Common_runner_is_sealed_and_restores_snapshot_after_exit_at_each_protocol_stage(protocol: Abiotic, stage: 5, exit: &quot;fault&quot;)" computerName="DESKTOP-J4OP7IO" duration="00:00:00.0635552" startTime="2026-10-07T10:23:50.4685852-03:00" endTime="2026-10-07T10:23:50.4685858-03:00" testType="13cdc9d9-ddb5-4fa4-a97d-d965ccfc6d4b" outcome="Passed" testListId="8c84fa94-04c1-424b-9868-57a2d4851a1d" relativeResultsDirectory="2d145fec-4650-4c13-b17a-0c9c58b23607" />
    <UnitTestResult executionId="9c970c6c-346b-4dc7-a792-b1eac72ee147" testId="59c1d245-da49-b801-596a-b60a1f632a2c" testName="OpenTECHub.Tests.RecipeAssayRestorationTests.Full_return_restores_route_modes_configuration_and_off_without_releasing_before_persistence(route: Reactor, rpm: 300, flow: 2, modbus: True)" computerName="DESKTOP-J4OP7IO" duration="00:00:00.0534687" startTime="2026-10-07T10:23:48.9443195-03:00" endTime="2026-10-07T10:23:48.9443198-03:00" testType="13cdc9d9-ddb5-4fa4-a97d-d965ccfc6d4b" outcome="Passed" testListId="8c84fa94-04c1-424b-9868-57a2d4851a1d" relativeResultsDirectory="9c970c6c-346b-4dc7-a792-b1eac72ee147" />
    <UnitTestResult executionId="2185f90c-caf3-4202-8cca-5211e14df28c" testId="123aa33e-5fd6-b6dc-4d19-781b1ad12c95" testName="OpenTECHub.Tests.RecipeAssayRestorationTests.Common_runner_is_sealed_and_restores_snapshot_after_exit_at_each_protocol_stage(protocol: Biotic, stage: 1, exit: &quot;review&quot;)" computerName="DESKTOP-J4OP7IO" duration="00:00:00.0613675" startTime="2026-10-07T10:23:50.4047145-03:00" endTime="2026-10-07T10:23:50.4047149-03:00" testType="13cdc9d9-ddb5-4fa4-a97d-d965ccfc6d4b" outcome="Passed" testListId="8c84fa94-04c1-424b-9868-57a2d4851a1d" relativeResultsDirectory="2185f90c-caf3-4202-8cca-5211e14df28c" />
    <UnitTestResult executionId="b9331c91-aebf-4876-a397-9aedb656b1f6" testId="9bf91a04-51cc-2e66-54c2-60a6713057d7" testName="OpenTECHub.Tests.RecipeAssayRestorationTests.Common_runner_is_sealed_and_restores_snapshot_after_exit_at_each_protocol_stage(protocol: Biotic, stage: 0, exit: &quot;cancel&quot;)" computerName="DESKTOP-J4OP7IO" duration="00:00:00.0568103" startTime="2026-10-07T10:23:49.5827242-03:00" endTime="2026-10-07T10:23:49.5827244-03:00" testType="13cdc9d9-ddb5-4fa4-a97d-d965ccfc6d4b" outcome="Passed" testListId="8c84fa94-04c1-424b-9868-57a2d4851a1d" relativeResultsDirectory="b9331c91-aebf-4876-a397-9aedb656b1f6" />
    <UnitTestResult executionId="abc30b27-c76a-425a-8ee2-8ba4c5c4c8d7" testId="1ebfdff1-f41f-c9c6-b7c7-22b2c10763d9" testName="OpenTECHub.Tests.RecipeAssayRestorationTests.Common_runner_is_sealed_and_restores_snapshot_after_exit_at_each_protocol_stage(protocol: Biotic, stage: 2, exit: &quot;fault&quot;)" computerName="DESKTOP-J4OP7IO" duration="00:00:00.0613626" startTime="2026-10-07T10:23:50.6503692-03:00" endTime="2026-10-07T10:23:50.6503694-03:00" testType="13cdc9d9-ddb5-4fa4-a97d-d965ccfc6d4b" outcome="Passed" testListId="8c84fa94-04c1-424b-9868-57a2d4851a1d" relativeResultsDirectory="abc30b27-c76a-425a-8ee2-8ba4c5c4c8d7" />
    <UnitTestResult executionId="d35f5f73-11dd-457d-91a4-db3915e7025d" testId="875f5408-39ea-d067-7079-d9b7e04dfee9" testName="OpenTECHub.Tests.RecipeAssayRestorationTests.Common_runner_is_sealed_and_restores_snapshot_after_exit_at_each_protocol_stage(protocol: Biotic, stage: 3, exit: &quot;fault&quot;)" computerName="DESKTOP-J4OP7IO" duration="00:00:00.0706643" startTime="2026-10-07T10:23:50.8769367-03:00" endTime="2026-10-07T10:23:50.8769369-03:00" testType="13cdc9d9-ddb5-4fa4-a97d-d965ccfc6d4b" outcome="Passed" testListId="8c84fa94-04c1-424b-9868-57a2d4851a1d" relativeResultsDirectory="d35f5f73-11dd-457d-91a4-db3915e7025d" />
    <UnitTestResult executionId="cb59fc32-8b83-4955-9f27-c3ffd3f25a95" testId="300ac4cf-5d8d-5ab3-89a6-0ef7313c56eb" testName="OpenTECHub.Tests.RecipeAssayRestorationTests.Snapshot_roundtrip_preserves_authority_but_changed_configuration_is_refused_before_sending" computerName="DESKTOP-J4OP7IO" duration="00:00:00.0016904" startTime="2026-10-07T10:23:51.3142249-03:00" endTime="2026-10-07T10:23:51.3142250-03:00" testType="13cdc9d9-ddb5-4fa4-a97d-d965ccfc6d4b" outcome="Passed" testListId="8c84fa94-04c1-424b-9868-57a2d4851a1d" relativeResultsDirectory="cb59fc32-8b83-4955-9f27-c3ffd3f25a95" />
    <UnitTestResult executionId="c58b8950-2836-495f-a154-daf4b080f5cd" testId="65a024c5-9a97-81bd-3e0e-2e98228fe9fc" testName="OpenTECHub.Tests.RecipeAssayRestorationTests.Disconnection_during_recovery_produces_failure_and_invalidates_return_authority" computerName="DESKTOP-J4OP7IO" duration="00:00:00.0025974" startTime="2026-10-07T10:23:51.3182369-03:00" endTime="2026-10-07T10:23:51.3182373-03:00" testType="13cdc9d9-ddb5-4fa4-a97d-d965ccfc6d4b" outcome="Passed" testListId="8c84fa94-04c1-424b-9868-57a2d4851a1d" relativeResultsDirectory="c58b8950-2836-495f-a154-daf4b080f5cd" />
    <UnitTestResult executionId="8867a0fb-122d-47c7-9a25-45ef2f8d9c94" testId="f54c2da5-443e-c8cf-7a32-a7b258427813" testName="OpenTECHub.Tests.RecipeAssayRestorationTests.Common_runner_is_sealed_and_restores_snapshot_after_exit_at_each_protocol_stage(protocol: Abiotic, stage: 2, exit: &quot;fault&quot;)" computerName="DESKTOP-J4OP7IO" duration="00:00:00.0616333" startTime="2026-10-07T10:23:49.7111618-03:00" endTime="2026-10-07T10:23:49.7111622-03:00" testType="13cdc9d9-ddb5-4fa4-a97d-d965ccfc6d4b" outcome="Passed" testListId="8c84fa94-04c1-424b-9868-57a2d4851a1d" relativeResultsDirectory="8867a0fb-122d-47c7-9a25-45ef2f8d9c94" />
    <UnitTestResult executionId="10b59a11-e02e-44ab-aa44-4ae0b586dd4e" testId="f8a3c73f-0a2e-6e13-f1d7-0ada278974bc" testName="OpenTECHub.Tests.RecipeAssayRestorationTests.Common_runner_is_sealed_and_restores_snapshot_after_exit_at_each_protocol_stage(protocol: Abiotic, stage: 5, exit: &quot;cancel&quot;)" computerName="DESKTOP-J4OP7IO" duration="00:00:00.0807658" startTime="2026-10-07T10:23:50.7314105-03:00" endTime="2026-10-07T10:23:50.7314108-03:00" testType="13cdc9d9-ddb5-4fa4-a97d-d965ccfc6d4b" outcome="Passed" testListId="8c84fa94-04c1-424b-9868-57a2d4851a1d" relativeResultsDirectory="10b59a11-e02e-44ab-aa44-4ae0b586dd4e" />
    <UnitTestResult executionId="93503c71-2e78-42f2-9e36-ff55ef78e510" testId="122dccaa-e37b-b13f-f90b-41eec7fd9af8" testName="OpenTECHub.Tests.RecipeAssayRestorationTests.Common_runner_is_sealed_and_restores_snapshot_after_exit_at_each_protocol_stage(protocol: Abiotic, stage: 4, exit: &quot;review&quot;)" computerName="DESKTOP-J4OP7IO" duration="00:00:00.0604003" startTime="2026-10-07T10:23:50.5887602-03:00" endTime="2026-10-07T10:23:50.5887605-03:00" testType="13cdc9d9-ddb5-4fa4-a97d-d965ccfc6d4b" outcome="Passed" testListId="8c84fa94-04c1-424b-9868-57a2d4851a1d" relativeResultsDirectory="93503c71-2e78-42f2-9e36-ff55ef78e510" />
    <UnitTestResult executionId="1d2ccf31-71fa-4ee3-9097-65a490599ead" testId="37416c7b-32ea-3ec9-433d-271b8444b942" testName="OpenTECHub.Tests.RecipeAssayRestorationTests.Full_return_restores_route_modes_configuration_and_off_without_releasing_before_persistence(route: Closed, rpm: 0, flow: 0, modbus: True)" computerName="DESKTOP-J4OP7IO" duration="00:00:00.0543669" startTime="2026-10-07T10:23:48.8905978-03:00" endTime="2026-10-07T10:23:48.8905981-03:00" testType="13cdc9d9-ddb5-4fa4-a97d-d965ccfc6d4b" outcome="Passed" testListId="8c84fa94-04c1-424b-9868-57a2d4851a1d" relativeResultsDirectory="1d2ccf31-71fa-4ee3-9097-65a490599ead" />
    <UnitTestResult executionId="e380d624-a5a4-434b-9126-6abe96d7a040" testId="0b49c60c-e059-5e7b-da55-34f007b1b070" testName="OpenTECHub.Tests.RecipeAssayRestorationTests.Common_runner_is_sealed_and_restores_snapshot_after_exit_at_each_protocol_stage(protocol: Abiotic, stage: 3, exit: &quot;cancel&quot;)" computerName="DESKTOP-J4OP7IO" duration="00:00:00.0592772" startTime="2026-10-07T10:23:50.5280680-03:00" endTime="2026-10-07T10:23:50.5280683-03:00" testType="13cdc9d9-ddb5-4fa4-a97d-d965ccfc6d4b" outcome="Passed" testListId="8c84fa94-04c1-424b-9868-57a2d4851a1d" relativeResultsDirectory="e380d624-a5a4-434b-9126-6abe96d7a040" />
    <UnitTestResult executionId="930924eb-081a-431d-8363-f3952bb4e2c3" testId="c072cbf6-b64c-66f3-fad3-9c5e59529080" testName="OpenTECHub.Tests.RecipeAssayRestorationTests.Common_runner_is_sealed_and_restores_snapshot_after_exit_at_each_protocol_stage(protocol: Biotic, stage: 4, exit: &quot;fault&quot;)" computerName="DESKTOP-J4OP7IO" duration="00:00:00.0636978" startTime="2026-10-07T10:23:50.2077413-03:00" endTime="2026-10-07T10:23:50.2077416-03:00" testType="13cdc9d9-ddb5-4fa4-a97d-d965ccfc6d4b" outcome="Passed" testListId="8c84fa94-04c1-424b-9868-57a2d4851a1d" relativeResultsDirectory="930924eb-081a-431d-8363-f3952bb4e2c3" />
    <UnitTestResult executionId="5acc070d-2a72-4883-959b-f44c998ed81d" testId="44e447b4-bd25-8fb0-9c92-8a5fe50b9078" testName="OpenTECHub.Tests.RecipeAssayRestorationTests.Common_runner_is_sealed_and_restores_snapshot_after_exit_at_each_protocol_stage(protocol: Biotic, stage: 2, exit: &quot;review&quot;)" computerName="DESKTOP-J4OP7IO" duration="00:00:00.0743520" startTime="2026-10-07T10:23:50.8060410-03:00" endTime="2026-10-07T10:23:50.8060413-03:00" testType="13cdc9d9-ddb5-4fa4-a97d-d965ccfc6d4b" outcome="Passed" testListId="8c84fa94-04c1-424b-9868-57a2d4851a1d" relativeResultsDirectory="5acc070d-2a72-4883-959b-f44c998ed81d" />
    <UnitTestResult executionId="d8d70329-544e-44d3-a30e-8094691106ba" testId="7de7dbd0-a9cc-2494-9235-7d91b0b0e34f" testName="OpenTECHub.Tests.RecipeAssayRestorationTests.Common_runner_is_sealed_and_restores_snapshot_after_exit_at_each_protocol_stage(protocol: Abiotic, stage: 4, exit: &quot;cancel&quot;)" computerName="DESKTOP-J4OP7IO" duration="00:00:00.0759794" startTime="2026-10-07T10:23:50.9531699-03:00" endTime="2026-10-07T10:23:50.9531701-03:00" testType="13cdc9d9-ddb5-4fa4-a97d-d965ccfc6d4b" outcome="Passed" testListId="8c84fa94-04c1-424b-9868-57a2d4851a1d" relativeResultsDirectory="d8d70329-544e-44d3-a30e-8094691106ba" />
    <UnitTestResult executionId="408d8152-1808-4a33-b48f-24651dc0319c" testId="16eb7e26-1c0a-df78-c6b3-365768872805" testName="OpenTECHub.Tests.RecipeResourceCoordinatorTests.No_handoff_before_producer_ack_and_no_resume_before_exact_return_and_persistence" computerName="DESKTOP-J4OP7IO" duration="00:00:00.0032815" startTime="2026-10-07T10:23:48.6244496-03:00" endTime="2026-10-07T10:23:48.6244497-03:00" testType="13cdc9d9-ddb5-4fa4-a97d-d965ccfc6d4b" outcome="Passed" testListId="8c84fa94-04c1-424b-9868-57a2d4851a1d" relativeResultsDirectory="408d8152-1808-4a33-b48f-24651dc0319c" />
    <UnitTestResult executionId="ba3e2a64-e29e-4b95-bd80-b6a71af94f82" testId="0152ec11-d328-b1af-f99a-656c1bd457fc" testName="OpenTECHub.Tests.RecipeAssayRestorationTests.Common_runner_is_sealed_and_restores_snapshot_after_exit_at_each_protocol_stage(protocol: Biotic, stage: 0, exit: &quot;fault&quot;)" computerName="DESKTOP-J4OP7IO" duration="00:00:00.1596271" startTime="2026-10-07T10:23:49.1042885-03:00" endTime="2026-10-07T10:23:49.1042888-03:00" testType="13cdc9d9-ddb5-4fa4-a97d-d965ccfc6d4b" outcome="Passed" testListId="8c84fa94-04c1-424b-9868-57a2d4851a1d" relativeResultsDirectory="ba3e2a64-e29e-4b95-bd80-b6a71af94f82" />
    <UnitTestResult executionId="b23fef82-2d56-4ab8-a2b0-6280090ea89d" testId="fb8d3c64-f4cb-c63b-be8e-7fb7d7c98cc3" testName="OpenTECHub.Tests.RecipeAssayRestorationTests.Common_runner_is_sealed_and_restores_snapshot_after_exit_at_each_protocol_stage(protocol: Biotic, stage: 3, exit: &quot;review&quot;)" computerName="DESKTOP-J4OP7IO" duration="00:00:00.0677428" startTime="2026-10-07T10:23:50.2757024-03:00" endTime="2026-10-07T10:23:50.2757028-03:00" testType="13cdc9d9-ddb5-4fa4-a97d-d965ccfc6d4b" outcome="Passed" testListId="8c84fa94-04c1-424b-9868-57a2d4851a1d" relativeResultsDirectory="b23fef82-2d56-4ab8-a2b0-6280090ea89d" />
    <UnitTestResult executionId="615d81ff-fa8b-4153-a0a7-028277bce411" testId="aa50db37-13b4-c24e-ce03-46dba1fb8521" testName="OpenTECHub.Tests.RecipeAssayRestorationTests.Wrong_or_missing_confirmation_never_counts_as_return(fault: &quot;oxygen&quot;)" computerName="DESKTOP-J4OP7IO" duration="00:00:00.0145037" startTime="2026-10-07T10:23:51.2208775-03:00" endTime="2026-10-07T10:23:51.2208777-03:00" testType="13cdc9d9-ddb5-4fa4-a97d-d965ccfc6d4b" outcome="Passed" testListId="8c84fa94-04c1-424b-9868-57a2d4851a1d" relativeResultsDirectory="615d81ff-fa8b-4153-a0a7-028277bce411" />
    <UnitTestResult executionId="bac1c27b-06e4-4b91-9d38-6b1479b2638f" testId="28bf65f9-82c3-3bba-0866-ac098c7aeed9" testName="OpenTECHub.Tests.KlaAttemptPersistenceTests.MissingRawDataOrMissingPreparationCannotProduceTerminalReceipt" computerName="DESKTOP-J4OP7IO" duration="00:00:00.0210201" startTime="2026-10-07T10:23:48.9238170-03:00" endTime="2026-10-07T10:23:48.9238170-03:00" testType="13cdc9d9-ddb5-4fa4-a97d-d965ccfc6d4b" outcome="Passed" testListId="8c84fa94-04c1-424b-9868-57a2d4851a1d" relativeResultsDirectory="bac1c27b-06e4-4b91-9d38-6b1479b2638f" />
    <UnitTestResult executionId="760fdd18-02de-4a82-9818-70e0f09a32e2" testId="7eb0b398-9137-cac0-60db-02be14805f1c" testName="OpenTECHub.Tests.RecipeAssayRestorationTests.Common_runner_is_sealed_and_restores_snapshot_after_exit_at_each_protocol_stage(protocol: Abiotic, stage: 0, exit: &quot;fault&quot;)" computerName="DESKTOP-J4OP7IO" duration="00:00:00.0627984" startTime="2026-10-07T10:23:49.7741993-03:00" endTime="2026-10-07T10:23:49.7741996-03:00" testType="13cdc9d9-ddb5-4fa4-a97d-d965ccfc6d4b" outcome="Passed" testListId="8c84fa94-04c1-424b-9868-57a2d4851a1d" relativeResultsDirectory="760fdd18-02de-4a82-9818-70e0f09a32e2" />
    <UnitTestResult executionId="1094f665-9663-44a3-8dca-6dea0174a799" testId="d11c0210-0cdc-d944-c08c-37ca464e9a20" testName="OpenTECHub.Tests.KlaAttemptPersistenceTests.ReconciliationRejectsConflictingJournalResults" computerName="DESKTOP-J4OP7IO" duration="00:00:00.0380593" startTime="2026-10-07T10:23:48.9542016-03:00" endTime="2026-10-07T10:23:48.9542019-03:00" testType="13cdc9d9-ddb5-4fa4-a97d-d965ccfc6d4b" outcome="Passed" testListId="8c84fa94-04c1-424b-9868-57a2d4851a1d" relativeResultsDirectory="1094f665-9663-44a3-8dca-6dea0174a799" />
    <UnitTestResult executionId="bfde403b-7fbe-45d0-82ae-03068fbace53" testId="f3957c03-88d2-ee50-1534-51edd3383f23" testName="OpenTECHub.Tests.RecipeAssayRestorationTests.Common_runner_is_sealed_and_restores_snapshot_after_exit_at_each_protocol_stage(protocol: Biotic, stage: 2, exit: &quot;cancel&quot;)" computerName="DESKTOP-J4OP7IO" duration="00:00:00.0671831" startTime="2026-10-07T10:23:50.3431230-03:00" endTime="2026-10-07T10:23:50.3431233-03:00" testType="13cdc9d9-ddb5-4fa4-a97d-d965ccfc6d4b" outcome="Passed" testListId="8c84fa94-04c1-424b-9868-57a2d4851a1d" relativeResultsDirectory="bfde403b-7fbe-45d0-82ae-03068fbace53" />
    <UnitTestResult executionId="84a13b1a-b96c-446e-993b-5bf6fc1b39c4" testId="7aa861e7-7d97-7914-2738-fc8e8ba5ecae" testName="OpenTECHub.Tests.RecipeAssayRestorationTests.Wrong_or_missing_confirmation_never_counts_as_return(fault: &quot;gain&quot;)" computerName="DESKTOP-J4OP7IO" duration="00:00:00.0143951" startTime="2026-10-07T10:23:51.2510866-03:00" endTime="2026-10-07T10:23:51.2510868-03:00" testType="13cdc9d9-ddb5-4fa4-a97d-d965ccfc6d4b" outcome="Passed" testListId="8c84fa94-04c1-424b-9868-57a2d4851a1d" relativeResultsDirectory="84a13b1a-b96c-446e-993b-5bf6fc1b39c4" />
    <UnitTestResult executionId="8644fec5-f0a2-4efa-ab8d-6cd2b1b554d9" testId="f954b161-aafe-e6a0-51c1-52707e9e10e8" testName="OpenTECHub.Tests.RecipeAssayRestorationTests.Common_runner_is_sealed_and_restores_snapshot_after_exit_at_each_protocol_stage(protocol: Biotic, stage: 3, exit: &quot;cancel&quot;)" computerName="DESKTOP-J4OP7IO" duration="00:00:00.0628377" startTime="2026-10-07T10:23:51.0753101-03:00" endTime="2026-10-07T10:23:51.0753103-03:00" testType="13cdc9d9-ddb5-4fa4-a97d-d965ccfc6d4b" outcome="Passed" testListId="8c84fa94-04c1-424b-9868-57a2d4851a1d" relativeResultsDirectory="8644fec5-f0a2-4efa-ab8d-6cd2b1b554d9" />
    <UnitTestResult executionId="be2edab2-208e-4a85-8c79-c9f485a3a8de" testId="b2cd904a-9530-5e8b-b252-e1cc797c7af0" testName="OpenTECHub.Tests.RecipeAssayRestorationTests.Common_runner_is_sealed_and_restores_snapshot_after_exit_at_each_protocol_stage(protocol: Abiotic, stage: 3, exit: &quot;fault&quot;)" computerName="DESKTOP-J4OP7IO" duration="00:00:00.0703247" startTime="2026-10-07T10:23:49.4032364-03:00" endTime="2026-10-07T10:23:49.4032372-03:00" testType="13cdc9d9-ddb5-4fa4-a97d-d965ccfc6d4b" outcome="Passed" testListId="8c84fa94-04c1-424b-9868-57a2d4851a1d" relativeResultsDirectory="be2edab2-208e-4a85-8c79-c9f485a3a8de" />
    <UnitTestResult executionId="0a209c4c-f861-4183-8657-155ab413f976" testId="cea456e8-760f-e3c4-d70f-98816d137e80" testName="OpenTECHub.Tests.RecipeAssayRestorationTests.Common_runner_is_sealed_and_restores_snapshot_after_exit_at_each_protocol_stage(protocol: Abiotic, stage: 0, exit: &quot;review&quot;)" computerName="DESKTOP-J4OP7IO" duration="00:00:00.0597076" startTime="2026-10-07T10:23:49.3326433-03:00" endTime="2026-10-07T10:23:49.3326437-03:00" testType="13cdc9d9-ddb5-4fa4-a97d-d965ccfc6d4b" outcome="Passed" testListId="8c84fa94-04c1-424b-9868-57a2d4851a1d" relativeResultsDirectory="0a209c4c-f861-4183-8657-155ab413f976" />
    <UnitTestResult executionId="f7954701-8f77-4f4a-96f8-a13990297754" testId="5af33e02-2606-f27d-29eb-de006f38d5f5" testName="OpenTECHub.Tests.RecipeAssayRestorationTests.Wrong_or_missing_confirmation_never_counts_as_return(fault: &quot;rpm&quot;)" computerName="DESKTOP-J4OP7IO" duration="00:00:00.0155821" startTime="2026-10-07T10:23:51.2822801-03:00" endTime="2026-10-07T10:23:51.2822807-03:00" testType="13cdc9d9-ddb5-4fa4-a97d-d965ccfc6d4b" outcome="Passed" testListId="8c84fa94-04c1-424b-9868-57a2d4851a1d" relativeResultsDirectory="f7954701-8f77-4f4a-96f8-a13990297754" />
    <UnitTestResult executionId="47ea4f2e-c699-48d4-92bf-2d7a0ce504f6" testId="399c991f-0e5e-fec2-53a4-b2e771feff70" testName="OpenTECHub.Tests.RecipeAssayRestorationTests.Common_runner_is_sealed_and_restores_snapshot_after_exit_at_each_protocol_stage(protocol: Biotic, stage: 0, exit: &quot;review&quot;)" computerName="DESKTOP-J4OP7IO" duration="00:00:00.0623812" startTime="2026-10-07T10:23:49.9583678-03:00" endTime="2026-10-07T10:23:49.9583687-03:00" testType="13cdc9d9-ddb5-4fa4-a97d-d965ccfc6d4b" outcome="Passed" testListId="8c84fa94-04c1-424b-9868-57a2d4851a1d" relativeResultsDirectory="47ea4f2e-c699-48d4-92bf-2d7a0ce504f6" />
    <UnitTestResult executionId="cfe95b4f-a78c-4d4a-b5b7-86591b929e49" testId="3731eca4-3f66-4704-7919-c36e504bed8e" testName="OpenTECHub.Tests.RecipeAssayRestorationTests.Common_runner_is_sealed_and_restores_snapshot_after_exit_at_each_protocol_stage(protocol: Biotic, stage: 4, exit: &quot;review&quot;)" computerName="DESKTOP-J4OP7IO" duration="00:00:00.0662957" startTime="2026-10-07T10:23:49.6493320-03:00" endTime="2026-10-07T10:23:49.6493323-03:00" testType="13cdc9d9-ddb5-4fa4-a97d-d965ccfc6d4b" outcome="Passed" testListId="8c84fa94-04c1-424b-9868-57a2d4851a1d" relativeResultsDirectory="cfe95b4f-a78c-4d4a-b5b7-86591b929e49" />
    <UnitTestResult executionId="14350195-70c6-4e06-9c81-31c6ef1c37ab" testId="3c9d9f4d-510d-0fb8-b80c-baee22c4a978" testName="OpenTECHub.Tests.RecipeAssayRestorationTests.Common_runner_is_sealed_and_restores_snapshot_after_exit_at_each_protocol_stage(protocol: Abiotic, stage: 4, exit: &quot;fault&quot;)" computerName="DESKTOP-J4OP7IO" duration="00:00:00.0819418" startTime="2026-10-07T10:23:49.2726984-03:00" endTime="2026-10-07T10:23:49.2726988-03:00" testType="13cdc9d9-ddb5-4fa4-a97d-d965ccfc6d4b" outcome="Passed" testListId="8c84fa94-04c1-424b-9868-57a2d4851a1d" relativeResultsDirectory="14350195-70c6-4e06-9c81-31c6ef1c37ab" />
    <UnitTestResult executionId="000451de-5977-4b5f-bdeb-58710b351836" testId="dce7dee3-44c0-6371-ca59-780f7996969f" testName="OpenTECHub.Tests.RecipeAssayRestorationTests.Common_runner_is_sealed_and_restores_snapshot_after_exit_at_each_protocol_stage(protocol: Abiotic, stage: 2, exit: &quot;cancel&quot;)" computerName="DESKTOP-J4OP7IO" duration="00:00:00.0644130" startTime="2026-10-07T10:23:50.0826374-03:00" endTime="2026-10-07T10:23:50.0826377-03:00" testType="13cdc9d9-ddb5-4fa4-a97d-d965ccfc6d4b" outcome="Passed" testListId="8c84fa94-04c1-424b-9868-57a2d4851a1d" relativeResultsDirectory="000451de-5977-4b5f-bdeb-58710b351836" />
    <UnitTestResult executionId="fc1766ad-54fd-4979-9f6a-85c7aac70a9c" testId="93b8ae3c-10cf-38bf-0441-fa0bebf36053" testName="OpenTECHub.Tests.KlaAttemptPersistenceTests.ReconciliationPreservesBudgetAndDoesNotInferPhysicalRecoveryAfterInterruption" computerName="DESKTOP-J4OP7IO" duration="00:00:00.0470249" startTime="2026-10-07T10:23:48.8782559-03:00" endTime="2026-10-07T10:23:48.8782566-03:00" testType="13cdc9d9-ddb5-4fa4-a97d-d965ccfc6d4b" outcome="Passed" testListId="8c84fa94-04c1-424b-9868-57a2d4851a1d" relativeResultsDirectory="fc1766ad-54fd-4979-9f6a-85c7aac70a9c" />
    <UnitTestResult executionId="08382319-e904-46c8-b1fb-92a9545d441e" testId="1e92db3a-de96-a8a9-f3eb-81f30569f874" testName="OpenTECHub.Tests.RecipeAssayRestorationTests.Wrong_or_missing_confirmation_never_counts_as_return(fault: &quot;freshness&quot;)" computerName="DESKTOP-J4OP7IO" duration="00:00:00.0150346" startTime="2026-10-07T10:23:51.2363132-03:00" endTime="2026-10-07T10:23:51.2363133-03:00" testType="13cdc9d9-ddb5-4fa4-a97d-d965ccfc6d4b" outcome="Passed" testListId="8c84fa94-04c1-424b-9868-57a2d4851a1d" relativeResultsDirectory="08382319-e904-46c8-b1fb-92a9545d441e" />
    <UnitTestResult executionId="be588a30-b84c-4415-9be2-5887ff4b2844" testId="f9c1dbca-3366-0ddd-a743-18ba9969f860" testName="OpenTECHub.Tests.RecipeAssayRestorationTests.Common_runner_is_sealed_and_restores_snapshot_after_exit_at_each_protocol_stage(protocol: Abiotic, stage: 2, exit: &quot;review&quot;)" computerName="DESKTOP-J4OP7IO" duration="00:00:00.0607945" startTime="2026-10-07T10:23:50.1436030-03:00" endTime="2026-10-07T10:23:50.1436033-03:00" testType="13cdc9d9-ddb5-4fa4-a97d-d965ccfc6d4b" outcome="Passed" testListId="8c84fa94-04c1-424b-9868-57a2d4851a1d" relativeResultsDirectory="be588a30-b84c-4415-9be2-5887ff4b2844" />
    <UnitTestResult executionId="0fffdb5f-23de-41f3-985f-2cfe0838c2c0" testId="efefc942-1c9e-4fcd-5954-890f9b3b1f08" testName="OpenTECHub.Tests.RecipeAssayRestorationTests.Cancelled_acquisition_does_not_cancel_an_independent_recovery_deadline" computerName="DESKTOP-J4OP7IO" duration="00:00:00.0153759" startTime="2026-10-07T10:23:51.3124649-03:00" endTime="2026-10-07T10:23:51.3124651-03:00" testType="13cdc9d9-ddb5-4fa4-a97d-d965ccfc6d4b" outcome="Passed" testListId="8c84fa94-04c1-424b-9868-57a2d4851a1d" relativeResultsDirectory="0fffdb5f-23de-41f3-985f-2cfe0838c2c0" />
    <UnitTestResult executionId="0e94ffa4-10e0-44af-b6e2-9894c6b88847" testId="b68f1ef3-d647-48f8-7d6d-e8cf7e4207c6" testName="OpenTECHub.Tests.RecipeAssayRestorationTests.Common_runner_is_sealed_and_restores_snapshot_after_exit_at_each_protocol_stage(protocol: Abiotic, stage: 1, exit: &quot;review&quot;)" computerName="DESKTOP-J4OP7IO" duration="00:00:00.0589082" startTime="2026-10-07T10:23:49.4623782-03:00" endTime="2026-10-07T10:23:49.4623785-03:00" testType="13cdc9d9-ddb5-4fa4-a97d-d965ccfc6d4b" outcome="Passed" testListId="8c84fa94-04c1-424b-9868-57a2d4851a1d" relativeResultsDirectory="0e94ffa4-10e0-44af-b6e2-9894c6b88847" />
    <UnitTestResult executionId="0c206474-520d-4210-871f-64b26a46b13e" testId="ec19a25b-f1b6-2622-8ccc-add9a680bca2" testName="OpenTECHub.Tests.KlaAttemptPersistenceTests.ReceiptsAreIdempotentAndSurviveReopeningWithoutAnotherAttempt" computerName="DESKTOP-J4OP7IO" duration="00:00:00.2744869" startTime="2026-10-07T10:23:48.8311175-03:00" endTime="2026-10-07T10:23:48.8311179-03:00" testType="13cdc9d9-ddb5-4fa4-a97d-d965ccfc6d4b" outcome="Passed" testListId="8c84fa94-04c1-424b-9868-57a2d4851a1d" relativeResultsDirectory="0c206474-520d-4210-871f-64b26a46b13e" />
    <UnitTestResult executionId="67a66613-afc0-4190-b3d5-4c0183cf54a9" testId="aeaf890f-a50f-9632-e492-c47adad4c28d" testName="OpenTECHub.Tests.RecipeAssayRestorationTests.Common_runner_is_sealed_and_restores_snapshot_after_exit_at_each_protocol_stage(protocol: Abiotic, stage: 1, exit: &quot;cancel&quot;)" computerName="DESKTOP-J4OP7IO" duration="00:00:00.0608841" startTime="2026-10-07T10:23:49.8956871-03:00" endTime="2026-10-07T10:23:49.8956875-03:00" testType="13cdc9d9-ddb5-4fa4-a97d-d965ccfc6d4b" outcome="Passed" testListId="8c84fa94-04c1-424b-9868-57a2d4851a1d" relativeResultsDirectory="67a66613-afc0-4190-b3d5-4c0183cf54a9" />
    <UnitTestResult executionId="7d98dcbb-9846-4520-a11c-2cb7c2f62145" testId="b78a780b-49a2-3f76-1d36-f6763ccaf646" testName="OpenTECHub.Tests.RecipeAssayRestorationTests.Common_runner_is_sealed_and_restores_snapshot_after_exit_at_each_protocol_stage(protocol: Abiotic, stage: 0, exit: &quot;cancel&quot;)" computerName="DESKTOP-J4OP7IO" duration="00:00:00.0587901" startTime="2026-10-07T10:23:51.0122084-03:00" endTime="2026-10-07T10:23:51.0122086-03:00" testType="13cdc9d9-ddb5-4fa4-a97d-d965ccfc6d4b" outcome="Passed" testListId="8c84fa94-04c1-424b-9868-57a2d4851a1d" relativeResultsDirectory="7d98dcbb-9846-4520-a11c-2cb7c2f62145" />
    <UnitTestResult executionId="38af3e47-4f98-40c9-b186-fcaf87b7b753" testId="0f11f52e-e9d8-2e80-25b0-206ec1a02e65" testName="OpenTECHub.Tests.RecipeAssayRestorationTests.Common_runner_is_sealed_and_restores_snapshot_after_exit_at_each_protocol_stage(protocol: Abiotic, stage: 5, exit: &quot;review&quot;)" computerName="DESKTOP-J4OP7IO" duration="00:00:00.0859988" startTime="2026-10-07T10:23:49.1904971-03:00" endTime="2026-10-07T10:23:49.1904980-03:00" testType="13cdc9d9-ddb5-4fa4-a97d-d965ccfc6d4b" outcome="Passed" testListId="8c84fa94-04c1-424b-9868-57a2d4851a1d" relativeResultsDirectory="38af3e47-4f98-40c9-b186-fcaf87b7b753" />
    <UnitTestResult executionId="5df08baf-a5f3-4f38-a2bd-edcc49088784" testId="90517f1c-6d4f-995d-1ed5-069ad4cd3bd0" testName="OpenTECHub.Tests.RecipeAssayRestorationTests.A_fabricated_confirmed_result_cannot_resume_a_captured_lease_without_physical_recovery" computerName="DESKTOP-J4OP7IO" duration="00:00:00.0009149" startTime="2026-10-07T10:23:51.3151994-03:00" endTime="2026-10-07T10:23:51.3151994-03:00" testType="13cdc9d9-ddb5-4fa4-a97d-d965ccfc6d4b" outcome="Passed" testListId="8c84fa94-04c1-424b-9868-57a2d4851a1d" relativeResultsDirectory="5df08baf-a5f3-4f38-a2bd-edcc49088784" />
    <UnitTestResult executionId="407af997-4ca9-4b03-83ca-2546ff278528" testId="49e41280-958f-879d-32eb-67abaa3808b4" testName="OpenTECHub.Tests.RecipeAssayRestorationTests.Full_return_restores_route_modes_configuration_and_off_without_releasing_before_persistence(route: VentAndNitrogen, rpm: 450, flow: 3, modbus: False)" computerName="DESKTOP-J4OP7IO" duration="00:00:00.2789005" startTime="2026-10-07T10:23:48.8359832-03:00" endTime="2026-10-07T10:23:48.8359835-03:00" testType="13cdc9d9-ddb5-4fa4-a97d-d965ccfc6d4b" outcome="Passed" testListId="8c84fa94-04c1-424b-9868-57a2d4851a1d" relativeResultsDirectory="407af997-4ca9-4b03-83ca-2546ff278528" />
    <UnitTestResult executionId="a4c6d693-dc69-47ee-8941-0bf1f2e5b6cc" testId="6cc5ea25-ba99-9842-d275-20c7f16697ca" testName="OpenTECHub.Tests.RecipeResourceCoordinatorTests.Emergency_prevents_late_return_from_resuming_the_controller" computerName="DESKTOP-J4OP7IO" duration="00:00:00.0464501" startTime="2026-10-07T10:23:48.6072770-03:00" endTime="2026-10-07T10:23:48.6073160-03:00" testType="13cdc9d9-ddb5-4fa4-a97d-d965ccfc6d4b" outcome="Passed" testListId="8c84fa94-04c1-424b-9868-57a2d4851a1d" relativeResultsDirectory="a4c6d693-dc69-47ee-8941-0bf1f2e5b6cc" />
    <UnitTestResult executionId="1435224b-4fda-4c2c-baf7-2542526d8ba7" testId="8f6277ab-8676-7606-eba4-04b2b4c7bf1b" testName="OpenTECHub.Tests.RecipeAssayRestorationTests.Common_runner_is_sealed_and_restores_snapshot_after_exit_at_each_protocol_stage(protocol: Biotic, stage: 1, exit: &quot;cancel&quot;)" computerName="DESKTOP-J4OP7IO" duration="00:00:00.0629437" startTime="2026-10-07T10:23:49.5255704-03:00" endTime="2026-10-07T10:23:49.5255707-03:00" testType="13cdc9d9-ddb5-4fa4-a97d-d965ccfc6d4b" outcome="Passed" testListId="8c84fa94-04c1-424b-9868-57a2d4851a1d" relativeResultsDirectory="1435224b-4fda-4c2c-baf7-2542526d8ba7" />
    <UnitTestResult executionId="f0f4cf35-94fb-4ada-879b-530878eb245b" testId="3a4012bf-98fc-b092-c47f-a5592a18ae36" testName="OpenTECHub.Tests.RecipeAssayRestorationTests.Wrong_or_missing_confirmation_never_counts_as_return(fault: &quot;route&quot;)" computerName="DESKTOP-J4OP7IO" duration="00:00:00.0086500" startTime="2026-10-07T10:23:51.2060672-03:00" endTime="2026-10-07T10:23:51.2060673-03:00" testType="13cdc9d9-ddb5-4fa4-a97d-d965ccfc6d4b" outcome="Passed" testListId="8c84fa94-04c1-424b-9868-57a2d4851a1d" relativeResultsDirectory="f0f4cf35-94fb-4ada-879b-530878eb245b" />
    <UnitTestResult executionId="03a2fa3f-b67a-4dcd-9c75-8a91c5ddbf5f" testId="b3c3cdd1-1df8-9fa0-aaa0-221731fb26ff" testName="OpenTECHub.Tests.RecipeAssayRestorationTests.Wrong_or_missing_confirmation_never_counts_as_return(fault: &quot;ack&quot;)" computerName="DESKTOP-J4OP7IO" duration="00:00:00.0146309" startTime="2026-10-07T10:23:51.2661896-03:00" endTime="2026-10-07T10:23:51.2661898-03:00" testType="13cdc9d9-ddb5-4fa4-a97d-d965ccfc6d4b" outcome="Passed" testListId="8c84fa94-04c1-424b-9868-57a2d4851a1d" relativeResultsDirectory="03a2fa3f-b67a-4dcd-9c75-8a91c5ddbf5f" />
    <UnitTestResult executionId="51e050ea-1a20-45ef-a75f-26ecd39747af" testId="184d7ed2-f6d1-7019-b704-b58a1096aae6" testName="OpenTECHub.Tests.RecipeResourceCoordinatorTests.Aborting_before_actuation_restores_producers_and_releases_the_assay_slot" computerName="DESKTOP-J4OP7IO" duration="00:00:00.0013772" startTime="2026-10-07T10:23:48.6208049-03:00" endTime="2026-10-07T10:23:48.6208050-03:00" testType="13cdc9d9-ddb5-4fa4-a97d-d965ccfc6d4b" outcome="Passed" testListId="8c84fa94-04c1-424b-9868-57a2d4851a1d" relativeResultsDirectory="51e050ea-1a20-45ef-a75f-26ecd39747af" />
    <UnitTestResult executionId="2863ec03-1cc3-4f58-b325-6405cde60d7a" testId="482554be-4566-b5c0-eb02-cc1e08bc0d9d" testName="OpenTECHub.Tests.RecipeAssayRestorationTests.Common_runner_is_sealed_and_restores_snapshot_after_exit_at_each_protocol_stage(protocol: Biotic, stage: 4, exit: &quot;cancel&quot;)" computerName="DESKTOP-J4OP7IO" duration="00:00:00.0591837" startTime="2026-10-07T10:23:50.0177888-03:00" endTime="2026-10-07T10:23:50.0177891-03:00" testType="13cdc9d9-ddb5-4fa4-a97d-d965ccfc6d4b" outcome="Passed" testListId="8c84fa94-04c1-424b-9868-57a2d4851a1d" relativeResultsDirectory="2863ec03-1cc3-4f58-b325-6405cde60d7a" />
    <UnitTestResult executionId="219df332-c07e-485d-a6a4-51051d5b28d7" testId="b5769f1d-bcc2-ee87-65c0-909162eef048" testName="OpenTECHub.Tests.RecipeAssayRestorationTests.Emergency_during_route_wait_prevents_final_reference_and_late_return" computerName="DESKTOP-J4OP7IO" duration="00:00:00.0037550" startTime="2026-10-07T10:23:51.2965785-03:00" endTime="2026-10-07T10:23:51.2965787-03:00" testType="13cdc9d9-ddb5-4fa4-a97d-d965ccfc6d4b" outcome="Passed" testListId="8c84fa94-04c1-424b-9868-57a2d4851a1d" relativeResultsDirectory="219df332-c07e-485d-a6a4-51051d5b28d7" />
    <UnitTestResult executionId="79fddb7d-16b8-4307-9b40-de8175ba0f2c" testId="59c1dbb5-10be-088c-2294-d7c9f4a55732" testName="OpenTECHub.Tests.RecipeAssayRestorationTests.Common_runner_is_sealed_and_restores_snapshot_after_exit_at_each_protocol_stage(protocol: Biotic, stage: 1, exit: &quot;fault&quot;)" computerName="DESKTOP-J4OP7IO" duration="00:00:00.0606589" startTime="2026-10-07T10:23:51.1362274-03:00" endTime="2026-10-07T10:23:51.1362276-03:00" testType="13cdc9d9-ddb5-4fa4-a97d-d965ccfc6d4b" outcome="Passed" testListId="8c84fa94-04c1-424b-9868-57a2d4851a1d" relativeResultsDirectory="79fddb7d-16b8-4307-9b40-de8175ba0f2c" />
  </Results>
  <TestDefinitions>
    <UnitTest name="OpenTECHub.Tests.RecipeResourceCoordinatorTests.Aborting_before_actuation_restores_producers_and_releases_the_assay_slot" storage="d:\onedrive\posdoc_fapesp\_automacao_e_controle\projetotecnal\windows_app\tests\opentechub.tests\bin\debug\net10.0-windows10.0.19041.0\opentechub.tests.dll" id="184d7ed2-f6d1-7019-b704-b58a1096aae6">
      <Execution id="51e050ea-1a20-45ef-a75f-26ecd39747af" />
      <TestMethod codeBase="D:\OneDrive\PosDoc_Fapesp\_Automacao_e_Controle\ProjetoTECNAL\Windows_app\tests\OpenTECHub.Tests\bin\Debug\net10.0-windows10.0.19041.0\OpenTECHub.Tests.dll" adapterTypeName="executor://xunit/VsTestRunner2/netcoreapp" className="OpenTECHub.Tests.RecipeResourceCoordinatorTests" name="Aborting_before_actuation_restores_producers_and_releases_the_assay_slot" />
    </UnitTest>
    <UnitTest name="OpenTECHub.Tests.RecipeAssayRestorationTests.Capture_merges_prior_configuration_and_separates_desired_transport_and_measurements" storage="d:\onedrive\posdoc_fapesp\_automacao_e_controle\projetotecnal\windows_app\tests\opentechub.tests\bin\debug\net10.0-windows10.0.19041.0\opentechub.tests.dll" id="c24d5456-b791-4bd0-c4e7-e54b3c59d31e">
      <Execution id="90fc3b73-1e4a-43f2-ad64-0f653e363212" />
      <TestMethod codeBase="D:\OneDrive\PosDoc_Fapesp\_Automacao_e_Controle\ProjetoTECNAL\Windows_app\tests\OpenTECHub.Tests\bin\Debug\net10.0-windows10.0.19041.0\OpenTECHub.Tests.dll" adapterTypeName="executor://xunit/VsTestRunner2/netcoreapp" className="OpenTECHub.Tests.RecipeAssayRestorationTests" name="Capture_merges_prior_configuration_and_separates_desired_transport_and_measurements" />
    </UnitTest>
    <UnitTest name="OpenTECHub.Tests.RecipeAssayRestorationTests.Common_runner_is_sealed_and_restores_snapshot_after_exit_at_each_protocol_stage(protocol: Abiotic, stage: 0, exit: &quot;cancel&quot;)" storage="d:\onedrive\posdoc_fapesp\_automacao_e_controle\projetotecnal\windows_app\tests\opentechub.tests\bin\debug\net10.0-windows10.0.19041.0\opentechub.tests.dll" id="b78a780b-49a2-3f76-1d36-f6763ccaf646">
      <Execution id="7d98dcbb-9846-4520-a11c-2cb7c2f62145" />
      <TestMethod codeBase="D:\OneDrive\PosDoc_Fapesp\_Automacao_e_Controle\ProjetoTECNAL\Windows_app\tests\OpenTECHub.Tests\bin\Debug\net10.0-windows10.0.19041.0\OpenTECHub.Tests.dll" adapterTypeName="executor://xunit/VsTestRunner2/netcoreapp" className="OpenTECHub.Tests.RecipeAssayRestorationTests" name="Common_runner_is_sealed_and_restores_snapshot_after_exit_at_each_protocol_stage" />
    </UnitTest>
    <UnitTest name="OpenTECHub.Tests.RecipeAssayRestorationTests.Wrong_or_missing_confirmation_never_counts_as_return(fault: &quot;ack&quot;)" storage="d:\onedrive\posdoc_fapesp\_automacao_e_controle\projetotecnal\windows_app\tests\opentechub.tests\bin\debug\net10.0-windows10.0.19041.0\opentechub.tests.dll" id="b3c3cdd1-1df8-9fa0-aaa0-221731fb26ff">
      <Execution id="03a2fa3f-b67a-4dcd-9c75-8a91c5ddbf5f" />
      <TestMethod codeBase="D:\OneDrive\PosDoc_Fapesp\_Automacao_e_Controle\ProjetoTECNAL\Windows_app\tests\OpenTECHub.Tests\bin\Debug\net10.0-windows10.0.19041.0\OpenTECHub.Tests.dll" adapterTypeName="executor://xunit/VsTestRunner2/netcoreapp" className="OpenTECHub.Tests.RecipeAssayRestorationTests" name="Wrong_or_missing_confirmation_never_counts_as_return" />
    </UnitTest>
    <UnitTest name="OpenTECHub.Tests.RecipeAssayRestorationTests.Common_runner_is_sealed_and_restores_snapshot_after_exit_at_each_protocol_stage(protocol: Abiotic, stage: 4, exit: &quot;fault&quot;)" storage="d:\onedrive\posdoc_fapesp\_automacao_e_controle\projetotecnal\windows_app\tests\opentechub.tests\bin\debug\net10.0-windows10.0.19041.0\opentechub.tests.dll" id="3c9d9f4d-510d-0fb8-b80c-baee22c4a978">
      <Execution id="14350195-70c6-4e06-9c81-31c6ef1c37ab" />
      <TestMethod codeBase="D:\OneDrive\PosDoc_Fapesp\_Automacao_e_Controle\ProjetoTECNAL\Windows_app\tests\OpenTECHub.Tests\bin\Debug\net10.0-windows10.0.19041.0\OpenTECHub.Tests.dll" adapterTypeName="executor://xunit/VsTestRunner2/netcoreapp" className="OpenTECHub.Tests.RecipeAssayRestorationTests" name="Common_runner_is_sealed_and_restores_snapshot_after_exit_at_each_protocol_stage" />
    </UnitTest>
    <UnitTest name="OpenTECHub.Tests.RecipeAssayRestorationTests.Common_runner_is_sealed_and_restores_snapshot_after_exit_at_each_protocol_stage(protocol: Biotic, stage: 4, exit: &quot;fault&quot;)" storage="d:\onedrive\posdoc_fapesp\_automacao_e_controle\projetotecnal\windows_app\tests\opentechub.tests\bin\debug\net10.0-windows10.0.19041.0\opentechub.tests.dll" id="c072cbf6-b64c-66f3-fad3-9c5e59529080">
      <Execution id="930924eb-081a-431d-8363-f3952bb4e2c3" />
      <TestMethod codeBase="D:\OneDrive\PosDoc_Fapesp\_Automacao_e_Controle\ProjetoTECNAL\Windows_app\tests\OpenTECHub.Tests\bin\Debug\net10.0-windows10.0.19041.0\OpenTECHub.Tests.dll" adapterTypeName="executor://xunit/VsTestRunner2/netcoreapp" className="OpenTECHub.Tests.RecipeAssayRestorationTests" name="Common_runner_is_sealed_and_restores_snapshot_after_exit_at_each_protocol_stage" />
    </UnitTest>
    <UnitTest name="OpenTECHub.Tests.RecipeAssayRestorationTests.Common_runner_is_sealed_and_restores_snapshot_after_exit_at_each_protocol_stage(protocol: Abiotic, stage: 4, exit: &quot;cancel&quot;)" storage="d:\onedrive\posdoc_fapesp\_automacao_e_controle\projetotecnal\windows_app\tests\opentechub.tests\bin\debug\net10.0-windows10.0.19041.0\opentechub.tests.dll" id="7de7dbd0-a9cc-2494-9235-7d91b0b0e34f">
      <Execution id="d8d70329-544e-44d3-a30e-8094691106ba" />
      <TestMethod codeBase="D:\OneDrive\PosDoc_Fapesp\_Automacao_e_Controle\ProjetoTECNAL\Windows_app\tests\OpenTECHub.Tests\bin\Debug\net10.0-windows10.0.19041.0\OpenTECHub.Tests.dll" adapterTypeName="executor://xunit/VsTestRunner2/netcoreapp" className="OpenTECHub.Tests.RecipeAssayRestorationTests" name="Common_runner_is_sealed_and_restores_snapshot_after_exit_at_each_protocol_stage" />
    </UnitTest>
    <UnitTest name="OpenTECHub.Tests.RecipeAssayRestorationTests.Common_runner_is_sealed_and_restores_snapshot_after_exit_at_each_protocol_stage(protocol: Abiotic, stage: 1, exit: &quot;fault&quot;)" storage="d:\onedrive\posdoc_fapesp\_automacao_e_controle\projetotecnal\windows_app\tests\opentechub.tests\bin\debug\net10.0-windows10.0.19041.0\opentechub.tests.dll" id="7b0ba6ce-bba7-7935-e01c-ab42e02b2159">
      <Execution id="554a2cf5-25c8-475a-a9d5-317e0fd7cd76" />
      <TestMethod codeBase="D:\OneDrive\PosDoc_Fapesp\_Automacao_e_Controle\ProjetoTECNAL\Windows_app\tests\OpenTECHub.Tests\bin\Debug\net10.0-windows10.0.19041.0\OpenTECHub.Tests.dll" adapterTypeName="executor://xunit/VsTestRunner2/netcoreapp" className="OpenTECHub.Tests.RecipeAssayRestorationTests" name="Common_runner_is_sealed_and_restores_snapshot_after_exit_at_each_protocol_stage" />
    </UnitTest>
    <UnitTest name="OpenTECHub.Tests.RecipeAssayRestorationTests.Full_return_restores_route_modes_configuration_and_off_without_releasing_before_persistence(route: VentAndNitrogen, rpm: 450, flow: 3, modbus: False)" storage="d:\onedrive\posdoc_fapesp\_automacao_e_controle\projetotecnal\windows_app\tests\opentechub.tests\bin\debug\net10.0-windows10.0.19041.0\opentechub.tests.dll" id="49e41280-958f-879d-32eb-67abaa3808b4">
      <Execution id="407af997-4ca9-4b03-83ca-2546ff278528" />
      <TestMethod codeBase="D:\OneDrive\PosDoc_Fapesp\_Automacao_e_Controle\ProjetoTECNAL\Windows_app\tests\OpenTECHub.Tests\bin\Debug\net10.0-windows10.0.19041.0\OpenTECHub.Tests.dll" adapterTypeName="executor://xunit/VsTestRunner2/netcoreapp" className="OpenTECHub.Tests.RecipeAssayRestorationTests" name="Full_return_restores_route_modes_configuration_and_off_without_releasing_before_persistence" />
    </UnitTest>
    <UnitTest name="OpenTECHub.Tests.RecipeAssayRestorationTests.Common_runner_is_sealed_and_restores_snapshot_after_exit_at_each_protocol_stage(protocol: Abiotic, stage: 5, exit: &quot;fault&quot;)" storage="d:\onedrive\posdoc_fapesp\_automacao_e_controle\projetotecnal\windows_app\tests\opentechub.tests\bin\debug\net10.0-windows10.0.19041.0\opentechub.tests.dll" id="76c0d39b-0a28-8807-4bc7-693d8cdbaa0d">
      <Execution id="2d145fec-4650-4c13-b17a-0c9c58b23607" />
      <TestMethod codeBase="D:\OneDrive\PosDoc_Fapesp\_Automacao_e_Controle\ProjetoTECNAL\Windows_app\tests\OpenTECHub.Tests\bin\Debug\net10.0-windows10.0.19041.0\OpenTECHub.Tests.dll" adapterTypeName="executor://xunit/VsTestRunner2/netcoreapp" className="OpenTECHub.Tests.RecipeAssayRestorationTests" name="Common_runner_is_sealed_and_restores_snapshot_after_exit_at_each_protocol_stage" />
    </UnitTest>
    <UnitTest name="OpenTECHub.Tests.KlaAttemptPersistenceTests.ReconciliationRejectsConflictingJournalResults" storage="d:\onedrive\posdoc_fapesp\_automacao_e_controle\projetotecnal\windows_app\tests\opentechub.tests\bin\debug\net10.0-windows10.0.19041.0\opentechub.tests.dll" id="d11c0210-0cdc-d944-c08c-37ca464e9a20">
      <Execution id="1094f665-9663-44a3-8dca-6dea0174a799" />
      <TestMethod codeBase="D:\OneDrive\PosDoc_Fapesp\_Automacao_e_Controle\ProjetoTECNAL\Windows_app\tests\OpenTECHub.Tests\bin\Debug\net10.0-windows10.0.19041.0\OpenTECHub.Tests.dll" adapterTypeName="executor://xunit/VsTestRunner2/netcoreapp" className="OpenTECHub.Tests.KlaAttemptPersistenceTests" name="ReconciliationRejectsConflictingJournalResults" />
    </UnitTest>
    <UnitTest name="OpenTECHub.Tests.RecipeAssayRestorationTests.Common_runner_is_sealed_and_restores_snapshot_after_exit_at_each_protocol_stage(protocol: Biotic, stage: 3, exit: &quot;cancel&quot;)" storage="d:\onedrive\posdoc_fapesp\_automacao_e_controle\projetotecnal\windows_app\tests\opentechub.tests\bin\debug\net10.0-windows10.0.19041.0\opentechub.tests.dll" id="f954b161-aafe-e6a0-51c1-52707e9e10e8">
      <Execution id="8644fec5-f0a2-4efa-ab8d-6cd2b1b554d9" />
      <TestMethod codeBase="D:\OneDrive\PosDoc_Fapesp\_Automacao_e_Controle\ProjetoTECNAL\Windows_app\tests\OpenTECHub.Tests\bin\Debug\net10.0-windows10.0.19041.0\OpenTECHub.Tests.dll" adapterTypeName="executor://xunit/VsTestRunner2/netcoreapp" className="OpenTECHub.Tests.RecipeAssayRestorationTests" name="Common_runner_is_sealed_and_restores_snapshot_after_exit_at_each_protocol_stage" />
    </UnitTest>
    <UnitTest name="OpenTECHub.Tests.RecipeAssayRestorationTests.Common_runner_is_sealed_and_restores_snapshot_after_exit_at_each_protocol_stage(protocol: Biotic, stage: 1, exit: &quot;review&quot;)" storage="d:\onedrive\posdoc_fapesp\_automacao_e_controle\projetotecnal\windows_app\tests\opentechub.tests\bin\debug\net10.0-windows10.0.19041.0\opentechub.tests.dll" id="123aa33e-5fd6-b6dc-4d19-781b1ad12c95">
      <Execution id="2185f90c-caf3-4202-8cca-5211e14df28c" />
      <TestMethod codeBase="D:\OneDrive\PosDoc_Fapesp\_Automacao_e_Controle\ProjetoTECNAL\Windows_app\tests\OpenTECHub.Tests\bin\Debug\net10.0-windows10.0.19041.0\OpenTECHub.Tests.dll" adapterTypeName="executor://xunit/VsTestRunner2/netcoreapp" className="OpenTECHub.Tests.RecipeAssayRestorationTests" name="Common_runner_is_sealed_and_restores_snapshot_after_exit_at_each_protocol_stage" />
    </UnitTest>
    <UnitTest name="OpenTECHub.Tests.RecipeAssayRestorationTests.Common_runner_is_sealed_and_restores_snapshot_after_exit_at_each_protocol_stage(protocol: Abiotic, stage: 2, exit: &quot;review&quot;)" storage="d:\onedrive\posdoc_fapesp\_automacao_e_controle\projetotecnal\windows_app\tests\opentechub.tests\bin\debug\net10.0-windows10.0.19041.0\opentechub.tests.dll" id="f9c1dbca-3366-0ddd-a743-18ba9969f860">
      <Execution id="be588a30-b84c-4415-9be2-5887ff4b2844" />
      <TestMethod codeBase="D:\OneDrive\PosDoc_Fapesp\_Automacao_e_Controle\ProjetoTECNAL\Windows_app\tests\OpenTECHub.Tests\bin\Debug\net10.0-windows10.0.19041.0\OpenTECHub.Tests.dll" adapterTypeName="executor://xunit/VsTestRunner2/netcoreapp" className="OpenTECHub.Tests.RecipeAssayRestorationTests" name="Common_runner_is_sealed_and_restores_snapshot_after_exit_at_each_protocol_stage" />
    </UnitTest>
    <UnitTest name="OpenTECHub.Tests.RecipeAssayRestorationTests.Common_runner_is_sealed_and_restores_snapshot_after_exit_at_each_protocol_stage(protocol: Abiotic, stage: 2, exit: &quot;fault&quot;)" storage="d:\onedrive\posdoc_fapesp\_automacao_e_controle\projetotecnal\windows_app\tests\opentechub.tests\bin\debug\net10.0-windows10.0.19041.0\opentechub.tests.dll" id="f54c2da5-443e-c8cf-7a32-a7b258427813">
      <Execution id="8867a0fb-122d-47c7-9a25-45ef2f8d9c94" />
      <TestMethod codeBase="D:\OneDrive\PosDoc_Fapesp\_Automacao_e_Controle\ProjetoTECNAL\Windows_app\tests\OpenTECHub.Tests\bin\Debug\net10.0-windows10.0.19041.0\OpenTECHub.Tests.dll" adapterTypeName="executor://xunit/VsTestRunner2/netcoreapp" className="OpenTECHub.Tests.RecipeAssayRestorationTests" name="Common_runner_is_sealed_and_restores_snapshot_after_exit_at_each_protocol_stage" />
    </UnitTest>
    <UnitTest name="OpenTECHub.Tests.RecipeAssayRestorationTests.Wrong_or_missing_confirmation_never_counts_as_return(fault: &quot;freshness&quot;)" storage="d:\onedrive\posdoc_fapesp\_automacao_e_controle\projetotecnal\windows_app\tests\opentechub.tests\bin\debug\net10.0-windows10.0.19041.0\opentechub.tests.dll" id="1e92db3a-de96-a8a9-f3eb-81f30569f874">
      <Execution id="08382319-e904-46c8-b1fb-92a9545d441e" />
      <TestMethod codeBase="D:\OneDrive\PosDoc_Fapesp\_Automacao_e_Controle\ProjetoTECNAL\Windows_app\tests\OpenTECHub.Tests\bin\Debug\net10.0-windows10.0.19041.0\OpenTECHub.Tests.dll" adapterTypeName="executor://xunit/VsTestRunner2/netcoreapp" className="OpenTECHub.Tests.RecipeAssayRestorationTests" name="Wrong_or_missing_confirmation_never_counts_as_return" />
    </UnitTest>
    <UnitTest name="OpenTECHub.Tests.RecipeAssayRestorationTests.Common_runner_is_sealed_and_restores_snapshot_after_exit_at_each_protocol_stage(protocol: Abiotic, stage: 0, exit: &quot;fault&quot;)" storage="d:\onedrive\posdoc_fapesp\_automacao_e_controle\projetotecnal\windows_app\tests\opentechub.tests\bin\debug\net10.0-windows10.0.19041.0\opentechub.tests.dll" id="7eb0b398-9137-cac0-60db-02be14805f1c">
      <Execution id="760fdd18-02de-4a82-9818-70e0f09a32e2" />
      <TestMethod codeBase="D:\OneDrive\PosDoc_Fapesp\_Automacao_e_Controle\ProjetoTECNAL\Windows_app\tests\OpenTECHub.Tests\bin\Debug\net10.0-windows10.0.19041.0\OpenTECHub.Tests.dll" adapterTypeName="executor://xunit/VsTestRunner2/netcoreapp" className="OpenTECHub.Tests.RecipeAssayRestorationTests" name="Common_runner_is_sealed_and_restores_snapshot_after_exit_at_each_protocol_stage" />
    </UnitTest>
    <UnitTest name="OpenTECHub.Tests.RecipeResourceCoordinatorTests.Cancelled_wait_does_not_disturb_an_active_assay" storage="d:\onedrive\posdoc_fapesp\_automacao_e_controle\projetotecnal\windows_app\tests\opentechub.tests\bin\debug\net10.0-windows10.0.19041.0\opentechub.tests.dll" id="8160959f-ec0d-17e5-6658-5db6da3c5335">
      <Execution id="822b92fa-ae7a-4da5-87c7-75da64f4a72e" />
      <TestMethod codeBase="D:\OneDrive\PosDoc_Fapesp\_Automacao_e_Controle\ProjetoTECNAL\Windows_app\tests\OpenTECHub.Tests\bin\Debug\net10.0-windows10.0.19041.0\OpenTECHub.Tests.dll" adapterTypeName="executor://xunit/VsTestRunner2/netcoreapp" className="OpenTECHub.Tests.RecipeResourceCoordinatorTests" name="Cancelled_wait_does_not_disturb_an_active_assay" />
    </UnitTest>
    <UnitTest name="OpenTECHub.Tests.RecipeAssayRestorationTests.Common_runner_is_sealed_and_restores_snapshot_after_exit_at_each_protocol_stage(protocol: Abiotic, stage: 1, exit: &quot;cancel&quot;)" storage="d:\onedrive\posdoc_fapesp\_automacao_e_controle\projetotecnal\windows_app\tests\opentechub.tests\bin\debug\net10.0-windows10.0.19041.0\opentechub.tests.dll" id="aeaf890f-a50f-9632-e492-c47adad4c28d">
      <Execution id="67a66613-afc0-4190-b3d5-4c0183cf54a9" />
      <TestMethod codeBase="D:\OneDrive\PosDoc_Fapesp\_Automacao_e_Controle\ProjetoTECNAL\Windows_app\tests\OpenTECHub.Tests\bin\Debug\net10.0-windows10.0.19041.0\OpenTECHub.Tests.dll" adapterTypeName="executor://xunit/VsTestRunner2/netcoreapp" className="OpenTECHub.Tests.RecipeAssayRestorationTests" name="Common_runner_is_sealed_and_restores_snapshot_after_exit_at_each_protocol_stage" />
    </UnitTest>
    <UnitTest name="OpenTECHub.Tests.RecipeAssayRestorationTests.Common_runner_is_sealed_and_restores_snapshot_after_exit_at_each_protocol_stage(protocol: Abiotic, stage: 3, exit: &quot;cancel&quot;)" storage="d:\onedrive\posdoc_fapesp\_automacao_e_controle\projetotecnal\windows_app\tests\opentechub.tests\bin\debug\net10.0-windows10.0.19041.0\opentechub.tests.dll" id="0b49c60c-e059-5e7b-da55-34f007b1b070">
      <Execution id="e380d624-a5a4-434b-9126-6abe96d7a040" />
      <TestMethod codeBase="D:\OneDrive\PosDoc_Fapesp\_Automacao_e_Controle\ProjetoTECNAL\Windows_app\tests\OpenTECHub.Tests\bin\Debug\net10.0-windows10.0.19041.0\OpenTECHub.Tests.dll" adapterTypeName="executor://xunit/VsTestRunner2/netcoreapp" className="OpenTECHub.Tests.RecipeAssayRestorationTests" name="Common_runner_is_sealed_and_restores_snapshot_after_exit_at_each_protocol_stage" />
    </UnitTest>
    <UnitTest name="OpenTECHub.Tests.RecipeAssayRestorationTests.Common_runner_is_sealed_and_restores_snapshot_after_exit_at_each_protocol_stage(protocol: Biotic, stage: 0, exit: &quot;review&quot;)" storage="d:\onedrive\posdoc_fapesp\_automacao_e_controle\projetotecnal\windows_app\tests\opentechub.tests\bin\debug\net10.0-windows10.0.19041.0\opentechub.tests.dll" id="399c991f-0e5e-fec2-53a4-b2e771feff70">
      <Execution id="47ea4f2e-c699-48d4-92bf-2d7a0ce504f6" />
      <TestMethod codeBase="D:\OneDrive\PosDoc_Fapesp\_Automacao_e_Controle\ProjetoTECNAL\Windows_app\tests\OpenTECHub.Tests\bin\Debug\net10.0-windows10.0.19041.0\OpenTECHub.Tests.dll" adapterTypeName="executor://xunit/VsTestRunner2/netcoreapp" className="OpenTECHub.Tests.RecipeAssayRestorationTests" name="Common_runner_is_sealed_and_restores_snapshot_after_exit_at_each_protocol_stage" />
    </UnitTest>
    <UnitTest name="OpenTECHub.Tests.RecipeAssayRestorationTests.A_fabricated_confirmed_result_cannot_resume_a_captured_lease_without_physical_recovery" storage="d:\onedrive\posdoc_fapesp\_automacao_e_controle\projetotecnal\windows_app\tests\opentechub.tests\bin\debug\net10.0-windows10.0.19041.0\opentechub.tests.dll" id="90517f1c-6d4f-995d-1ed5-069ad4cd3bd0">
      <Execution id="5df08baf-a5f3-4f38-a2bd-edcc49088784" />
      <TestMethod codeBase="D:\OneDrive\PosDoc_Fapesp\_Automacao_e_Controle\ProjetoTECNAL\Windows_app\tests\OpenTECHub.Tests\bin\Debug\net10.0-windows10.0.19041.0\OpenTECHub.Tests.dll" adapterTypeName="executor://xunit/VsTestRunner2/netcoreapp" className="OpenTECHub.Tests.RecipeAssayRestorationTests" name="A_fabricated_confirmed_result_cannot_resume_a_captured_lease_without_physical_recovery" />
    </UnitTest>
    <UnitTest name="OpenTECHub.Tests.RecipeAssayRestorationTests.Wrong_or_missing_confirmation_never_counts_as_return(fault: &quot;route&quot;)" storage="d:\onedrive\posdoc_fapesp\_automacao_e_controle\projetotecnal\windows_app\tests\opentechub.tests\bin\debug\net10.0-windows10.0.19041.0\opentechub.tests.dll" id="3a4012bf-98fc-b092-c47f-a5592a18ae36">
      <Execution id="f0f4cf35-94fb-4ada-879b-530878eb245b" />
      <TestMethod codeBase="D:\OneDrive\PosDoc_Fapesp\_Automacao_e_Controle\ProjetoTECNAL\Windows_app\tests\OpenTECHub.Tests\bin\Debug\net10.0-windows10.0.19041.0\OpenTECHub.Tests.dll" adapterTypeName="executor://xunit/VsTestRunner2/netcoreapp" className="OpenTECHub.Tests.RecipeAssayRestorationTests" name="Wrong_or_missing_confirmation_never_counts_as_return" />
    </UnitTest>
    <UnitTest name="OpenTECHub.Tests.RecipeAssayRestorationTests.Common_runner_is_sealed_and_restores_snapshot_after_exit_at_each_protocol_stage(protocol: Abiotic, stage: 4, exit: &quot;review&quot;)" storage="d:\onedrive\posdoc_fapesp\_automacao_e_controle\projetotecnal\windows_app\tests\opentechub.tests\bin\debug\net10.0-windows10.0.19041.0\opentechub.tests.dll" id="122dccaa-e37b-b13f-f90b-41eec7fd9af8">
      <Execution id="93503c71-2e78-42f2-9e36-ff55ef78e510" />
      <TestMethod codeBase="D:\OneDrive\PosDoc_Fapesp\_Automacao_e_Controle\ProjetoTECNAL\Windows_app\tests\OpenTECHub.Tests\bin\Debug\net10.0-windows10.0.19041.0\OpenTECHub.Tests.dll" adapterTypeName="executor://xunit/VsTestRunner2/netcoreapp" className="OpenTECHub.Tests.RecipeAssayRestorationTests" name="Common_runner_is_sealed_and_restores_snapshot_after_exit_at_each_protocol_stage" />
    </UnitTest>
    <UnitTest name="OpenTECHub.Tests.RecipeAssayRestorationTests.Full_return_restores_route_modes_configuration_and_off_without_releasing_before_persistence(route: Reactor, rpm: 300, flow: 2, modbus: True)" storage="d:\onedrive\posdoc_fapesp\_automacao_e_controle\projetotecnal\windows_app\tests\opentechub.tests\bin\debug\net10.0-windows10.0.19041.0\opentechub.tests.dll" id="59c1d245-da49-b801-596a-b60a1f632a2c">
      <Execution id="9c970c6c-346b-4dc7-a792-b1eac72ee147" />
      <TestMethod codeBase="D:\OneDrive\PosDoc_Fapesp\_Automacao_e_Controle\ProjetoTECNAL\Windows_app\tests\OpenTECHub.Tests\bin\Debug\net10.0-windows10.0.19041.0\OpenTECHub.Tests.dll" adapterTypeName="executor://xunit/VsTestRunner2/netcoreapp" className="OpenTECHub.Tests.RecipeAssayRestorationTests" name="Full_return_restores_route_modes_configuration_and_off_without_releasing_before_persistence" />
    </UnitTest>
    <UnitTest name="OpenTECHub.Tests.RecipeAssayRestorationTests.Common_runner_is_sealed_and_restores_snapshot_after_exit_at_each_protocol_stage(protocol: Biotic, stage: 2, exit: &quot;cancel&quot;)" storage="d:\onedrive\posdoc_fapesp\_automacao_e_controle\projetotecnal\windows_app\tests\opentechub.tests\bin\debug\net10.0-windows10.0.19041.0\opentechub.tests.dll" id="f3957c03-88d2-ee50-1534-51edd3383f23">
      <Execution id="bfde403b-7fbe-45d0-82ae-03068fbace53" />
      <TestMethod codeBase="D:\OneDrive\PosDoc_Fapesp\_Automacao_e_Controle\ProjetoTECNAL\Windows_app\tests\OpenTECHub.Tests\bin\Debug\net10.0-windows10.0.19041.0\OpenTECHub.Tests.dll" adapterTypeName="executor://xunit/VsTestRunner2/netcoreapp" className="OpenTECHub.Tests.RecipeAssayRestorationTests" name="Common_runner_is_sealed_and_restores_snapshot_after_exit_at_each_protocol_stage" />
    </UnitTest>
    <UnitTest name="OpenTECHub.Tests.RecipeAssayRestorationTests.Emergency_during_route_wait_prevents_final_reference_and_late_return" storage="d:\onedrive\posdoc_fapesp\_automacao_e_controle\projetotecnal\windows_app\tests\opentechub.tests\bin\debug\net10.0-windows10.0.19041.0\opentechub.tests.dll" id="b5769f1d-bcc2-ee87-65c0-909162eef048">
      <Execution id="219df332-c07e-485d-a6a4-51051d5b28d7" />
      <TestMethod codeBase="D:\OneDrive\PosDoc_Fapesp\_Automacao_e_Controle\ProjetoTECNAL\Windows_app\tests\OpenTECHub.Tests\bin\Debug\net10.0-windows10.0.19041.0\OpenTECHub.Tests.dll" adapterTypeName="executor://xunit/VsTestRunner2/netcoreapp" className="OpenTECHub.Tests.RecipeAssayRestorationTests" name="Emergency_during_route_wait_prevents_final_reference_and_late_return" />
    </UnitTest>
    <UnitTest name="OpenTECHub.Tests.RecipeAssayRestorationTests.Common_runner_is_sealed_and_restores_snapshot_after_exit_at_each_protocol_stage(protocol: Biotic, stage: 1, exit: &quot;cancel&quot;)" storage="d:\onedrive\posdoc_fapesp\_automacao_e_controle\projetotecnal\windows_app\tests\opentechub.tests\bin\debug\net10.0-windows10.0.19041.0\opentechub.tests.dll" id="8f6277ab-8676-7606-eba4-04b2b4c7bf1b">
      <Execution id="1435224b-4fda-4c2c-baf7-2542526d8ba7" />
      <TestMethod codeBase="D:\OneDrive\PosDoc_Fapesp\_Automacao_e_Controle\ProjetoTECNAL\Windows_app\tests\OpenTECHub.Tests\bin\Debug\net10.0-windows10.0.19041.0\OpenTECHub.Tests.dll" adapterTypeName="executor://xunit/VsTestRunner2/netcoreapp" className="OpenTECHub.Tests.RecipeAssayRestorationTests" name="Common_runner_is_sealed_and_restores_snapshot_after_exit_at_each_protocol_stage" />
    </UnitTest>
    <UnitTest name="OpenTECHub.Tests.KlaAttemptPersistenceTests.ReconciliationPreservesBudgetAndDoesNotInferPhysicalRecoveryAfterInterruption" storage="d:\onedrive\posdoc_fapesp\_automacao_e_controle\projetotecnal\windows_app\tests\opentechub.tests\bin\debug\net10.0-windows10.0.19041.0\opentechub.tests.dll" id="93b8ae3c-10cf-38bf-0441-fa0bebf36053">
      <Execution id="fc1766ad-54fd-4979-9f6a-85c7aac70a9c" />
      <TestMethod codeBase="D:\OneDrive\PosDoc_Fapesp\_Automacao_e_Controle\ProjetoTECNAL\Windows_app\tests\OpenTECHub.Tests\bin\Debug\net10.0-windows10.0.19041.0\OpenTECHub.Tests.dll" adapterTypeName="executor://xunit/VsTestRunner2/netcoreapp" className="OpenTECHub.Tests.KlaAttemptPersistenceTests" name="ReconciliationPreservesBudgetAndDoesNotInferPhysicalRecoveryAfterInterruption" />
    </UnitTest>
    <UnitTest name="OpenTECHub.Tests.RecipeAssayRestorationTests.Wrong_or_missing_confirmation_never_counts_as_return(fault: &quot;oxygen&quot;)" storage="d:\onedrive\posdoc_fapesp\_automacao_e_controle\projetotecnal\windows_app\tests\opentechub.tests\bin\debug\net10.0-windows10.0.19041.0\opentechub.tests.dll" id="aa50db37-13b4-c24e-ce03-46dba1fb8521">
      <Execution id="615d81ff-fa8b-4153-a0a7-028277bce411" />
      <TestMethod codeBase="D:\OneDrive\PosDoc_Fapesp\_Automacao_e_Controle\ProjetoTECNAL\Windows_app\tests\OpenTECHub.Tests\bin\Debug\net10.0-windows10.0.19041.0\OpenTECHub.Tests.dll" adapterTypeName="executor://xunit/VsTestRunner2/netcoreapp" className="OpenTECHub.Tests.RecipeAssayRestorationTests" name="Wrong_or_missing_confirmation_never_counts_as_return" />
    </UnitTest>
    <UnitTest name="OpenTECHub.Tests.RecipeAssayRestorationTests.Cancelled_acquisition_does_not_cancel_an_independent_recovery_deadline" storage="d:\onedrive\posdoc_fapesp\_automacao_e_controle\projetotecnal\windows_app\tests\opentechub.tests\bin\debug\net10.0-windows10.0.19041.0\opentechub.tests.dll" id="efefc942-1c9e-4fcd-5954-890f9b3b1f08">
      <Execution id="0fffdb5f-23de-41f3-985f-2cfe0838c2c0" />
      <TestMethod codeBase="D:\OneDrive\PosDoc_Fapesp\_Automacao_e_Controle\ProjetoTECNAL\Windows_app\tests\OpenTECHub.Tests\bin\Debug\net10.0-windows10.0.19041.0\OpenTECHub.Tests.dll" adapterTypeName="executor://xunit/VsTestRunner2/netcoreapp" className="OpenTECHub.Tests.RecipeAssayRestorationTests" name="Cancelled_acquisition_does_not_cancel_an_independent_recovery_deadline" />
    </UnitTest>
    <UnitTest name="OpenTECHub.Tests.RecipeAssayRestorationTests.Full_return_restores_route_modes_configuration_and_off_without_releasing_before_persistence(route: Closed, rpm: 0, flow: 0, modbus: True)" storage="d:\onedrive\posdoc_fapesp\_automacao_e_controle\projetotecnal\windows_app\tests\opentechub.tests\bin\debug\net10.0-windows10.0.19041.0\opentechub.tests.dll" id="37416c7b-32ea-3ec9-433d-271b8444b942">
      <Execution id="1d2ccf31-71fa-4ee3-9097-65a490599ead" />
      <TestMethod codeBase="D:\OneDrive\PosDoc_Fapesp\_Automacao_e_Controle\ProjetoTECNAL\Windows_app\tests\OpenTECHub.Tests\bin\Debug\net10.0-windows10.0.19041.0\OpenTECHub.Tests.dll" adapterTypeName="executor://xunit/VsTestRunner2/netcoreapp" className="OpenTECHub.Tests.RecipeAssayRestorationTests" name="Full_return_restores_route_modes_configuration_and_off_without_releasing_before_persistence" />
    </UnitTest>
    <UnitTest name="OpenTECHub.Tests.RecipeResourceCoordinatorTests.No_handoff_before_producer_ack_and_no_resume_before_exact_return_and_persistence" storage="d:\onedrive\posdoc_fapesp\_automacao_e_controle\projetotecnal\windows_app\tests\opentechub.tests\bin\debug\net10.0-windows10.0.19041.0\opentechub.tests.dll" id="16eb7e26-1c0a-df78-c6b3-365768872805">
      <Execution id="408d8152-1808-4a33-b48f-24651dc0319c" />
      <TestMethod codeBase="D:\OneDrive\PosDoc_Fapesp\_Automacao_e_Controle\ProjetoTECNAL\Windows_app\tests\OpenTECHub.Tests\bin\Debug\net10.0-windows10.0.19041.0\OpenTECHub.Tests.dll" adapterTypeName="executor://xunit/VsTestRunner2/netcoreapp" className="OpenTECHub.Tests.RecipeResourceCoordinatorTests" name="No_handoff_before_producer_ack_and_no_resume_before_exact_return_and_persistence" />
    </UnitTest>
    <UnitTest name="OpenTECHub.Tests.RecipeAssayRestorationTests.Disconnection_during_recovery_produces_failure_and_invalidates_return_authority" storage="d:\onedrive\posdoc_fapesp\_automacao_e_controle\projetotecnal\windows_app\tests\opentechub.tests\bin\debug\net10.0-windows10.0.19041.0\opentechub.tests.dll" id="65a024c5-9a97-81bd-3e0e-2e98228fe9fc">
      <Execution id="c58b8950-2836-495f-a154-daf4b080f5cd" />
      <TestMethod codeBase="D:\OneDrive\PosDoc_Fapesp\_Automacao_e_Controle\ProjetoTECNAL\Windows_app\tests\OpenTECHub.Tests\bin\Debug\net10.0-windows10.0.19041.0\OpenTECHub.Tests.dll" adapterTypeName="executor://xunit/VsTestRunner2/netcoreapp" className="OpenTECHub.Tests.RecipeAssayRestorationTests" name="Disconnection_during_recovery_produces_failure_and_invalidates_return_authority" />
    </UnitTest>
    <UnitTest name="OpenTECHub.Tests.KlaAttemptPersistenceTests.ConflictingPayloadCannotReplaceCommittedCheckpoint" storage="d:\onedrive\posdoc_fapesp\_automacao_e_controle\projetotecnal\windows_app\tests\opentechub.tests\bin\debug\net10.0-windows10.0.19041.0\opentechub.tests.dll" id="e437f4af-191a-17ef-d0d0-a1581575007a">
      <Execution id="1a48b697-dba1-4c78-a3da-6c16fc7e81c0" />
      <TestMethod codeBase="D:\OneDrive\PosDoc_Fapesp\_Automacao_e_Controle\ProjetoTECNAL\Windows_app\tests\OpenTECHub.Tests\bin\Debug\net10.0-windows10.0.19041.0\OpenTECHub.Tests.dll" adapterTypeName="executor://xunit/VsTestRunner2/netcoreapp" className="OpenTECHub.Tests.KlaAttemptPersistenceTests" name="ConflictingPayloadCannotReplaceCommittedCheckpoint" />
    </UnitTest>
    <UnitTest name="OpenTECHub.Tests.RecipeAssayRestorationTests.Common_runner_is_sealed_and_restores_snapshot_after_exit_at_each_protocol_stage(protocol: Abiotic, stage: 5, exit: &quot;review&quot;)" storage="d:\onedrive\posdoc_fapesp\_automacao_e_controle\projetotecnal\windows_app\tests\opentechub.tests\bin\debug\net10.0-windows10.0.19041.0\opentechub.tests.dll" id="0f11f52e-e9d8-2e80-25b0-206ec1a02e65">
      <Execution id="38af3e47-4f98-40c9-b186-fcaf87b7b753" />
      <TestMethod codeBase="D:\OneDrive\PosDoc_Fapesp\_Automacao_e_Controle\ProjetoTECNAL\Windows_app\tests\OpenTECHub.Tests\bin\Debug\net10.0-windows10.0.19041.0\OpenTECHub.Tests.dll" adapterTypeName="executor://xunit/VsTestRunner2/netcoreapp" className="OpenTECHub.Tests.RecipeAssayRestorationTests" name="Common_runner_is_sealed_and_restores_snapshot_after_exit_at_each_protocol_stage" />
    </UnitTest>
    <UnitTest name="OpenTECHub.Tests.RecipeAssayRestorationTests.Common_runner_is_sealed_and_restores_snapshot_after_exit_at_each_protocol_stage(protocol: Abiotic, stage: 1, exit: &quot;review&quot;)" storage="d:\onedrive\posdoc_fapesp\_automacao_e_controle\projetotecnal\windows_app\tests\opentechub.tests\bin\debug\net10.0-windows10.0.19041.0\opentechub.tests.dll" id="b68f1ef3-d647-48f8-7d6d-e8cf7e4207c6">
      <Execution id="0e94ffa4-10e0-44af-b6e2-9894c6b88847" />
      <TestMethod codeBase="D:\OneDrive\PosDoc_Fapesp\_Automacao_e_Controle\ProjetoTECNAL\Windows_app\tests\OpenTECHub.Tests\bin\Debug\net10.0-windows10.0.19041.0\OpenTECHub.Tests.dll" adapterTypeName="executor://xunit/VsTestRunner2/netcoreapp" className="OpenTECHub.Tests.RecipeAssayRestorationTests" name="Common_runner_is_sealed_and_restores_snapshot_after_exit_at_each_protocol_stage" />
    </UnitTest>
    <UnitTest name="OpenTECHub.Tests.KlaAttemptPersistenceTests.MissingRawDataOrMissingPreparationCannotProduceTerminalReceipt" storage="d:\onedrive\posdoc_fapesp\_automacao_e_controle\projetotecnal\windows_app\tests\opentechub.tests\bin\debug\net10.0-windows10.0.19041.0\opentechub.tests.dll" id="28bf65f9-82c3-3bba-0866-ac098c7aeed9">
      <Execution id="bac1c27b-06e4-4b91-9d38-6b1479b2638f" />
      <TestMethod codeBase="D:\OneDrive\PosDoc_Fapesp\_Automacao_e_Controle\ProjetoTECNAL\Windows_app\tests\OpenTECHub.Tests\bin\Debug\net10.0-windows10.0.19041.0\OpenTECHub.Tests.dll" adapterTypeName="executor://xunit/VsTestRunner2/netcoreapp" className="OpenTECHub.Tests.KlaAttemptPersistenceTests" name="MissingRawDataOrMissingPreparationCannotProduceTerminalReceipt" />
    </UnitTest>
    <UnitTest name="OpenTECHub.Tests.RecipeAssayRestorationTests.Common_runner_is_sealed_and_restores_snapshot_after_exit_at_each_protocol_stage(protocol: Abiotic, stage: 2, exit: &quot;cancel&quot;)" storage="d:\onedrive\posdoc_fapesp\_automacao_e_controle\projetotecnal\windows_app\tests\opentechub.tests\bin\debug\net10.0-windows10.0.19041.0\opentechub.tests.dll" id="dce7dee3-44c0-6371-ca59-780f7996969f">
      <Execution id="000451de-5977-4b5f-bdeb-58710b351836" />
      <TestMethod codeBase="D:\OneDrive\PosDoc_Fapesp\_Automacao_e_Controle\ProjetoTECNAL\Windows_app\tests\OpenTECHub.Tests\bin\Debug\net10.0-windows10.0.19041.0\OpenTECHub.Tests.dll" adapterTypeName="executor://xunit/VsTestRunner2/netcoreapp" className="OpenTECHub.Tests.RecipeAssayRestorationTests" name="Common_runner_is_sealed_and_restores_snapshot_after_exit_at_each_protocol_stage" />
    </UnitTest>
    <UnitTest name="OpenTECHub.Tests.RecipeAssayRestorationTests.Common_runner_is_sealed_and_restores_snapshot_after_exit_at_each_protocol_stage(protocol: Biotic, stage: 0, exit: &quot;cancel&quot;)" storage="d:\onedrive\posdoc_fapesp\_automacao_e_controle\projetotecnal\windows_app\tests\opentechub.tests\bin\debug\net10.0-windows10.0.19041.0\opentechub.tests.dll" id="9bf91a04-51cc-2e66-54c2-60a6713057d7">
      <Execution id="b9331c91-aebf-4876-a397-9aedb656b1f6" />
      <TestMethod codeBase="D:\OneDrive\PosDoc_Fapesp\_Automacao_e_Controle\ProjetoTECNAL\Windows_app\tests\OpenTECHub.Tests\bin\Debug\net10.0-windows10.0.19041.0\OpenTECHub.Tests.dll" adapterTypeName="executor://xunit/VsTestRunner2/netcoreapp" className="OpenTECHub.Tests.RecipeAssayRestorationTests" name="Common_runner_is_sealed_and_restores_snapshot_after_exit_at_each_protocol_stage" />
    </UnitTest>
    <UnitTest name="OpenTECHub.Tests.RecipeAssayRestorationTests.Wrong_or_missing_confirmation_never_counts_as_return(fault: &quot;gain&quot;)" storage="d:\onedrive\posdoc_fapesp\_automacao_e_controle\projetotecnal\windows_app\tests\opentechub.tests\bin\debug\net10.0-windows10.0.19041.0\opentechub.tests.dll" id="7aa861e7-7d97-7914-2738-fc8e8ba5ecae">
      <Execution id="84a13b1a-b96c-446e-993b-5bf6fc1b39c4" />
      <TestMethod codeBase="D:\OneDrive\PosDoc_Fapesp\_Automacao_e_Controle\ProjetoTECNAL\Windows_app\tests\OpenTECHub.Tests\bin\Debug\net10.0-windows10.0.19041.0\OpenTECHub.Tests.dll" adapterTypeName="executor://xunit/VsTestRunner2/netcoreapp" className="OpenTECHub.Tests.RecipeAssayRestorationTests" name="Wrong_or_missing_confirmation_never_counts_as_return" />
    </UnitTest>
    <UnitTest name="OpenTECHub.Tests.RecipeAssayRestorationTests.Common_runner_is_sealed_and_restores_snapshot_after_exit_at_each_protocol_stage(protocol: Biotic, stage: 4, exit: &quot;review&quot;)" storage="d:\onedrive\posdoc_fapesp\_automacao_e_controle\projetotecnal\windows_app\tests\opentechub.tests\bin\debug\net10.0-windows10.0.19041.0\opentechub.tests.dll" id="3731eca4-3f66-4704-7919-c36e504bed8e">
      <Execution id="cfe95b4f-a78c-4d4a-b5b7-86591b929e49" />
      <TestMethod codeBase="D:\OneDrive\PosDoc_Fapesp\_Automacao_e_Controle\ProjetoTECNAL\Windows_app\tests\OpenTECHub.Tests\bin\Debug\net10.0-windows10.0.19041.0\OpenTECHub.Tests.dll" adapterTypeName="executor://xunit/VsTestRunner2/netcoreapp" className="OpenTECHub.Tests.RecipeAssayRestorationTests" name="Common_runner_is_sealed_and_restores_snapshot_after_exit_at_each_protocol_stage" />
    </UnitTest>
    <UnitTest name="OpenTECHub.Tests.RecipeAssayRestorationTests.Common_runner_is_sealed_and_restores_snapshot_after_exit_at_each_protocol_stage(protocol: Abiotic, stage: 0, exit: &quot;review&quot;)" storage="d:\onedrive\posdoc_fapesp\_automacao_e_controle\projetotecnal\windows_app\tests\opentechub.tests\bin\debug\net10.0-windows10.0.19041.0\opentechub.tests.dll" id="cea456e8-760f-e3c4-d70f-98816d137e80">
      <Execution id="0a209c4c-f861-4183-8657-155ab413f976" />
      <TestMethod codeBase="D:\OneDrive\PosDoc_Fapesp\_Automacao_e_Controle\ProjetoTECNAL\Windows_app\tests\OpenTECHub.Tests\bin\Debug\net10.0-windows10.0.19041.0\OpenTECHub.Tests.dll" adapterTypeName="executor://xunit/VsTestRunner2/netcoreapp" className="OpenTECHub.Tests.RecipeAssayRestorationTests" name="Common_runner_is_sealed_and_restores_snapshot_after_exit_at_each_protocol_stage" />
    </UnitTest>
    <UnitTest name="OpenTECHub.Tests.RecipeAssayRestorationTests.Common_runner_is_sealed_and_restores_snapshot_after_exit_at_each_protocol_stage(protocol: Abiotic, stage: 3, exit: &quot;review&quot;)" storage="d:\onedrive\posdoc_fapesp\_automacao_e_controle\projetotecnal\windows_app\tests\opentechub.tests\bin\debug\net10.0-windows10.0.19041.0\opentechub.tests.dll" id="cda2bb4c-e9ff-53c8-4283-f48fb9dc7eb3">
      <Execution id="d38f97bc-67f1-43de-a999-de573f879845" />
      <TestMethod codeBase="D:\OneDrive\PosDoc_Fapesp\_Automacao_e_Controle\ProjetoTECNAL\Windows_app\tests\OpenTECHub.Tests\bin\Debug\net10.0-windows10.0.19041.0\OpenTECHub.Tests.dll" adapterTypeName="executor://xunit/VsTestRunner2/netcoreapp" className="OpenTECHub.Tests.RecipeAssayRestorationTests" name="Common_runner_is_sealed_and_restores_snapshot_after_exit_at_each_protocol_stage" />
    </UnitTest>
    <UnitTest name="OpenTECHub.Tests.RecipeAssayRestorationTests.Common_runner_is_sealed_and_restores_snapshot_after_exit_at_each_protocol_stage(protocol: Biotic, stage: 0, exit: &quot;fault&quot;)" storage="d:\onedrive\posdoc_fapesp\_automacao_e_controle\projetotecnal\windows_app\tests\opentechub.tests\bin\debug\net10.0-windows10.0.19041.0\opentechub.tests.dll" id="0152ec11-d328-b1af-f99a-656c1bd457fc">
      <Execution id="ba3e2a64-e29e-4b95-bd80-b6a71af94f82" />
      <TestMethod codeBase="D:\OneDrive\PosDoc_Fapesp\_Automacao_e_Controle\ProjetoTECNAL\Windows_app\tests\OpenTECHub.Tests\bin\Debug\net10.0-windows10.0.19041.0\OpenTECHub.Tests.dll" adapterTypeName="executor://xunit/VsTestRunner2/netcoreapp" className="OpenTECHub.Tests.RecipeAssayRestorationTests" name="Common_runner_is_sealed_and_restores_snapshot_after_exit_at_each_protocol_stage" />
    </UnitTest>
    <UnitTest name="OpenTECHub.Tests.RecipeAssayRestorationTests.Common_runner_is_sealed_and_restores_snapshot_after_exit_at_each_protocol_stage(protocol: Abiotic, stage: 3, exit: &quot;fault&quot;)" storage="d:\onedrive\posdoc_fapesp\_automacao_e_controle\projetotecnal\windows_app\tests\opentechub.tests\bin\debug\net10.0-windows10.0.19041.0\opentechub.tests.dll" id="b2cd904a-9530-5e8b-b252-e1cc797c7af0">
      <Execution id="be2edab2-208e-4a85-8c79-c9f485a3a8de" />
      <TestMethod codeBase="D:\OneDrive\PosDoc_Fapesp\_Automacao_e_Controle\ProjetoTECNAL\Windows_app\tests\OpenTECHub.Tests\bin\Debug\net10.0-windows10.0.19041.0\OpenTECHub.Tests.dll" adapterTypeName="executor://xunit/VsTestRunner2/netcoreapp" className="OpenTECHub.Tests.RecipeAssayRestorationTests" name="Common_runner_is_sealed_and_restores_snapshot_after_exit_at_each_protocol_stage" />
    </UnitTest>
    <UnitTest name="OpenTECHub.Tests.RecipeResourceCoordinatorTests.Emergency_prevents_late_return_from_resuming_the_controller" storage="d:\onedrive\posdoc_fapesp\_automacao_e_controle\projetotecnal\windows_app\tests\opentechub.tests\bin\debug\net10.0-windows10.0.19041.0\opentechub.tests.dll" id="6cc5ea25-ba99-9842-d275-20c7f16697ca">
      <Execution id="a4c6d693-dc69-47ee-8941-0bf1f2e5b6cc" />
      <TestMethod codeBase="D:\OneDrive\PosDoc_Fapesp\_Automacao_e_Controle\ProjetoTECNAL\Windows_app\tests\OpenTECHub.Tests\bin\Debug\net10.0-windows10.0.19041.0\OpenTECHub.Tests.dll" adapterTypeName="executor://xunit/VsTestRunner2/netcoreapp" className="OpenTECHub.Tests.RecipeResourceCoordinatorTests" name="Emergency_prevents_late_return_from_resuming_the_controller" />
    </UnitTest>
    <UnitTest name="OpenTECHub.Tests.KlaAttemptPersistenceTests.ReceiptsAreIdempotentAndSurviveReopeningWithoutAnotherAttempt" storage="d:\onedrive\posdoc_fapesp\_automacao_e_controle\projetotecnal\windows_app\tests\opentechub.tests\bin\debug\net10.0-windows10.0.19041.0\opentechub.tests.dll" id="ec19a25b-f1b6-2622-8ccc-add9a680bca2">
      <Execution id="0c206474-520d-4210-871f-64b26a46b13e" />
      <TestMethod codeBase="D:\OneDrive\PosDoc_Fapesp\_Automacao_e_Controle\ProjetoTECNAL\Windows_app\tests\OpenTECHub.Tests\bin\Debug\net10.0-windows10.0.19041.0\OpenTECHub.Tests.dll" adapterTypeName="executor://xunit/VsTestRunner2/netcoreapp" className="OpenTECHub.Tests.KlaAttemptPersistenceTests" name="ReceiptsAreIdempotentAndSurviveReopeningWithoutAnotherAttempt" />
    </UnitTest>
    <UnitTest name="OpenTECHub.Tests.RecipeAssayRestorationTests.Common_runner_is_sealed_and_restores_snapshot_after_exit_at_each_protocol_stage(protocol: Biotic, stage: 3, exit: &quot;fault&quot;)" storage="d:\onedrive\posdoc_fapesp\_automacao_e_controle\projetotecnal\windows_app\tests\opentechub.tests\bin\debug\net10.0-windows10.0.19041.0\opentechub.tests.dll" id="875f5408-39ea-d067-7079-d9b7e04dfee9">
      <Execution id="d35f5f73-11dd-457d-91a4-db3915e7025d" />
      <TestMethod codeBase="D:\OneDrive\PosDoc_Fapesp\_Automacao_e_Controle\ProjetoTECNAL\Windows_app\tests\OpenTECHub.Tests\bin\Debug\net10.0-windows10.0.19041.0\OpenTECHub.Tests.dll" adapterTypeName="executor://xunit/VsTestRunner2/netcoreapp" className="OpenTECHub.Tests.RecipeAssayRestorationTests" name="Common_runner_is_sealed_and_restores_snapshot_after_exit_at_each_protocol_stage" />
    </UnitTest>
    <UnitTest name="OpenTECHub.Tests.RecipeAssayRestorationTests.Wrong_or_missing_confirmation_never_counts_as_return(fault: &quot;rpm&quot;)" storage="d:\onedrive\posdoc_fapesp\_automacao_e_controle\projetotecnal\windows_app\tests\opentechub.tests\bin\debug\net10.0-windows10.0.19041.0\opentechub.tests.dll" id="5af33e02-2606-f27d-29eb-de006f38d5f5">
      <Execution id="f7954701-8f77-4f4a-96f8-a13990297754" />
      <TestMethod codeBase="D:\OneDrive\PosDoc_Fapesp\_Automacao_e_Controle\ProjetoTECNAL\Windows_app\tests\OpenTECHub.Tests\bin\Debug\net10.0-windows10.0.19041.0\OpenTECHub.Tests.dll" adapterTypeName="executor://xunit/VsTestRunner2/netcoreapp" className="OpenTECHub.Tests.RecipeAssayRestorationTests" name="Wrong_or_missing_confirmation_never_counts_as_return" />
    </UnitTest>
    <UnitTest name="OpenTECHub.Tests.RecipeAssayRestorationTests.Snapshot_roundtrip_preserves_authority_but_changed_configuration_is_refused_before_sending" storage="d:\onedrive\posdoc_fapesp\_automacao_e_controle\projetotecnal\windows_app\tests\opentechub.tests\bin\debug\net10.0-windows10.0.19041.0\opentechub.tests.dll" id="300ac4cf-5d8d-5ab3-89a6-0ef7313c56eb">
      <Execution id="cb59fc32-8b83-4955-9f27-c3ffd3f25a95" />
      <TestMethod codeBase="D:\OneDrive\PosDoc_Fapesp\_Automacao_e_Controle\ProjetoTECNAL\Windows_app\tests\OpenTECHub.Tests\bin\Debug\net10.0-windows10.0.19041.0\OpenTECHub.Tests.dll" adapterTypeName="executor://xunit/VsTestRunner2/netcoreapp" className="OpenTECHub.Tests.RecipeAssayRestorationTests" name="Snapshot_roundtrip_preserves_authority_but_changed_configuration_is_refused_before_sending" />
    </UnitTest>
    <UnitTest name="OpenTECHub.Tests.RecipeAssayRestorationTests.Common_runner_is_sealed_and_restores_snapshot_after_exit_at_each_protocol_stage(protocol: Biotic, stage: 2, exit: &quot;fault&quot;)" storage="d:\onedrive\posdoc_fapesp\_automacao_e_controle\projetotecnal\windows_app\tests\opentechub.tests\bin\debug\net10.0-windows10.0.19041.0\opentechub.tests.dll" id="1ebfdff1-f41f-c9c6-b7c7-22b2c10763d9">
      <Execution id="abc30b27-c76a-425a-8ee2-8ba4c5c4c8d7" />
      <TestMethod codeBase="D:\OneDrive\PosDoc_Fapesp\_Automacao_e_Controle\ProjetoTECNAL\Windows_app\tests\OpenTECHub.Tests\bin\Debug\net10.0-windows10.0.19041.0\OpenTECHub.Tests.dll" adapterTypeName="executor://xunit/VsTestRunner2/netcoreapp" className="OpenTECHub.Tests.RecipeAssayRestorationTests" name="Common_runner_is_sealed_and_restores_snapshot_after_exit_at_each_protocol_stage" />
    </UnitTest>
    <UnitTest name="OpenTECHub.Tests.RecipeAssayRestorationTests.Common_runner_is_sealed_and_restores_snapshot_after_exit_at_each_protocol_stage(protocol: Biotic, stage: 2, exit: &quot;review&quot;)" storage="d:\onedrive\posdoc_fapesp\_automacao_e_controle\projetotecnal\windows_app\tests\opentechub.tests\bin\debug\net10.0-windows10.0.19041.0\opentechub.tests.dll" id="44e447b4-bd25-8fb0-9c92-8a5fe50b9078">
      <Execution id="5acc070d-2a72-4883-959b-f44c998ed81d" />
      <TestMethod codeBase="D:\OneDrive\PosDoc_Fapesp\_Automacao_e_Controle\ProjetoTECNAL\Windows_app\tests\OpenTECHub.Tests\bin\Debug\net10.0-windows10.0.19041.0\OpenTECHub.Tests.dll" adapterTypeName="executor://xunit/VsTestRunner2/netcoreapp" className="OpenTECHub.Tests.RecipeAssayRestorationTests" name="Common_runner_is_sealed_and_restores_snapshot_after_exit_at_each_protocol_stage" />
    </UnitTest>
    <UnitTest name="OpenTECHub.Tests.RecipeAssayRestorationTests.Common_runner_is_sealed_and_restores_snapshot_after_exit_at_each_protocol_stage(protocol: Biotic, stage: 1, exit: &quot;fault&quot;)" storage="d:\onedrive\posdoc_fapesp\_automacao_e_controle\projetotecnal\windows_app\tests\opentechub.tests\bin\debug\net10.0-windows10.0.19041.0\opentechub.tests.dll" id="59c1dbb5-10be-088c-2294-d7c9f4a55732">
      <Execution id="79fddb7d-16b8-4307-9b40-de8175ba0f2c" />
      <TestMethod codeBase="D:\OneDrive\PosDoc_Fapesp\_Automacao_e_Controle\ProjetoTECNAL\Windows_app\tests\OpenTECHub.Tests\bin\Debug\net10.0-windows10.0.19041.0\OpenTECHub.Tests.dll" adapterTypeName="executor://xunit/VsTestRunner2/netcoreapp" className="OpenTECHub.Tests.RecipeAssayRestorationTests" name="Common_runner_is_sealed_and_restores_snapshot_after_exit_at_each_protocol_stage" />
    </UnitTest>
    <UnitTest name="OpenTECHub.Tests.RecipeAssayRestorationTests.Common_runner_is_sealed_and_restores_snapshot_after_exit_at_each_protocol_stage(protocol: Biotic, stage: 3, exit: &quot;review&quot;)" storage="d:\onedrive\posdoc_fapesp\_automacao_e_controle\projetotecnal\windows_app\tests\opentechub.tests\bin\debug\net10.0-windows10.0.19041.0\opentechub.tests.dll" id="fb8d3c64-f4cb-c63b-be8e-7fb7d7c98cc3">
      <Execution id="b23fef82-2d56-4ab8-a2b0-6280090ea89d" />
      <TestMethod codeBase="D:\OneDrive\PosDoc_Fapesp\_Automacao_e_Controle\ProjetoTECNAL\Windows_app\tests\OpenTECHub.Tests\bin\Debug\net10.0-windows10.0.19041.0\OpenTECHub.Tests.dll" adapterTypeName="executor://xunit/VsTestRunner2/netcoreapp" className="OpenTECHub.Tests.RecipeAssayRestorationTests" name="Common_runner_is_sealed_and_restores_snapshot_after_exit_at_each_protocol_stage" />
    </UnitTest>
    <UnitTest name="OpenTECHub.Tests.RecipeAssayRestorationTests.Common_runner_is_sealed_and_restores_snapshot_after_exit_at_each_protocol_stage(protocol: Abiotic, stage: 5, exit: &quot;cancel&quot;)" storage="d:\onedrive\posdoc_fapesp\_automacao_e_controle\projetotecnal\windows_app\tests\opentechub.tests\bin\debug\net10.0-windows10.0.19041.0\opentechub.tests.dll" id="f8a3c73f-0a2e-6e13-f1d7-0ada278974bc">
      <Execution id="10b59a11-e02e-44ab-aa44-4ae0b586dd4e" />
      <TestMethod codeBase="D:\OneDrive\PosDoc_Fapesp\_Automacao_e_Controle\ProjetoTECNAL\Windows_app\tests\OpenTECHub.Tests\bin\Debug\net10.0-windows10.0.19041.0\OpenTECHub.Tests.dll" adapterTypeName="executor://xunit/VsTestRunner2/netcoreapp" className="OpenTECHub.Tests.RecipeAssayRestorationTests" name="Common_runner_is_sealed_and_restores_snapshot_after_exit_at_each_protocol_stage" />
    </UnitTest>
    <UnitTest name="OpenTECHub.Tests.RecipeAssayRestorationTests.Common_runner_is_sealed_and_restores_snapshot_after_exit_at_each_protocol_stage(protocol: Biotic, stage: 4, exit: &quot;cancel&quot;)" storage="d:\onedrive\posdoc_fapesp\_automacao_e_controle\projetotecnal\windows_app\tests\opentechub.tests\bin\debug\net10.0-windows10.0.19041.0\opentechub.tests.dll" id="482554be-4566-b5c0-eb02-cc1e08bc0d9d">
      <Execution id="2863ec03-1cc3-4f58-b325-6405cde60d7a" />
      <TestMethod codeBase="D:\OneDrive\PosDoc_Fapesp\_Automacao_e_Controle\ProjetoTECNAL\Windows_app\tests\OpenTECHub.Tests\bin\Debug\net10.0-windows10.0.19041.0\OpenTECHub.Tests.dll" adapterTypeName="executor://xunit/VsTestRunner2/netcoreapp" className="OpenTECHub.Tests.RecipeAssayRestorationTests" name="Common_runner_is_sealed_and_restores_snapshot_after_exit_at_each_protocol_stage" />
    </UnitTest>
  </TestDefinitions>
  <TestEntries>
    <TestEntry testId="e437f4af-191a-17ef-d0d0-a1581575007a" executionId="1a48b697-dba1-4c78-a3da-6c16fc7e81c0" testListId="8c84fa94-04c1-424b-9868-57a2d4851a1d" />
    <TestEntry testId="7b0ba6ce-bba7-7935-e01c-ab42e02b2159" executionId="554a2cf5-25c8-475a-a9d5-317e0fd7cd76" testListId="8c84fa94-04c1-424b-9868-57a2d4851a1d" />
    <TestEntry testId="c24d5456-b791-4bd0-c4e7-e54b3c59d31e" executionId="90fc3b73-1e4a-43f2-ad64-0f653e363212" testListId="8c84fa94-04c1-424b-9868-57a2d4851a1d" />
    <TestEntry testId="8160959f-ec0d-17e5-6658-5db6da3c5335" executionId="822b92fa-ae7a-4da5-87c7-75da64f4a72e" testListId="8c84fa94-04c1-424b-9868-57a2d4851a1d" />
    <TestEntry testId="cda2bb4c-e9ff-53c8-4283-f48fb9dc7eb3" executionId="d38f97bc-67f1-43de-a999-de573f879845" testListId="8c84fa94-04c1-424b-9868-57a2d4851a1d" />
    <TestEntry testId="76c0d39b-0a28-8807-4bc7-693d8cdbaa0d" executionId="2d145fec-4650-4c13-b17a-0c9c58b23607" testListId="8c84fa94-04c1-424b-9868-57a2d4851a1d" />
    <TestEntry testId="59c1d245-da49-b801-596a-b60a1f632a2c" executionId="9c970c6c-346b-4dc7-a792-b1eac72ee147" testListId="8c84fa94-04c1-424b-9868-57a2d4851a1d" />
    <TestEntry testId="123aa33e-5fd6-b6dc-4d19-781b1ad12c95" executionId="2185f90c-caf3-4202-8cca-5211e14df28c" testListId="8c84fa94-04c1-424b-9868-57a2d4851a1d" />
    <TestEntry testId="9bf91a04-51cc-2e66-54c2-60a6713057d7" executionId="b9331c91-aebf-4876-a397-9aedb656b1f6" testListId="8c84fa94-04c1-424b-9868-57a2d4851a1d" />
    <TestEntry testId="1ebfdff1-f41f-c9c6-b7c7-22b2c10763d9" executionId="abc30b27-c76a-425a-8ee2-8ba4c5c4c8d7" testListId="8c84fa94-04c1-424b-9868-57a2d4851a1d" />
    <TestEntry testId="875f5408-39ea-d067-7079-d9b7e04dfee9" executionId="d35f5f73-11dd-457d-91a4-db3915e7025d" testListId="8c84fa94-04c1-424b-9868-57a2d4851a1d" />
    <TestEntry testId="300ac4cf-5d8d-5ab3-89a6-0ef7313c56eb" executionId="cb59fc32-8b83-4955-9f27-c3ffd3f25a95" testListId="8c84fa94-04c1-424b-9868-57a2d4851a1d" />
    <TestEntry testId="65a024c5-9a97-81bd-3e0e-2e98228fe9fc" executionId="c58b8950-2836-495f-a154-daf4b080f5cd" testListId="8c84fa94-04c1-424b-9868-57a2d4851a1d" />
    <TestEntry testId="f54c2da5-443e-c8cf-7a32-a7b258427813" executionId="8867a0fb-122d-47c7-9a25-45ef2f8d9c94" testListId="8c84fa94-04c1-424b-9868-57a2d4851a1d" />
    <TestEntry testId="f8a3c73f-0a2e-6e13-f1d7-0ada278974bc" executionId="10b59a11-e02e-44ab-aa44-4ae0b586dd4e" testListId="8c84fa94-04c1-424b-9868-57a2d4851a1d" />
    <TestEntry testId="122dccaa-e37b-b13f-f90b-41eec7fd9af8" executionId="93503c71-2e78-42f2-9e36-ff55ef78e510" testListId="8c84fa94-04c1-424b-9868-57a2d4851a1d" />
    <TestEntry testId="37416c7b-32ea-3ec9-433d-271b8444b942" executionId="1d2ccf31-71fa-4ee3-9097-65a490599ead" testListId="8c84fa94-04c1-424b-9868-57a2d4851a1d" />
    <TestEntry testId="0b49c60c-e059-5e7b-da55-34f007b1b070" executionId="e380d624-a5a4-434b-9126-6abe96d7a040" testListId="8c84fa94-04c1-424b-9868-57a2d4851a1d" />
    <TestEntry testId="c072cbf6-b64c-66f3-fad3-9c5e59529080" executionId="930924eb-081a-431d-8363-f3952bb4e2c3" testListId="8c84fa94-04c1-424b-9868-57a2d4851a1d" />
    <TestEntry testId="44e447b4-bd25-8fb0-9c92-8a5fe50b9078" executionId="5acc070d-2a72-4883-959b-f44c998ed81d" testListId="8c84fa94-04c1-424b-9868-57a2d4851a1d" />
    <TestEntry testId="7de7dbd0-a9cc-2494-9235-7d91b0b0e34f" executionId="d8d70329-544e-44d3-a30e-8094691106ba" testListId="8c84fa94-04c1-424b-9868-57a2d4851a1d" />
    <TestEntry testId="16eb7e26-1c0a-df78-c6b3-365768872805" executionId="408d8152-1808-4a33-b48f-24651dc0319c" testListId="8c84fa94-04c1-424b-9868-57a2d4851a1d" />
    <TestEntry testId="0152ec11-d328-b1af-f99a-656c1bd457fc" executionId="ba3e2a64-e29e-4b95-bd80-b6a71af94f82" testListId="8c84fa94-04c1-424b-9868-57a2d4851a1d" />
    <TestEntry testId="fb8d3c64-f4cb-c63b-be8e-7fb7d7c98cc3" executionId="b23fef82-2d56-4ab8-a2b0-6280090ea89d" testListId="8c84fa94-04c1-424b-9868-57a2d4851a1d" />
    <TestEntry testId="aa50db37-13b4-c24e-ce03-46dba1fb8521" executionId="615d81ff-fa8b-4153-a0a7-028277bce411" testListId="8c84fa94-04c1-424b-9868-57a2d4851a1d" />
    <TestEntry testId="28bf65f9-82c3-3bba-0866-ac098c7aeed9" executionId="bac1c27b-06e4-4b91-9d38-6b1479b2638f" testListId="8c84fa94-04c1-424b-9868-57a2d4851a1d" />
    <TestEntry testId="7eb0b398-9137-cac0-60db-02be14805f1c" executionId="760fdd18-02de-4a82-9818-70e0f09a32e2" testListId="8c84fa94-04c1-424b-9868-57a2d4851a1d" />
    <TestEntry testId="d11c0210-0cdc-d944-c08c-37ca464e9a20" executionId="1094f665-9663-44a3-8dca-6dea0174a799" testListId="8c84fa94-04c1-424b-9868-57a2d4851a1d" />
    <TestEntry testId="f3957c03-88d2-ee50-1534-51edd3383f23" executionId="bfde403b-7fbe-45d0-82ae-03068fbace53" testListId="8c84fa94-04c1-424b-9868-57a2d4851a1d" />
    <TestEntry testId="7aa861e7-7d97-7914-2738-fc8e8ba5ecae" executionId="84a13b1a-b96c-446e-993b-5bf6fc1b39c4" testListId="8c84fa94-04c1-424b-9868-57a2d4851a1d" />
    <TestEntry testId="f954b161-aafe-e6a0-51c1-52707e9e10e8" executionId="8644fec5-f0a2-4efa-ab8d-6cd2b1b554d9" testListId="8c84fa94-04c1-424b-9868-57a2d4851a1d" />
    <TestEntry testId="b2cd904a-9530-5e8b-b252-e1cc797c7af0" executionId="be2edab2-208e-4a85-8c79-c9f485a3a8de" testListId="8c84fa94-04c1-424b-9868-57a2d4851a1d" />
    <TestEntry testId="cea456e8-760f-e3c4-d70f-98816d137e80" executionId="0a209c4c-f861-4183-8657-155ab413f976" testListId="8c84fa94-04c1-424b-9868-57a2d4851a1d" />
    <TestEntry testId="5af33e02-2606-f27d-29eb-de006f38d5f5" executionId="f7954701-8f77-4f4a-96f8-a13990297754" testListId="8c84fa94-04c1-424b-9868-57a2d4851a1d" />
    <TestEntry testId="399c991f-0e5e-fec2-53a4-b2e771feff70" executionId="47ea4f2e-c699-48d4-92bf-2d7a0ce504f6" testListId="8c84fa94-04c1-424b-9868-57a2d4851a1d" />
    <TestEntry testId="3731eca4-3f66-4704-7919-c36e504bed8e" executionId="cfe95b4f-a78c-4d4a-b5b7-86591b929e49" testListId="8c84fa94-04c1-424b-9868-57a2d4851a1d" />
    <TestEntry testId="3c9d9f4d-510d-0fb8-b80c-baee22c4a978" executionId="14350195-70c6-4e06-9c81-31c6ef1c37ab" testListId="8c84fa94-04c1-424b-9868-57a2d4851a1d" />
    <TestEntry testId="dce7dee3-44c0-6371-ca59-780f7996969f" executionId="000451de-5977-4b5f-bdeb-58710b351836" testListId="8c84fa94-04c1-424b-9868-57a2d4851a1d" />
    <TestEntry testId="93b8ae3c-10cf-38bf-0441-fa0bebf36053" executionId="fc1766ad-54fd-4979-9f6a-85c7aac70a9c" testListId="8c84fa94-04c1-424b-9868-57a2d4851a1d" />
    <TestEntry testId="1e92db3a-de96-a8a9-f3eb-81f30569f874" executionId="08382319-e904-46c8-b1fb-92a9545d441e" testListId="8c84fa94-04c1-424b-9868-57a2d4851a1d" />
    <TestEntry testId="f9c1dbca-3366-0ddd-a743-18ba9969f860" executionId="be588a30-b84c-4415-9be2-5887ff4b2844" testListId="8c84fa94-04c1-424b-9868-57a2d4851a1d" />
    <TestEntry testId="efefc942-1c9e-4fcd-5954-890f9b3b1f08" executionId="0fffdb5f-23de-41f3-985f-2cfe0838c2c0" testListId="8c84fa94-04c1-424b-9868-57a2d4851a1d" />
    <TestEntry testId="b68f1ef3-d647-48f8-7d6d-e8cf7e4207c6" executionId="0e94ffa4-10e0-44af-b6e2-9894c6b88847" testListId="8c84fa94-04c1-424b-9868-57a2d4851a1d" />
    <TestEntry testId="ec19a25b-f1b6-2622-8ccc-add9a680bca2" executionId="0c206474-520d-4210-871f-64b26a46b13e" testListId="8c84fa94-04c1-424b-9868-57a2d4851a1d" />
    <TestEntry testId="aeaf890f-a50f-9632-e492-c47adad4c28d" executionId="67a66613-afc0-4190-b3d5-4c0183cf54a9" testListId="8c84fa94-04c1-424b-9868-57a2d4851a1d" />
    <TestEntry testId="b78a780b-49a2-3f76-1d36-f6763ccaf646" executionId="7d98dcbb-9846-4520-a11c-2cb7c2f62145" testListId="8c84fa94-04c1-424b-9868-57a2d4851a1d" />
    <TestEntry testId="0f11f52e-e9d8-2e80-25b0-206ec1a02e65" executionId="38af3e47-4f98-40c9-b186-fcaf87b7b753" testListId="8c84fa94-04c1-424b-9868-57a2d4851a1d" />
    <TestEntry testId="90517f1c-6d4f-995d-1ed5-069ad4cd3bd0" executionId="5df08baf-a5f3-4f38-a2bd-edcc49088784" testListId="8c84fa94-04c1-424b-9868-57a2d4851a1d" />
    <TestEntry testId="49e41280-958f-879d-32eb-67abaa3808b4" executionId="407af997-4ca9-4b03-83ca-2546ff278528" testListId="8c84fa94-04c1-424b-9868-57a2d4851a1d" />
    <TestEntry testId="6cc5ea25-ba99-9842-d275-20c7f16697ca" executionId="a4c6d693-dc69-47ee-8941-0bf1f2e5b6cc" testListId="8c84fa94-04c1-424b-9868-57a2d4851a1d" />
    <TestEntry testId="8f6277ab-8676-7606-eba4-04b2b4c7bf1b" executionId="1435224b-4fda-4c2c-baf7-2542526d8ba7" testListId="8c84fa94-04c1-424b-9868-57a2d4851a1d" />
    <TestEntry testId="3a4012bf-98fc-b092-c47f-a5592a18ae36" executionId="f0f4cf35-94fb-4ada-879b-530878eb245b" testListId="8c84fa94-04c1-424b-9868-57a2d4851a1d" />
    <TestEntry testId="b3c3cdd1-1df8-9fa0-aaa0-221731fb26ff" executionId="03a2fa3f-b67a-4dcd-9c75-8a91c5ddbf5f" testListId="8c84fa94-04c1-424b-9868-57a2d4851a1d" />
    <TestEntry testId="184d7ed2-f6d1-7019-b704-b58a1096aae6" executionId="51e050ea-1a20-45ef-a75f-26ecd39747af" testListId="8c84fa94-04c1-424b-9868-57a2d4851a1d" />
    <TestEntry testId="482554be-4566-b5c0-eb02-cc1e08bc0d9d" executionId="2863ec03-1cc3-4f58-b325-6405cde60d7a" testListId="8c84fa94-04c1-424b-9868-57a2d4851a1d" />
    <TestEntry testId="b5769f1d-bcc2-ee87-65c0-909162eef048" executionId="219df332-c07e-485d-a6a4-51051d5b28d7" testListId="8c84fa94-04c1-424b-9868-57a2d4851a1d" />
    <TestEntry testId="59c1dbb5-10be-088c-2294-d7c9f4a55732" executionId="79fddb7d-16b8-4307-9b40-de8175ba0f2c" testListId="8c84fa94-04c1-424b-9868-57a2d4851a1d" />
  </TestEntries>
  <TestLists>
    <TestList name="Resultados que não estão em uma lista" id="8c84fa94-04c1-424b-9868-57a2d4851a1d" />
    <TestList name="Todos os resultados carregados" id="19431567-8539-422a-85d7-44ee4e166bda" />
  </TestLists>
  <ResultSummary outcome="Completed">
    <Counters total="57" executed="57" passed="57" failed="0" error="0" timeout="0" aborted="0" inconclusive="0" passedButRunAborted="0" notRunnable="0" notExecuted="0" disconnected="0" warning="0" completed="0" inProgress="0" pending="0" />
    <Output>
      <StdOut>[xUnit.net 00:00:00.00] xUnit.net VSTest Adapter v2.8.2+699d445a1a (64-bit .NET 10.0.12)&#xD;
[xUnit.net 00:00:00.26]   Discovering: OpenTECHub.Tests&#xD;
[xUnit.net 00:00:00.48]   Discovered:  OpenTECHub.Tests&#xD;
[xUnit.net 00:00:00.49]   Starting:    OpenTECHub.Tests&#xD;
[xUnit.net 00:00:03.29]   Finished:    OpenTECHub.Tests&#xD;
</StdOut>
    </Output>
  </ResultSummary>
</TestRun>