<?xml version="1.0" encoding="utf-8"?>
<TestRun id="5d3cc288-4f7d-4786-b498-5d823822d5d7" name="vitor@DESKTOP-J4OP7IO 2026-10-07 11:38:55" runUser="DESKTOP-J4OP7IO\vitor" xmlns="http://microsoft.com/schemas/VisualStudio/TeamTest/2010">
  <Times creation="2026-10-07T11:38:55.1328446-03:00" queuing="2026-10-07T11:38:55.1328452-03:00" start="2026-10-07T11:38:54.2075743-03:00" finish="2026-10-07T11:38:59.2753060-03:00" />
  <TestSettings name="default" id="b8eb4e18-308f-4e49-9af4-d1dea9052f0d">
    <Deployment runDeploymentRoot="vitor_DESKTOP-J4OP7IO_2026-10-07_11_38_55" />
  </TestSettings>
  <Results>
    <UnitTestResult executionId="13072ec3-91c7-493d-981b-782719dfa3b1" testId="b2069cad-025a-de4b-339a-346bb5f06353" testName="OpenTECHub.Tests.KlaAssayApiTests.Cultivation_limits_cannot_be_loosened_and_survive_reopening" computerName="DESKTOP-J4OP7IO" duration="00:00:00.0349085" startTime="2026-10-07T11:38:55.2133741-03:00" endTime="2026-10-07T11:38:55.2133746-03:00" testType="13cdc9d9-ddb5-4fa4-a97d-d965ccfc6d4b" outcome="Passed" testListId="8c84fa94-04c1-424b-9868-57a2d4851a1d" relativeResultsDirectory="13072ec3-91c7-493d-981b-782719dfa3b1" />
    <UnitTestResult executionId="1fb65240-b19b-4eb9-b78a-e472b805cefe" testId="7ffb5aef-a8bd-830e-2d6a-08ca6288205a" testName="OpenTECHub.Tests.KlaRecipeSequenceTests.Matrix_finishes_all_replicates_without_operator_reviews(protocol: Abiotic, mode: Multiple)" computerName="DESKTOP-J4OP7IO" duration="00:00:00.1636504" startTime="2026-10-07T11:38:55.0678925-03:00" endTime="2026-10-07T11:38:55.0678928-03:00" testType="13cdc9d9-ddb5-4fa4-a97d-d965ccfc6d4b" outcome="Passed" testListId="8c84fa94-04c1-424b-9868-57a2d4851a1d" relativeResultsDirectory="1fb65240-b19b-4eb9-b78a-e472b805cefe" />
    <UnitTestResult executionId="d59d0692-5276-43aa-aeb9-8ac6f4f4d7e7" testId="f0e80b93-b862-ec8f-8a72-46ce3d4a2f71" testName="OpenTECHub.Tests.KlaRecipeAssayExecutionTests.FactoryRejectsPhysicalEnvironmentOrPhysicalCapability(isolatedEnvironment: False, isolatedCapability: True)" computerName="DESKTOP-J4OP7IO" duration="00:00:00.0019321" startTime="2026-10-07T11:38:59.2062318-03:00" endTime="2026-10-07T11:38:59.2062319-03:00" testType="13cdc9d9-ddb5-4fa4-a97d-d965ccfc6d4b" outcome="Passed" testListId="8c84fa94-04c1-424b-9868-57a2d4851a1d" relativeResultsDirectory="d59d0692-5276-43aa-aeb9-8ac6f4f4d7e7" />
    <UnitTestResult executionId="35a333c9-d3b7-4fa8-8294-812e13dc724d" testId="75015e61-aca8-4b85-2320-0a92d3ff0bf7" testName="OpenTECHub.Tests.KlaRecipeAssayExecutionTests.ApiPulseUsesCommonRecoveryAnalysisAndPersistence(protocol: Abiotic, deadline: False, failPersistence: False, completeNormally: True)" computerName="DESKTOP-J4OP7IO" duration="00:00:00.8012627" startTime="2026-10-07T11:38:57.0242549-03:00" endTime="2026-10-07T11:38:57.0242552-03:00" testType="13cdc9d9-ddb5-4fa4-a97d-d965ccfc6d4b" outcome="Passed" testListId="8c84fa94-04c1-424b-9868-57a2d4851a1d" relativeResultsDirectory="35a333c9-d3b7-4fa8-8294-812e13dc724d" />
    <UnitTestResult executionId="8cf50448-3155-4a67-b441-8154399946f4" testId="c193e55a-7db7-aaf6-9829-a190a0e459e5" testName="OpenTECHub.Tests.KlaRecipeSequenceTests.Matrix_finishes_all_replicates_without_operator_reviews(protocol: Abiotic, mode: Single)" computerName="DESKTOP-J4OP7IO" duration="00:00:00.0009203" startTime="2026-10-07T11:38:55.0703364-03:00" endTime="2026-10-07T11:38:55.0703365-03:00" testType="13cdc9d9-ddb5-4fa4-a97d-d965ccfc6d4b" outcome="Passed" testListId="8c84fa94-04c1-424b-9868-57a2d4851a1d" relativeResultsDirectory="8cf50448-3155-4a67-b441-8154399946f4" />
    <UnitTestResult executionId="94979c9c-83c7-4399-b534-645700d33916" testId="40549ed7-3a37-9d4e-0bc3-dd40ad41b8d8" testName="OpenTECHub.Tests.KlaAssayApiTests.Cancellation_waits_for_recovery_and_blocks_a_second_pulse" computerName="DESKTOP-J4OP7IO" duration="00:00:00.0132258" startTime="2026-10-07T11:38:55.3266899-03:00" endTime="2026-10-07T11:38:55.3266902-03:00" testType="13cdc9d9-ddb5-4fa4-a97d-d965ccfc6d4b" outcome="Passed" testListId="8c84fa94-04c1-424b-9868-57a2d4851a1d" relativeResultsDirectory="94979c9c-83c7-4399-b534-645700d33916" />
    <UnitTestResult executionId="0f74e85d-c08a-45ce-840e-227c3423ec63" testId="2e62f787-04b6-9b52-2639-5ccc94671780" testName="OpenTECHub.Tests.KlaRecipeAssayExecutionTests.ApiPulseUsesCommonRecoveryAnalysisAndPersistence(protocol: Abiotic, deadline: False, failPersistence: False, completeNormally: False)" computerName="DESKTOP-J4OP7IO" duration="00:00:00.6002276" startTime="2026-10-07T11:38:55.5045996-03:00" endTime="2026-10-07T11:38:55.5045999-03:00" testType="13cdc9d9-ddb5-4fa4-a97d-d965ccfc6d4b" outcome="Passed" testListId="8c84fa94-04c1-424b-9868-57a2d4851a1d" relativeResultsDirectory="0f74e85d-c08a-45ce-840e-227c3423ec63" />
    <UnitTestResult executionId="c3045014-7f88-4995-b6d6-07d9ae31e33c" testId="a67edab8-34d2-e41d-f7bb-eec972072895" testName="OpenTECHub.Tests.KlaAssayApiTests.Journal_has_exclusive_owner_and_corruption_fails_closed" computerName="DESKTOP-J4OP7IO" duration="00:00:00.0052276" startTime="2026-10-07T11:38:55.0607172-03:00" endTime="2026-10-07T11:38:55.0607175-03:00" testType="13cdc9d9-ddb5-4fa4-a97d-d965ccfc6d4b" outcome="Passed" testListId="8c84fa94-04c1-424b-9868-57a2d4851a1d" relativeResultsDirectory="c3045014-7f88-4995-b6d6-07d9ae31e33c" />
    <UnitTestResult executionId="593ce007-1358-492a-8193-18dbca46b256" testId="04e687f3-6c38-d79b-50b5-27b816de237c" testName="OpenTECHub.Tests.KlaAssayApiTests.Biotic_unconfirmed_recovery_overrides_valid_science_and_blocks_dispatch(restoration: NotRequired)" computerName="DESKTOP-J4OP7IO" duration="00:00:00.0204812" startTime="2026-10-07T11:38:55.1301582-03:00" endTime="2026-10-07T11:38:55.1301585-03:00" testType="13cdc9d9-ddb5-4fa4-a97d-d965ccfc6d4b" outcome="Passed" testListId="8c84fa94-04c1-424b-9868-57a2d4851a1d" relativeResultsDirectory="593ce007-1358-492a-8193-18dbca46b256" />
    <UnitTestResult executionId="77048ba7-382e-40e8-9190-6420524229e8" testId="9081d10f-dbbd-738a-5040-2f9f673a14c2" testName="OpenTECHub.Tests.KlaRecipeSelectionPersistenceTests.Failed_selection_write_cannot_authorize_next_replica(synchronous: True)" computerName="DESKTOP-J4OP7IO" duration="00:00:00.5158530" startTime="2026-10-07T11:38:55.4196516-03:00" endTime="2026-10-07T11:38:55.4196519-03:00" testType="13cdc9d9-ddb5-4fa4-a97d-d965ccfc6d4b" outcome="Passed" testListId="8c84fa94-04c1-424b-9868-57a2d4851a1d" relativeResultsDirectory="77048ba7-382e-40e8-9190-6420524229e8" />
    <UnitTestResult executionId="74b70687-5f9a-4187-9343-731429a5af01" testId="d6f23cf1-6f21-8f38-675e-cebc48dcefd0" testName="OpenTECHub.Tests.KlaRecipeSequenceTests.Matrix_finishes_all_replicates_without_operator_reviews(protocol: Biotic, mode: Multiple)" computerName="DESKTOP-J4OP7IO" duration="00:00:00.0030504" startTime="2026-10-07T11:38:55.1114296-03:00" endTime="2026-10-07T11:38:55.1114297-03:00" testType="13cdc9d9-ddb5-4fa4-a97d-d965ccfc6d4b" outcome="Passed" testListId="8c84fa94-04c1-424b-9868-57a2d4851a1d" relativeResultsDirectory="74b70687-5f9a-4187-9343-731429a5af01" />
    <UnitTestResult executionId="1498016a-cb49-4611-9a96-20a26dc7277c" testId="957e2106-8ea9-d1fe-ea9a-e8462767528a" testName="OpenTECHub.Tests.KlaRecipeSequenceTests.Snapshot_can_be_recaptured_between_pulses_but_identity_and_policy_cannot_change" computerName="DESKTOP-J4OP7IO" duration="00:00:00.0029458" startTime="2026-10-07T11:38:55.1117350-03:00" endTime="2026-10-07T11:38:55.1117351-03:00" testType="13cdc9d9-ddb5-4fa4-a97d-d965ccfc6d4b" outcome="Passed" testListId="8c84fa94-04c1-424b-9868-57a2d4851a1d" relativeResultsDirectory="1498016a-cb49-4611-9a96-20a26dc7277c" />
    <UnitTestResult executionId="6f927c76-d5e1-4575-8675-4b667cba5046" testId="75b33bf6-f931-d689-9b46-8e6bdc47b82b" testName="OpenTECHub.Tests.KlaAssayApiTests.Budget_reads_do_not_reserve_and_reopen_preserves_the_stricter_limits" computerName="DESKTOP-J4OP7IO" duration="00:00:00.0259906" startTime="2026-10-07T11:38:55.2825939-03:00" endTime="2026-10-07T11:38:55.2825940-03:00" testType="13cdc9d9-ddb5-4fa4-a97d-d965ccfc6d4b" outcome="Passed" testListId="8c84fa94-04c1-424b-9868-57a2d4851a1d" relativeResultsDirectory="6f927c76-d5e1-4575-8675-4b667cba5046" />
    <UnitTestResult executionId="9b78f3fd-f4b1-48ad-b0f9-149f9bd14cc3" testId="00fcecaf-ecfd-6141-2e15-8c10664bcbab" testName="OpenTECHub.Tests.KlaRecipeAssayExecutionTests.ApiPulseUsesCommonRecoveryAnalysisAndPersistence(protocol: Biotic, deadline: False, failPersistence: False, completeNormally: False)" computerName="DESKTOP-J4OP7IO" duration="00:00:00.2655614" startTime="2026-10-07T11:38:56.1292315-03:00" endTime="2026-10-07T11:38:56.1292319-03:00" testType="13cdc9d9-ddb5-4fa4-a97d-d965ccfc6d4b" outcome="Passed" testListId="8c84fa94-04c1-424b-9868-57a2d4851a1d" relativeResultsDirectory="9b78f3fd-f4b1-48ad-b0f9-149f9bd14cc3" />
    <UnitTestResult executionId="79280673-8473-4428-8dfc-49c391b28fb0" testId="a2048caf-d855-8ead-23b2-f4a6da837acf" testName="OpenTECHub.Tests.KlaRecipeAssayExecutionTests.ApiPulseUsesCommonRecoveryAnalysisAndPersistence(protocol: Abiotic, deadline: False, failPersistence: True, completeNormally: False)" computerName="DESKTOP-J4OP7IO" duration="00:00:00.0931824" startTime="2026-10-07T11:38:56.2226579-03:00" endTime="2026-10-07T11:38:56.2226583-03:00" testType="13cdc9d9-ddb5-4fa4-a97d-d965ccfc6d4b" outcome="Passed" testListId="8c84fa94-04c1-424b-9868-57a2d4851a1d" relativeResultsDirectory="79280673-8473-4428-8dfc-49c391b28fb0" />
    <UnitTestResult executionId="2d17107b-501c-4371-83a8-545729f40387" testId="595153d9-5681-03c7-2a7a-3a887cd7c96a" testName="OpenTECHub.Tests.KlaRecipeAssayExecutionTests.FactoryRejectsPhysicalEnvironmentOrPhysicalCapability(isolatedEnvironment: True, isolatedCapability: False)" computerName="DESKTOP-J4OP7IO" duration="00:00:00.0010770" startTime="2026-10-07T11:38:59.2073690-03:00" endTime="2026-10-07T11:38:59.2073691-03:00" testType="13cdc9d9-ddb5-4fa4-a97d-d965ccfc6d4b" outcome="Passed" testListId="8c84fa94-04c1-424b-9868-57a2d4851a1d" relativeResultsDirectory="2d17107b-501c-4371-83a8-545729f40387" />
    <UnitTestResult executionId="58c5c35c-7239-44b0-b1f7-8f27da8fdee1" testId="d48ae667-680f-32d8-2e94-930020c8bf83" testName="OpenTECHub.Tests.KlaAssayApiTests.Periodicity_skips_old_occurrences_instead_of_producing_a_burst" computerName="DESKTOP-J4OP7IO" duration="00:00:00.0041382" startTime="2026-10-07T11:38:55.2418548-03:00" endTime="2026-10-07T11:38:55.2418550-03:00" testType="13cdc9d9-ddb5-4fa4-a97d-d965ccfc6d4b" outcome="Passed" testListId="8c84fa94-04c1-424b-9868-57a2d4851a1d" relativeResultsDirectory="58c5c35c-7239-44b0-b1f7-8f27da8fdee1" />
    <UnitTestResult executionId="d9e3516c-4ed4-4078-bcb2-2ae80e9b77aa" testId="5fa4263d-413a-e2bb-8f77-d569f3cd8171" testName="OpenTECHub.Tests.KlaAssayApiTests.Duplicate_id_never_dispatches_twice_and_completed_reconnect_does_not_restart" computerName="DESKTOP-J4OP7IO" duration="00:00:00.0302099" startTime="2026-10-07T11:38:55.3131436-03:00" endTime="2026-10-07T11:38:55.3131437-03:00" testType="13cdc9d9-ddb5-4fa4-a97d-d965ccfc6d4b" outcome="Passed" testListId="8c84fa94-04c1-424b-9868-57a2d4851a1d" relativeResultsDirectory="d9e3516c-4ed4-4078-bcb2-2ae80e9b77aa" />
    <UnitTestResult executionId="92b4fb55-9faf-463d-bff1-4dd92a57bb37" testId="fd8a1f21-f3d3-efa5-4932-e0a78c89438f" testName="OpenTECHub.Tests.KlaAssayApiTests.Closed_api_cannot_cancel_a_record_after_another_instance_takes_the_journal" computerName="DESKTOP-J4OP7IO" duration="00:00:00.1423907" startTime="2026-10-07T11:38:55.0488075-03:00" endTime="2026-10-07T11:38:55.0488358-03:00" testType="13cdc9d9-ddb5-4fa4-a97d-d965ccfc6d4b" outcome="Passed" testListId="8c84fa94-04c1-424b-9868-57a2d4851a1d" relativeResultsDirectory="92b4fb55-9faf-463d-bff1-4dd92a57bb37" />
    <UnitTestResult executionId="f442456f-12f0-4180-8dfa-0a6fc07a2e2c" testId="404b6651-0319-d54a-bd45-45770550df37" testName="OpenTECHub.Tests.KlaRecipeSelectionPersistenceTests.Altered_terminal_result_raw_hash_and_ambiguous_json_are_rejected" computerName="DESKTOP-J4OP7IO" duration="00:00:00.1124092" startTime="2026-10-07T11:38:55.8904242-03:00" endTime="2026-10-07T11:38:55.8904244-03:00" testType="13cdc9d9-ddb5-4fa4-a97d-d965ccfc6d4b" outcome="Passed" testListId="8c84fa94-04c1-424b-9868-57a2d4851a1d" relativeResultsDirectory="f442456f-12f0-4180-8dfa-0a6fc07a2e2c" />
    <UnitTestResult executionId="0a1ba573-4352-4df2-936f-2000e1c26cbd" testId="009a7e05-bdab-65b2-897e-f0365b3f113a" testName="OpenTECHub.Tests.KlaAssayApiTests.Reopening_a_reserved_request_never_actuates_and_blocks_new_pulses" computerName="DESKTOP-J4OP7IO" duration="00:00:00.0190412" startTime="2026-10-07T11:38:55.1781972-03:00" endTime="2026-10-07T11:38:55.1781975-03:00" testType="13cdc9d9-ddb5-4fa4-a97d-d965ccfc6d4b" outcome="Passed" testListId="8c84fa94-04c1-424b-9868-57a2d4851a1d" relativeResultsDirectory="0a1ba573-4352-4df2-936f-2000e1c26cbd" />
    <UnitTestResult executionId="77449be8-9233-4be9-b520-cefbd518db3c" testId="49a92423-3bd6-ce43-469c-74644c536ddf" testName="OpenTECHub.Tests.KlaRecipeAssayExecutionTests.ApiPulseUsesCommonRecoveryAnalysisAndPersistence(protocol: Abiotic, deadline: True, failPersistence: False, completeNormally: False)" computerName="DESKTOP-J4OP7IO" duration="00:00:02.1796683" startTime="2026-10-07T11:38:59.2041940-03:00" endTime="2026-10-07T11:38:59.2041947-03:00" testType="13cdc9d9-ddb5-4fa4-a97d-d965ccfc6d4b" outcome="Passed" testListId="8c84fa94-04c1-424b-9868-57a2d4851a1d" relativeResultsDirectory="77449be8-9233-4be9-b520-cefbd518db3c" />
    <UnitTestResult executionId="45a0ee58-2014-486d-85a6-8663f6b409a3" testId="2f6031c4-3d9e-8729-b289-94d69eebcb64" testName="OpenTECHub.Tests.KlaRecipeSequenceTests.Matrix_finishes_all_replicates_without_operator_reviews(protocol: Biotic, mode: Single)" computerName="DESKTOP-J4OP7IO" duration="00:00:00.0014059" startTime="2026-10-07T11:38:55.0693651-03:00" endTime="2026-10-07T11:38:55.0693652-03:00" testType="13cdc9d9-ddb5-4fa4-a97d-d965ccfc6d4b" outcome="Passed" testListId="8c84fa94-04c1-424b-9868-57a2d4851a1d" relativeResultsDirectory="45a0ee58-2014-486d-85a6-8663f6b409a3" />
    <UnitTestResult executionId="d2178fd1-7bc4-428a-be64-4ce07edcce30" testId="3a586103-2a15-b1a4-5860-1d5b6b57ce57" testName="OpenTECHub.Tests.KlaAssayApiTests.Missed_start_is_skipped_and_unvalidated_execution_is_refused_before_dispatch" computerName="DESKTOP-J4OP7IO" duration="00:00:00.0067679" startTime="2026-10-07T11:38:55.0554128-03:00" endTime="2026-10-07T11:38:55.0554134-03:00" testType="13cdc9d9-ddb5-4fa4-a97d-d965ccfc6d4b" outcome="Passed" testListId="8c84fa94-04c1-424b-9868-57a2d4851a1d" relativeResultsDirectory="d2178fd1-7bc4-428a-be64-4ce07edcce30" />
    <UnitTestResult executionId="9662cac0-803c-4dc2-afb3-ff95341bad55" testId="59a184af-5d4a-dfaa-9ae1-9212370f1756" testName="OpenTECHub.Tests.KlaRecipeAssayExecutionTests.ApiPulseUsesCommonRecoveryAnalysisAndPersistence(protocol: Biotic, deadline: False, failPersistence: False, completeNormally: True)" computerName="DESKTOP-J4OP7IO" duration="00:00:00.3584653" startTime="2026-10-07T11:38:55.8633337-03:00" endTime="2026-10-07T11:38:55.8633343-03:00" testType="13cdc9d9-ddb5-4fa4-a97d-d965ccfc6d4b" outcome="Passed" testListId="8c84fa94-04c1-424b-9868-57a2d4851a1d" relativeResultsDirectory="9662cac0-803c-4dc2-afb3-ff95341bad55" />
    <UnitTestResult executionId="72ec8ae8-cebb-48ad-8410-d3a81de8a22c" testId="45210d2f-cf6f-beb9-da18-411ad5798cbb" testName="OpenTECHub.Tests.KlaAssayApiTests.Biotic_unconfirmed_recovery_overrides_valid_science_and_blocks_dispatch(restoration: Failed)" computerName="DESKTOP-J4OP7IO" duration="00:00:00.0272019" startTime="2026-10-07T11:38:55.1584092-03:00" endTime="2026-10-07T11:38:55.1584093-03:00" testType="13cdc9d9-ddb5-4fa4-a97d-d965ccfc6d4b" outcome="Passed" testListId="8c84fa94-04c1-424b-9868-57a2d4851a1d" relativeResultsDirectory="72ec8ae8-cebb-48ad-8410-d3a81de8a22c" />
    <UnitTestResult executionId="d698e38b-e09c-4b04-9dea-bdfb8dbb68c6" testId="92a07e6d-97ce-51b0-465a-fc077cb0b705" testName="OpenTECHub.Tests.KlaAssayApiTests.Biotic_unconfirmed_recovery_overrides_valid_science_and_blocks_dispatch(restoration: Pending)" computerName="DESKTOP-J4OP7IO" duration="00:00:00.0463534" startTime="2026-10-07T11:38:55.1118403-03:00" endTime="2026-10-07T11:38:55.1118404-03:00" testType="13cdc9d9-ddb5-4fa4-a97d-d965ccfc6d4b" outcome="Passed" testListId="8c84fa94-04c1-424b-9868-57a2d4851a1d" relativeResultsDirectory="d698e38b-e09c-4b04-9dea-bdfb8dbb68c6" />
    <UnitTestResult executionId="9705e578-d588-40be-ae37-910ff147faad" testId="12d80ba9-bff6-c169-7215-62444eaccac8" testName="OpenTECHub.Tests.KlaRecipeSelectionPersistenceTests.Durable_selection_reopens_and_repairs_stale_counters_without_human_acceptance" computerName="DESKTOP-J4OP7IO" duration="00:00:00.1613221" startTime="2026-10-07T11:38:55.7779073-03:00" endTime="2026-10-07T11:38:55.7779077-03:00" testType="13cdc9d9-ddb5-4fa4-a97d-d965ccfc6d4b" outcome="Passed" testListId="8c84fa94-04c1-424b-9868-57a2d4851a1d" relativeResultsDirectory="9705e578-d588-40be-ae37-910ff147faad" />
    <UnitTestResult executionId="dae0e091-6cbd-4df4-8367-8f43bc359c63" testId="a09bea34-29d6-777a-7e51-ba77fccc2f1d" testName="OpenTECHub.Tests.KlaAssayApiTests.Current_condition_is_frozen_and_checked_against_configured_range" computerName="DESKTOP-J4OP7IO" duration="00:00:00.0007404" startTime="2026-10-07T11:38:55.3274914-03:00" endTime="2026-10-07T11:38:55.3274915-03:00" testType="13cdc9d9-ddb5-4fa4-a97d-d965ccfc6d4b" outcome="Passed" testListId="8c84fa94-04c1-424b-9868-57a2d4851a1d" relativeResultsDirectory="dae0e091-6cbd-4df4-8367-8f43bc359c63" />
    <UnitTestResult executionId="bb9be3a6-3119-411c-9376-4f230aa7f990" testId="d2d14153-5157-8b6d-6624-2a5fb35acae9" testName="OpenTECHub.Tests.KlaAssayApiTests.Inconclusive_can_continue_only_under_explicit_policy_after_return" computerName="DESKTOP-J4OP7IO" duration="00:00:00.0240005" startTime="2026-10-07T11:38:55.2376419-03:00" endTime="2026-10-07T11:38:55.2376420-03:00" testType="13cdc9d9-ddb5-4fa4-a97d-d965ccfc6d4b" outcome="Passed" testListId="8c84fa94-04c1-424b-9868-57a2d4851a1d" relativeResultsDirectory="bb9be3a6-3119-411c-9376-4f230aa7f990" />
    <UnitTestResult executionId="9b83ec86-57cc-40a1-bee1-9e2c140da299" testId="23d54fc7-1cd2-4ef7-3aa2-41465eaacc1f" testName="OpenTECHub.Tests.KlaAssayApiTests.Interval_defers_without_consuming_or_dispatching_a_request" computerName="DESKTOP-J4OP7IO" duration="00:00:00.0142497" startTime="2026-10-07T11:38:55.2562245-03:00" endTime="2026-10-07T11:38:55.2562248-03:00" testType="13cdc9d9-ddb5-4fa4-a97d-d965ccfc6d4b" outcome="Passed" testListId="8c84fa94-04c1-424b-9868-57a2d4851a1d" relativeResultsDirectory="9b83ec86-57cc-40a1-bee1-9e2c140da299" />
    <UnitTestResult executionId="77ccab63-676f-471d-ab40-d20af29b73a1" testId="8873967a-b8d1-bbe9-4a9c-4cfec815cae7" testName="OpenTECHub.Tests.KlaRecipeSequenceTests.Retry_stays_on_replica_and_exhaustion_obeys_failure_policy" computerName="DESKTOP-J4OP7IO" duration="00:00:00.0035233" startTime="2026-10-07T11:38:55.1117737-03:00" endTime="2026-10-07T11:38:55.1117737-03:00" testType="13cdc9d9-ddb5-4fa4-a97d-d965ccfc6d4b" outcome="Passed" testListId="8c84fa94-04c1-424b-9868-57a2d4851a1d" relativeResultsDirectory="77ccab63-676f-471d-ab40-d20af29b73a1" />
    <UnitTestResult executionId="12c984dc-f02a-41dc-b872-d5977fdfe852" testId="1dc9a44e-4c68-2c77-d026-31116f4c84cf" testName="OpenTECHub.Tests.KlaRecipeSelectionPersistenceTests.Failed_selection_write_cannot_authorize_next_replica(synchronous: False)" computerName="DESKTOP-J4OP7IO" duration="00:00:00.1964289" startTime="2026-10-07T11:38:55.6164349-03:00" endTime="2026-10-07T11:38:55.6164353-03:00" testType="13cdc9d9-ddb5-4fa4-a97d-d965ccfc6d4b" outcome="Passed" testListId="8c84fa94-04c1-424b-9868-57a2d4851a1d" relativeResultsDirectory="12c984dc-f02a-41dc-b872-d5977fdfe852" />
  </Results>
  <TestDefinitions>
    <UnitTest name="OpenTECHub.Tests.KlaAssayApiTests.Periodicity_skips_old_occurrences_instead_of_producing_a_burst" storage="d:\onedrive\posdoc_fapesp\_automacao_e_controle\projetotecnal\windows_app\tests\opentechub.tests\bin\debug\net10.0-windows10.0.19041.0\opentechub.tests.dll" id="d48ae667-680f-32d8-2e94-930020c8bf83">
      <Execution id="58c5c35c-7239-44b0-b1f7-8f27da8fdee1" />
      <TestMethod codeBase="D:\OneDrive\PosDoc_Fapesp\_Automacao_e_Controle\ProjetoTECNAL\Windows_app\tests\OpenTECHub.Tests\bin\Debug\net10.0-windows10.0.19041.0\OpenTECHub.Tests.dll" adapterTypeName="executor://xunit/VsTestRunner2/netcoreapp" className="OpenTECHub.Tests.KlaAssayApiTests" name="Periodicity_skips_old_occurrences_instead_of_producing_a_burst" />
    </UnitTest>
    <UnitTest name="OpenTECHub.Tests.KlaAssayApiTests.Missed_start_is_skipped_and_unvalidated_execution_is_refused_before_dispatch" storage="d:\onedrive\posdoc_fapesp\_automacao_e_controle\projetotecnal\windows_app\tests\opentechub.tests\bin\debug\net10.0-windows10.0.19041.0\opentechub.tests.dll" id="3a586103-2a15-b1a4-5860-1d5b6b57ce57">
      <Execution id="d2178fd1-7bc4-428a-be64-4ce07edcce30" />
      <TestMethod codeBase="D:\OneDrive\PosDoc_Fapesp\_Automacao_e_Controle\ProjetoTECNAL\Windows_app\tests\OpenTECHub.Tests\bin\Debug\net10.0-windows10.0.19041.0\OpenTECHub.Tests.dll" adapterTypeName="executor://xunit/VsTestRunner2/netcoreapp" className="OpenTECHub.Tests.KlaAssayApiTests" name="Missed_start_is_skipped_and_unvalidated_execution_is_refused_before_dispatch" />
    </UnitTest>
    <UnitTest name="OpenTECHub.Tests.KlaRecipeSelectionPersistenceTests.Altered_terminal_result_raw_hash_and_ambiguous_json_are_rejected" storage="d:\onedrive\posdoc_fapesp\_automacao_e_controle\projetotecnal\windows_app\tests\opentechub.tests\bin\debug\net10.0-windows10.0.19041.0\opentechub.tests.dll" id="404b6651-0319-d54a-bd45-45770550df37">
      <Execution id="f442456f-12f0-4180-8dfa-0a6fc07a2e2c" />
      <TestMethod codeBase="D:\OneDrive\PosDoc_Fapesp\_Automacao_e_Controle\ProjetoTECNAL\Windows_app\tests\OpenTECHub.Tests\bin\Debug\net10.0-windows10.0.19041.0\OpenTECHub.Tests.dll" adapterTypeName="executor://xunit/VsTestRunner2/netcoreapp" className="OpenTECHub.Tests.KlaRecipeSelectionPersistenceTests" name="Altered_terminal_result_raw_hash_and_ambiguous_json_are_rejected" />
    </UnitTest>
    <UnitTest name="OpenTECHub.Tests.KlaRecipeAssayExecutionTests.ApiPulseUsesCommonRecoveryAnalysisAndPersistence(protocol: Abiotic, deadline: True, failPersistence: False, completeNormally: False)" storage="d:\onedrive\posdoc_fapesp\_automacao_e_controle\projetotecnal\windows_app\tests\opentechub.tests\bin\debug\net10.0-windows10.0.19041.0\opentechub.tests.dll" id="49a92423-3bd6-ce43-469c-74644c536ddf">
      <Execution id="77449be8-9233-4be9-b520-cefbd518db3c" />
      <TestMethod codeBase="D:\OneDrive\PosDoc_Fapesp\_Automacao_e_Controle\ProjetoTECNAL\Windows_app\tests\OpenTECHub.Tests\bin\Debug\net10.0-windows10.0.19041.0\OpenTECHub.Tests.dll" adapterTypeName="executor://xunit/VsTestRunner2/netcoreapp" className="OpenTECHub.Tests.KlaRecipeAssayExecutionTests" name="ApiPulseUsesCommonRecoveryAnalysisAndPersistence" />
    </UnitTest>
    <UnitTest name="OpenTECHub.Tests.KlaAssayApiTests.Journal_has_exclusive_owner_and_corruption_fails_closed" storage="d:\onedrive\posdoc_fapesp\_automacao_e_controle\projetotecnal\windows_app\tests\opentechub.tests\bin\debug\net10.0-windows10.0.19041.0\opentechub.tests.dll" id="a67edab8-34d2-e41d-f7bb-eec972072895">
      <Execution id="c3045014-7f88-4995-b6d6-07d9ae31e33c" />
      <TestMethod codeBase="D:\OneDrive\PosDoc_Fapesp\_Automacao_e_Controle\ProjetoTECNAL\Windows_app\tests\OpenTECHub.Tests\bin\Debug\net10.0-windows10.0.19041.0\OpenTECHub.Tests.dll" adapterTypeName="executor://xunit/VsTestRunner2/netcoreapp" className="OpenTECHub.Tests.KlaAssayApiTests" name="Journal_has_exclusive_owner_and_corruption_fails_closed" />
    </UnitTest>
    <UnitTest name="OpenTECHub.Tests.KlaAssayApiTests.Cultivation_limits_cannot_be_loosened_and_survive_reopening" storage="d:\onedrive\posdoc_fapesp\_automacao_e_controle\projetotecnal\windows_app\tests\opentechub.tests\bin\debug\net10.0-windows10.0.19041.0\opentechub.tests.dll" id="b2069cad-025a-de4b-339a-346bb5f06353">
      <Execution id="13072ec3-91c7-493d-981b-782719dfa3b1" />
      <TestMethod codeBase="D:\OneDrive\PosDoc_Fapesp\_Automacao_e_Controle\ProjetoTECNAL\Windows_app\tests\OpenTECHub.Tests\bin\Debug\net10.0-windows10.0.19041.0\OpenTECHub.Tests.dll" adapterTypeName="executor://xunit/VsTestRunner2/netcoreapp" className="OpenTECHub.Tests.KlaAssayApiTests" name="Cultivation_limits_cannot_be_loosened_and_survive_reopening" />
    </UnitTest>
    <UnitTest name="OpenTECHub.Tests.KlaAssayApiTests.Interval_defers_without_consuming_or_dispatching_a_request" storage="d:\onedrive\posdoc_fapesp\_automacao_e_controle\projetotecnal\windows_app\tests\opentechub.tests\bin\debug\net10.0-windows10.0.19041.0\opentechub.tests.dll" id="23d54fc7-1cd2-4ef7-3aa2-41465eaacc1f">
      <Execution id="9b83ec86-57cc-40a1-bee1-9e2c140da299" />
      <TestMethod codeBase="D:\OneDrive\PosDoc_Fapesp\_Automacao_e_Controle\ProjetoTECNAL\Windows_app\tests\OpenTECHub.Tests\bin\Debug\net10.0-windows10.0.19041.0\OpenTECHub.Tests.dll" adapterTypeName="executor://xunit/VsTestRunner2/netcoreapp" className="OpenTECHub.Tests.KlaAssayApiTests" name="Interval_defers_without_consuming_or_dispatching_a_request" />
    </UnitTest>
    <UnitTest name="OpenTECHub.Tests.KlaAssayApiTests.Biotic_unconfirmed_recovery_overrides_valid_science_and_blocks_dispatch(restoration: NotRequired)" storage="d:\onedrive\posdoc_fapesp\_automacao_e_controle\projetotecnal\windows_app\tests\opentechub.tests\bin\debug\net10.0-windows10.0.19041.0\opentechub.tests.dll" id="04e687f3-6c38-d79b-50b5-27b816de237c">
      <Execution id="593ce007-1358-492a-8193-18dbca46b256" />
      <TestMethod codeBase="D:\OneDrive\PosDoc_Fapesp\_Automacao_e_Controle\ProjetoTECNAL\Windows_app\tests\OpenTECHub.Tests\bin\Debug\net10.0-windows10.0.19041.0\OpenTECHub.Tests.dll" adapterTypeName="executor://xunit/VsTestRunner2/netcoreapp" className="OpenTECHub.Tests.KlaAssayApiTests" name="Biotic_unconfirmed_recovery_overrides_valid_science_and_blocks_dispatch" />
    </UnitTest>
    <UnitTest name="OpenTECHub.Tests.KlaAssayApiTests.Reopening_a_reserved_request_never_actuates_and_blocks_new_pulses" storage="d:\onedrive\posdoc_fapesp\_automacao_e_controle\projetotecnal\windows_app\tests\opentechub.tests\bin\debug\net10.0-windows10.0.19041.0\opentechub.tests.dll" id="009a7e05-bdab-65b2-897e-f0365b3f113a">
      <Execution id="0a1ba573-4352-4df2-936f-2000e1c26cbd" />
      <TestMethod codeBase="D:\OneDrive\PosDoc_Fapesp\_Automacao_e_Controle\ProjetoTECNAL\Windows_app\tests\OpenTECHub.Tests\bin\Debug\net10.0-windows10.0.19041.0\OpenTECHub.Tests.dll" adapterTypeName="executor://xunit/VsTestRunner2/netcoreapp" className="OpenTECHub.Tests.KlaAssayApiTests" name="Reopening_a_reserved_request_never_actuates_and_blocks_new_pulses" />
    </UnitTest>
    <UnitTest name="OpenTECHub.Tests.KlaRecipeSelectionPersistenceTests.Failed_selection_write_cannot_authorize_next_replica(synchronous: False)" storage="d:\onedrive\posdoc_fapesp\_automacao_e_controle\projetotecnal\windows_app\tests\opentechub.tests\bin\debug\net10.0-windows10.0.19041.0\opentechub.tests.dll" id="1dc9a44e-4c68-2c77-d026-31116f4c84cf">
      <Execution id="12c984dc-f02a-41dc-b872-d5977fdfe852" />
      <TestMethod codeBase="D:\OneDrive\PosDoc_Fapesp\_Automacao_e_Controle\ProjetoTECNAL\Windows_app\tests\OpenTECHub.Tests\bin\Debug\net10.0-windows10.0.19041.0\OpenTECHub.Tests.dll" adapterTypeName="executor://xunit/VsTestRunner2/netcoreapp" className="OpenTECHub.Tests.KlaRecipeSelectionPersistenceTests" name="Failed_selection_write_cannot_authorize_next_replica" />
    </UnitTest>
    <UnitTest name="OpenTECHub.Tests.KlaAssayApiTests.Biotic_unconfirmed_recovery_overrides_valid_science_and_blocks_dispatch(restoration: Failed)" storage="d:\onedrive\posdoc_fapesp\_automacao_e_controle\projetotecnal\windows_app\tests\opentechub.tests\bin\debug\net10.0-windows10.0.19041.0\opentechub.tests.dll" id="45210d2f-cf6f-beb9-da18-411ad5798cbb">
      <Execution id="72ec8ae8-cebb-48ad-8410-d3a81de8a22c" />
      <TestMethod codeBase="D:\OneDrive\PosDoc_Fapesp\_Automacao_e_Controle\ProjetoTECNAL\Windows_app\tests\OpenTECHub.Tests\bin\Debug\net10.0-windows10.0.19041.0\OpenTECHub.Tests.dll" adapterTypeName="executor://xunit/VsTestRunner2/netcoreapp" className="OpenTECHub.Tests.KlaAssayApiTests" name="Biotic_unconfirmed_recovery_overrides_valid_science_and_blocks_dispatch" />
    </UnitTest>
    <UnitTest name="OpenTECHub.Tests.KlaRecipeAssayExecutionTests.ApiPulseUsesCommonRecoveryAnalysisAndPersistence(protocol: Biotic, deadline: False, failPersistence: False, completeNormally: False)" storage="d:\onedrive\posdoc_fapesp\_automacao_e_controle\projetotecnal\windows_app\tests\opentechub.tests\bin\debug\net10.0-windows10.0.19041.0\opentechub.tests.dll" id="00fcecaf-ecfd-6141-2e15-8c10664bcbab">
      <Execution id="9b78f3fd-f4b1-48ad-b0f9-149f9bd14cc3" />
      <TestMethod codeBase="D:\OneDrive\PosDoc_Fapesp\_Automacao_e_Controle\ProjetoTECNAL\Windows_app\tests\OpenTECHub.Tests\bin\Debug\net10.0-windows10.0.19041.0\OpenTECHub.Tests.dll" adapterTypeName="executor://xunit/VsTestRunner2/netcoreapp" className="OpenTECHub.Tests.KlaRecipeAssayExecutionTests" name="ApiPulseUsesCommonRecoveryAnalysisAndPersistence" />
    </UnitTest>
    <UnitTest name="OpenTECHub.Tests.KlaRecipeSelectionPersistenceTests.Failed_selection_write_cannot_authorize_next_replica(synchronous: True)" storage="d:\onedrive\posdoc_fapesp\_automacao_e_controle\projetotecnal\windows_app\tests\opentechub.tests\bin\debug\net10.0-windows10.0.19041.0\opentechub.tests.dll" id="9081d10f-dbbd-738a-5040-2f9f673a14c2">
      <Execution id="77048ba7-382e-40e8-9190-6420524229e8" />
      <TestMethod codeBase="D:\OneDrive\PosDoc_Fapesp\_Automacao_e_Controle\ProjetoTECNAL\Windows_app\tests\OpenTECHub.Tests\bin\Debug\net10.0-windows10.0.19041.0\OpenTECHub.Tests.dll" adapterTypeName="executor://xunit/VsTestRunner2/netcoreapp" className="OpenTECHub.Tests.KlaRecipeSelectionPersistenceTests" name="Failed_selection_write_cannot_authorize_next_replica" />
    </UnitTest>
    <UnitTest name="OpenTECHub.Tests.KlaAssayApiTests.Duplicate_id_never_dispatches_twice_and_completed_reconnect_does_not_restart" storage="d:\onedrive\posdoc_fapesp\_automacao_e_controle\projetotecnal\windows_app\tests\opentechub.tests\bin\debug\net10.0-windows10.0.19041.0\opentechub.tests.dll" id="5fa4263d-413a-e2bb-8f77-d569f3cd8171">
      <Execution id="d9e3516c-4ed4-4078-bcb2-2ae80e9b77aa" />
      <TestMethod codeBase="D:\OneDrive\PosDoc_Fapesp\_Automacao_e_Controle\ProjetoTECNAL\Windows_app\tests\OpenTECHub.Tests\bin\Debug\net10.0-windows10.0.19041.0\OpenTECHub.Tests.dll" adapterTypeName="executor://xunit/VsTestRunner2/netcoreapp" className="OpenTECHub.Tests.KlaAssayApiTests" name="Duplicate_id_never_dispatches_twice_and_completed_reconnect_does_not_restart" />
    </UnitTest>
    <UnitTest name="OpenTECHub.Tests.KlaRecipeAssayExecutionTests.ApiPulseUsesCommonRecoveryAnalysisAndPersistence(protocol: Abiotic, deadline: False, failPersistence: False, completeNormally: False)" storage="d:\onedrive\posdoc_fapesp\_automacao_e_controle\projetotecnal\windows_app\tests\opentechub.tests\bin\debug\net10.0-windows10.0.19041.0\opentechub.tests.dll" id="2e62f787-04b6-9b52-2639-5ccc94671780">
      <Execution id="0f74e85d-c08a-45ce-840e-227c3423ec63" />
      <TestMethod codeBase="D:\OneDrive\PosDoc_Fapesp\_Automacao_e_Controle\ProjetoTECNAL\Windows_app\tests\OpenTECHub.Tests\bin\Debug\net10.0-windows10.0.19041.0\OpenTECHub.Tests.dll" adapterTypeName="executor://xunit/VsTestRunner2/netcoreapp" className="OpenTECHub.Tests.KlaRecipeAssayExecutionTests" name="ApiPulseUsesCommonRecoveryAnalysisAndPersistence" />
    </UnitTest>
    <UnitTest name="OpenTECHub.Tests.KlaAssayApiTests.Inconclusive_can_continue_only_under_explicit_policy_after_return" storage="d:\onedrive\posdoc_fapesp\_automacao_e_controle\projetotecnal\windows_app\tests\opentechub.tests\bin\debug\net10.0-windows10.0.19041.0\opentechub.tests.dll" id="d2d14153-5157-8b6d-6624-2a5fb35acae9">
      <Execution id="bb9be3a6-3119-411c-9376-4f230aa7f990" />
      <TestMethod codeBase="D:\OneDrive\PosDoc_Fapesp\_Automacao_e_Controle\ProjetoTECNAL\Windows_app\tests\OpenTECHub.Tests\bin\Debug\net10.0-windows10.0.19041.0\OpenTECHub.Tests.dll" adapterTypeName="executor://xunit/VsTestRunner2/netcoreapp" className="OpenTECHub.Tests.KlaAssayApiTests" name="Inconclusive_can_continue_only_under_explicit_policy_after_return" />
    </UnitTest>
    <UnitTest name="OpenTECHub.Tests.KlaRecipeSequenceTests.Matrix_finishes_all_replicates_without_operator_reviews(protocol: Abiotic, mode: Multiple)" storage="d:\onedrive\posdoc_fapesp\_automacao_e_controle\projetotecnal\windows_app\tests\opentechub.tests\bin\debug\net10.0-windows10.0.19041.0\opentechub.tests.dll" id="7ffb5aef-a8bd-830e-2d6a-08ca6288205a">
      <Execution id="1fb65240-b19b-4eb9-b78a-e472b805cefe" />
      <TestMethod codeBase="D:\OneDrive\PosDoc_Fapesp\_Automacao_e_Controle\ProjetoTECNAL\Windows_app\tests\OpenTECHub.Tests\bin\Debug\net10.0-windows10.0.19041.0\OpenTECHub.Tests.dll" adapterTypeName="executor://xunit/VsTestRunner2/netcoreapp" className="OpenTECHub.Tests.KlaRecipeSequenceTests" name="Matrix_finishes_all_replicates_without_operator_reviews" />
    </UnitTest>
    <UnitTest name="OpenTECHub.Tests.KlaAssayApiTests.Current_condition_is_frozen_and_checked_against_configured_range" storage="d:\onedrive\posdoc_fapesp\_automacao_e_controle\projetotecnal\windows_app\tests\opentechub.tests\bin\debug\net10.0-windows10.0.19041.0\opentechub.tests.dll" id="a09bea34-29d6-777a-7e51-ba77fccc2f1d">
      <Execution id="dae0e091-6cbd-4df4-8367-8f43bc359c63" />
      <TestMethod codeBase="D:\OneDrive\PosDoc_Fapesp\_Automacao_e_Controle\ProjetoTECNAL\Windows_app\tests\OpenTECHub.Tests\bin\Debug\net10.0-windows10.0.19041.0\OpenTECHub.Tests.dll" adapterTypeName="executor://xunit/VsTestRunner2/netcoreapp" className="OpenTECHub.Tests.KlaAssayApiTests" name="Current_condition_is_frozen_and_checked_against_configured_range" />
    </UnitTest>
    <UnitTest name="OpenTECHub.Tests.KlaRecipeAssayExecutionTests.ApiPulseUsesCommonRecoveryAnalysisAndPersistence(protocol: Abiotic, deadline: False, failPersistence: True, completeNormally: False)" storage="d:\onedrive\posdoc_fapesp\_automacao_e_controle\projetotecnal\windows_app\tests\opentechub.tests\bin\debug\net10.0-windows10.0.19041.0\opentechub.tests.dll" id="a2048caf-d855-8ead-23b2-f4a6da837acf">
      <Execution id="79280673-8473-4428-8dfc-49c391b28fb0" />
      <TestMethod codeBase="D:\OneDrive\PosDoc_Fapesp\_Automacao_e_Controle\ProjetoTECNAL\Windows_app\tests\OpenTECHub.Tests\bin\Debug\net10.0-windows10.0.19041.0\OpenTECHub.Tests.dll" adapterTypeName="executor://xunit/VsTestRunner2/netcoreapp" className="OpenTECHub.Tests.KlaRecipeAssayExecutionTests" name="ApiPulseUsesCommonRecoveryAnalysisAndPersistence" />
    </UnitTest>
    <UnitTest name="OpenTECHub.Tests.KlaRecipeSequenceTests.Matrix_finishes_all_replicates_without_operator_reviews(protocol: Abiotic, mode: Single)" storage="d:\onedrive\posdoc_fapesp\_automacao_e_controle\projetotecnal\windows_app\tests\opentechub.tests\bin\debug\net10.0-windows10.0.19041.0\opentechub.tests.dll" id="c193e55a-7db7-aaf6-9829-a190a0e459e5">
      <Execution id="8cf50448-3155-4a67-b441-8154399946f4" />
      <TestMethod codeBase="D:\OneDrive\PosDoc_Fapesp\_Automacao_e_Controle\ProjetoTECNAL\Windows_app\tests\OpenTECHub.Tests\bin\Debug\net10.0-windows10.0.19041.0\OpenTECHub.Tests.dll" adapterTypeName="executor://xunit/VsTestRunner2/netcoreapp" className="OpenTECHub.Tests.KlaRecipeSequenceTests" name="Matrix_finishes_all_replicates_without_operator_reviews" />
    </UnitTest>
    <UnitTest name="OpenTECHub.Tests.KlaAssayApiTests.Biotic_unconfirmed_recovery_overrides_valid_science_and_blocks_dispatch(restoration: Pending)" storage="d:\onedrive\posdoc_fapesp\_automacao_e_controle\projetotecnal\windows_app\tests\opentechub.tests\bin\debug\net10.0-windows10.0.19041.0\opentechub.tests.dll" id="92a07e6d-97ce-51b0-465a-fc077cb0b705">
      <Execution id="d698e38b-e09c-4b04-9dea-bdfb8dbb68c6" />
      <TestMethod codeBase="D:\OneDrive\PosDoc_Fapesp\_Automacao_e_Controle\ProjetoTECNAL\Windows_app\tests\OpenTECHub.Tests\bin\Debug\net10.0-windows10.0.19041.0\OpenTECHub.Tests.dll" adapterTypeName="executor://xunit/VsTestRunner2/netcoreapp" className="OpenTECHub.Tests.KlaAssayApiTests" name="Biotic_unconfirmed_recovery_overrides_valid_science_and_blocks_dispatch" />
    </UnitTest>
    <UnitTest name="OpenTECHub.Tests.KlaRecipeSelectionPersistenceTests.Durable_selection_reopens_and_repairs_stale_counters_without_human_acceptance" storage="d:\onedrive\posdoc_fapesp\_automacao_e_controle\projetotecnal\windows_app\tests\opentechub.tests\bin\debug\net10.0-windows10.0.19041.0\opentechub.tests.dll" id="12d80ba9-bff6-c169-7215-62444eaccac8">
      <Execution id="9705e578-d588-40be-ae37-910ff147faad" />
      <TestMethod codeBase="D:\OneDrive\PosDoc_Fapesp\_Automacao_e_Controle\ProjetoTECNAL\Windows_app\tests\OpenTECHub.Tests\bin\Debug\net10.0-windows10.0.19041.0\OpenTECHub.Tests.dll" adapterTypeName="executor://xunit/VsTestRunner2/netcoreapp" className="OpenTECHub.Tests.KlaRecipeSelectionPersistenceTests" name="Durable_selection_reopens_and_repairs_stale_counters_without_human_acceptance" />
    </UnitTest>
    <UnitTest name="OpenTECHub.Tests.KlaRecipeSequenceTests.Retry_stays_on_replica_and_exhaustion_obeys_failure_policy" storage="d:\onedrive\posdoc_fapesp\_automacao_e_controle\projetotecnal\windows_app\tests\opentechub.tests\bin\debug\net10.0-windows10.0.19041.0\opentechub.tests.dll" id="8873967a-b8d1-bbe9-4a9c-4cfec815cae7">
      <Execution id="77ccab63-676f-471d-ab40-d20af29b73a1" />
      <TestMethod codeBase="D:\OneDrive\PosDoc_Fapesp\_Automacao_e_Controle\ProjetoTECNAL\Windows_app\tests\OpenTECHub.Tests\bin\Debug\net10.0-windows10.0.19041.0\OpenTECHub.Tests.dll" adapterTypeName="executor://xunit/VsTestRunner2/netcoreapp" className="OpenTECHub.Tests.KlaRecipeSequenceTests" name="Retry_stays_on_replica_and_exhaustion_obeys_failure_policy" />
    </UnitTest>
    <UnitTest name="OpenTECHub.Tests.KlaRecipeAssayExecutionTests.ApiPulseUsesCommonRecoveryAnalysisAndPersistence(protocol: Biotic, deadline: False, failPersistence: False, completeNormally: True)" storage="d:\onedrive\posdoc_fapesp\_automacao_e_controle\projetotecnal\windows_app\tests\opentechub.tests\bin\debug\net10.0-windows10.0.19041.0\opentechub.tests.dll" id="59a184af-5d4a-dfaa-9ae1-9212370f1756">
      <Execution id="9662cac0-803c-4dc2-afb3-ff95341bad55" />
      <TestMethod codeBase="D:\OneDrive\PosDoc_Fapesp\_Automacao_e_Controle\ProjetoTECNAL\Windows_app\tests\OpenTECHub.Tests\bin\Debug\net10.0-windows10.0.19041.0\OpenTECHub.Tests.dll" adapterTypeName="executor://xunit/VsTestRunner2/netcoreapp" className="OpenTECHub.Tests.KlaRecipeAssayExecutionTests" name="ApiPulseUsesCommonRecoveryAnalysisAndPersistence" />
    </UnitTest>
    <UnitTest name="OpenTECHub.Tests.KlaRecipeSequenceTests.Matrix_finishes_all_replicates_without_operator_reviews(protocol: Biotic, mode: Single)" storage="d:\onedrive\posdoc_fapesp\_automacao_e_controle\projetotecnal\windows_app\tests\opentechub.tests\bin\debug\net10.0-windows10.0.19041.0\opentechub.tests.dll" id="2f6031c4-3d9e-8729-b289-94d69eebcb64">
      <Execution id="45a0ee58-2014-486d-85a6-8663f6b409a3" />
      <TestMethod codeBase="D:\OneDrive\PosDoc_Fapesp\_Automacao_e_Controle\ProjetoTECNAL\Windows_app\tests\OpenTECHub.Tests\bin\Debug\net10.0-windows10.0.19041.0\OpenTECHub.Tests.dll" adapterTypeName="executor://xunit/VsTestRunner2/netcoreapp" className="OpenTECHub.Tests.KlaRecipeSequenceTests" name="Matrix_finishes_all_replicates_without_operator_reviews" />
    </UnitTest>
    <UnitTest name="OpenTECHub.Tests.KlaAssayApiTests.Closed_api_cannot_cancel_a_record_after_another_instance_takes_the_journal" storage="d:\onedrive\posdoc_fapesp\_automacao_e_controle\projetotecnal\windows_app\tests\opentechub.tests\bin\debug\net10.0-windows10.0.19041.0\opentechub.tests.dll" id="fd8a1f21-f3d3-efa5-4932-e0a78c89438f">
      <Execution id="92b4fb55-9faf-463d-bff1-4dd92a57bb37" />
      <TestMethod codeBase="D:\OneDrive\PosDoc_Fapesp\_Automacao_e_Controle\ProjetoTECNAL\Windows_app\tests\OpenTECHub.Tests\bin\Debug\net10.0-windows10.0.19041.0\OpenTECHub.Tests.dll" adapterTypeName="executor://xunit/VsTestRunner2/netcoreapp" className="OpenTECHub.Tests.KlaAssayApiTests" name="Closed_api_cannot_cancel_a_record_after_another_instance_takes_the_journal" />
    </UnitTest>
    <UnitTest name="OpenTECHub.Tests.KlaAssayApiTests.Budget_reads_do_not_reserve_and_reopen_preserves_the_stricter_limits" storage="d:\onedrive\posdoc_fapesp\_automacao_e_controle\projetotecnal\windows_app\tests\opentechub.tests\bin\debug\net10.0-windows10.0.19041.0\opentechub.tests.dll" id="75b33bf6-f931-d689-9b46-8e6bdc47b82b">
      <Execution id="6f927c76-d5e1-4575-8675-4b667cba5046" />
      <TestMethod codeBase="D:\OneDrive\PosDoc_Fapesp\_Automacao_e_Controle\ProjetoTECNAL\Windows_app\tests\OpenTECHub.Tests\bin\Debug\net10.0-windows10.0.19041.0\OpenTECHub.Tests.dll" adapterTypeName="executor://xunit/VsTestRunner2/netcoreapp" className="OpenTECHub.Tests.KlaAssayApiTests" name="Budget_reads_do_not_reserve_and_reopen_preserves_the_stricter_limits" />
    </UnitTest>
    <UnitTest name="OpenTECHub.Tests.KlaAssayApiTests.Cancellation_waits_for_recovery_and_blocks_a_second_pulse" storage="d:\onedrive\posdoc_fapesp\_automacao_e_controle\projetotecnal\windows_app\tests\opentechub.tests\bin\debug\net10.0-windows10.0.19041.0\opentechub.tests.dll" id="40549ed7-3a37-9d4e-0bc3-dd40ad41b8d8">
      <Execution id="94979c9c-83c7-4399-b534-645700d33916" />
      <TestMethod codeBase="D:\OneDrive\PosDoc_Fapesp\_Automacao_e_Controle\ProjetoTECNAL\Windows_app\tests\OpenTECHub.Tests\bin\Debug\net10.0-windows10.0.19041.0\OpenTECHub.Tests.dll" adapterTypeName="executor://xunit/VsTestRunner2/netcoreapp" className="OpenTECHub.Tests.KlaAssayApiTests" name="Cancellation_waits_for_recovery_and_blocks_a_second_pulse" />
    </UnitTest>
    <UnitTest name="OpenTECHub.Tests.KlaRecipeSequenceTests.Matrix_finishes_all_replicates_without_operator_reviews(protocol: Biotic, mode: Multiple)" storage="d:\onedrive\posdoc_fapesp\_automacao_e_controle\projetotecnal\windows_app\tests\opentechub.tests\bin\debug\net10.0-windows10.0.19041.0\opentechub.tests.dll" id="d6f23cf1-6f21-8f38-675e-cebc48dcefd0">
      <Execution id="74b70687-5f9a-4187-9343-731429a5af01" />
      <TestMethod codeBase="D:\OneDrive\PosDoc_Fapesp\_Automacao_e_Controle\ProjetoTECNAL\Windows_app\tests\OpenTECHub.Tests\bin\Debug\net10.0-windows10.0.19041.0\OpenTECHub.Tests.dll" adapterTypeName="executor://xunit/VsTestRunner2/netcoreapp" className="OpenTECHub.Tests.KlaRecipeSequenceTests" name="Matrix_finishes_all_replicates_without_operator_reviews" />
    </UnitTest>
    <UnitTest name="OpenTECHub.Tests.KlaRecipeSequenceTests.Snapshot_can_be_recaptured_between_pulses_but_identity_and_policy_cannot_change" storage="d:\onedrive\posdoc_fapesp\_automacao_e_controle\projetotecnal\windows_app\tests\opentechub.tests\bin\debug\net10.0-windows10.0.19041.0\opentechub.tests.dll" id="957e2106-8ea9-d1fe-ea9a-e8462767528a">
      <Execution id="1498016a-cb49-4611-9a96-20a26dc7277c" />
      <TestMethod codeBase="D:\OneDrive\PosDoc_Fapesp\_Automacao_e_Controle\ProjetoTECNAL\Windows_app\tests\OpenTECHub.Tests\bin\Debug\net10.0-windows10.0.19041.0\OpenTECHub.Tests.dll" adapterTypeName="executor://xunit/VsTestRunner2/netcoreapp" className="OpenTECHub.Tests.KlaRecipeSequenceTests" name="Snapshot_can_be_recaptured_between_pulses_but_identity_and_policy_cannot_change" />
    </UnitTest>
    <UnitTest name="OpenTECHub.Tests.KlaRecipeAssayExecutionTests.FactoryRejectsPhysicalEnvironmentOrPhysicalCapability(isolatedEnvironment: False, isolatedCapability: True)" storage="d:\onedrive\posdoc_fapesp\_automacao_e_controle\projetotecnal\windows_app\tests\opentechub.tests\bin\debug\net10.0-windows10.0.19041.0\opentechub.tests.dll" id="f0e80b93-b862-ec8f-8a72-46ce3d4a2f71">
      <Execution id="d59d0692-5276-43aa-aeb9-8ac6f4f4d7e7" />
      <TestMethod codeBase="D:\OneDrive\PosDoc_Fapesp\_Automacao_e_Controle\ProjetoTECNAL\Windows_app\tests\OpenTECHub.Tests\bin\Debug\net10.0-windows10.0.19041.0\OpenTECHub.Tests.dll" adapterTypeName="executor://xunit/VsTestRunner2/netcoreapp" className="OpenTECHub.Tests.KlaRecipeAssayExecutionTests" name="FactoryRejectsPhysicalEnvironmentOrPhysicalCapability" />
    </UnitTest>
    <UnitTest name="OpenTECHub.Tests.KlaRecipeAssayExecutionTests.FactoryRejectsPhysicalEnvironmentOrPhysicalCapability(isolatedEnvironment: True, isolatedCapability: False)" storage="d:\onedrive\posdoc_fapesp\_automacao_e_controle\projetotecnal\windows_app\tests\opentechub.tests\bin\debug\net10.0-windows10.0.19041.0\opentechub.tests.dll" id="595153d9-5681-03c7-2a7a-3a887cd7c96a">
      <Execution id="2d17107b-501c-4371-83a8-545729f40387" />
      <TestMethod codeBase="D:\OneDrive\PosDoc_Fapesp\_Automacao_e_Controle\ProjetoTECNAL\Windows_app\tests\OpenTECHub.Tests\bin\Debug\net10.0-windows10.0.19041.0\OpenTECHub.Tests.dll" adapterTypeName="executor://xunit/VsTestRunner2/netcoreapp" className="OpenTECHub.Tests.KlaRecipeAssayExecutionTests" name="FactoryRejectsPhysicalEnvironmentOrPhysicalCapability" />
    </UnitTest>
    <UnitTest name="OpenTECHub.Tests.KlaRecipeAssayExecutionTests.ApiPulseUsesCommonRecoveryAnalysisAndPersistence(protocol: Abiotic, deadline: False, failPersistence: False, completeNormally: True)" storage="d:\onedrive\posdoc_fapesp\_automacao_e_controle\projetotecnal\windows_app\tests\opentechub.tests\bin\debug\net10.0-windows10.0.19041.0\opentechub.tests.dll" id="75015e61-aca8-4b85-2320-0a92d3ff0bf7">
      <Execution id="35a333c9-d3b7-4fa8-8294-812e13dc724d" />
      <TestMethod codeBase="D:\OneDrive\PosDoc_Fapesp\_Automacao_e_Controle\ProjetoTECNAL\Windows_app\tests\OpenTECHub.Tests\bin\Debug\net10.0-windows10.0.19041.0\OpenTECHub.Tests.dll" adapterTypeName="executor://xunit/VsTestRunner2/netcoreapp" className="OpenTECHub.Tests.KlaRecipeAssayExecutionTests" name="ApiPulseUsesCommonRecoveryAnalysisAndPersistence" />
    </UnitTest>
  </TestDefinitions>
  <TestEntries>
    <TestEntry testId="b2069cad-025a-de4b-339a-346bb5f06353" executionId="13072ec3-91c7-493d-981b-782719dfa3b1" testListId="8c84fa94-04c1-424b-9868-57a2d4851a1d" />
    <TestEntry testId="7ffb5aef-a8bd-830e-2d6a-08ca6288205a" executionId="1fb65240-b19b-4eb9-b78a-e472b805cefe" testListId="8c84fa94-04c1-424b-9868-57a2d4851a1d" />
    <TestEntry testId="f0e80b93-b862-ec8f-8a72-46ce3d4a2f71" executionId="d59d0692-5276-43aa-aeb9-8ac6f4f4d7e7" testListId="8c84fa94-04c1-424b-9868-57a2d4851a1d" />
    <TestEntry testId="75015e61-aca8-4b85-2320-0a92d3ff0bf7" executionId="35a333c9-d3b7-4fa8-8294-812e13dc724d" testListId="8c84fa94-04c1-424b-9868-57a2d4851a1d" />
    <TestEntry testId="c193e55a-7db7-aaf6-9829-a190a0e459e5" executionId="8cf50448-3155-4a67-b441-8154399946f4" testListId="8c84fa94-04c1-424b-9868-57a2d4851a1d" />
    <TestEntry testId="40549ed7-3a37-9d4e-0bc3-dd40ad41b8d8" executionId="94979c9c-83c7-4399-b534-645700d33916" testListId="8c84fa94-04c1-424b-9868-57a2d4851a1d" />
    <TestEntry testId="2e62f787-04b6-9b52-2639-5ccc94671780" executionId="0f74e85d-c08a-45ce-840e-227c3423ec63" testListId="8c84fa94-04c1-424b-9868-57a2d4851a1d" />
    <TestEntry testId="a67edab8-34d2-e41d-f7bb-eec972072895" executionId="c3045014-7f88-4995-b6d6-07d9ae31e33c" testListId="8c84fa94-04c1-424b-9868-57a2d4851a1d" />
    <TestEntry testId="04e687f3-6c38-d79b-50b5-27b816de237c" executionId="593ce007-1358-492a-8193-18dbca46b256" testListId="8c84fa94-04c1-424b-9868-57a2d4851a1d" />
    <TestEntry testId="9081d10f-dbbd-738a-5040-2f9f673a14c2" executionId="77048ba7-382e-40e8-9190-6420524229e8" testListId="8c84fa94-04c1-424b-9868-57a2d4851a1d" />
    <TestEntry testId="d6f23cf1-6f21-8f38-675e-cebc48dcefd0" executionId="74b70687-5f9a-4187-9343-731429a5af01" testListId="8c84fa94-04c1-424b-9868-57a2d4851a1d" />
    <TestEntry testId="957e2106-8ea9-d1fe-ea9a-e8462767528a" executionId="1498016a-cb49-4611-9a96-20a26dc7277c" testListId="8c84fa94-04c1-424b-9868-57a2d4851a1d" />
    <TestEntry testId="75b33bf6-f931-d689-9b46-8e6bdc47b82b" executionId="6f927c76-d5e1-4575-8675-4b667cba5046" testListId="8c84fa94-04c1-424b-9868-57a2d4851a1d" />
    <TestEntry testId="00fcecaf-ecfd-6141-2e15-8c10664bcbab" executionId="9b78f3fd-f4b1-48ad-b0f9-149f9bd14cc3" testListId="8c84fa94-04c1-424b-9868-57a2d4851a1d" />
    <TestEntry testId="a2048caf-d855-8ead-23b2-f4a6da837acf" executionId="79280673-8473-4428-8dfc-49c391b28fb0" testListId="8c84fa94-04c1-424b-9868-57a2d4851a1d" />
    <TestEntry testId="595153d9-5681-03c7-2a7a-3a887cd7c96a" executionId="2d17107b-501c-4371-83a8-545729f40387" testListId="8c84fa94-04c1-424b-9868-57a2d4851a1d" />
    <TestEntry testId="d48ae667-680f-32d8-2e94-930020c8bf83" executionId="58c5c35c-7239-44b0-b1f7-8f27da8fdee1" testListId="8c84fa94-04c1-424b-9868-57a2d4851a1d" />
    <TestEntry testId="5fa4263d-413a-e2bb-8f77-d569f3cd8171" executionId="d9e3516c-4ed4-4078-bcb2-2ae80e9b77aa" testListId="8c84fa94-04c1-424b-9868-57a2d4851a1d" />
    <TestEntry testId="fd8a1f21-f3d3-efa5-4932-e0a78c89438f" executionId="92b4fb55-9faf-463d-bff1-4dd92a57bb37" testListId="8c84fa94-04c1-424b-9868-57a2d4851a1d" />
    <TestEntry testId="404b6651-0319-d54a-bd45-45770550df37" executionId="f442456f-12f0-4180-8dfa-0a6fc07a2e2c" testListId="8c84fa94-04c1-424b-9868-57a2d4851a1d" />
    <TestEntry testId="009a7e05-bdab-65b2-897e-f0365b3f113a" executionId="0a1ba573-4352-4df2-936f-2000e1c26cbd" testListId="8c84fa94-04c1-424b-9868-57a2d4851a1d" />
    <TestEntry testId="49a92423-3bd6-ce43-469c-74644c536ddf" executionId="77449be8-9233-4be9-b520-cefbd518db3c" testListId="8c84fa94-04c1-424b-9868-57a2d4851a1d" />
    <TestEntry testId="2f6031c4-3d9e-8729-b289-94d69eebcb64" executionId="45a0ee58-2014-486d-85a6-8663f6b409a3" testListId="8c84fa94-04c1-424b-9868-57a2d4851a1d" />
    <TestEntry testId="3a586103-2a15-b1a4-5860-1d5b6b57ce57" executionId="d2178fd1-7bc4-428a-be64-4ce07edcce30" testListId="8c84fa94-04c1-424b-9868-57a2d4851a1d" />
    <TestEntry testId="59a184af-5d4a-dfaa-9ae1-9212370f1756" executionId="9662cac0-803c-4dc2-afb3-ff95341bad55" testListId="8c84fa94-04c1-424b-9868-57a2d4851a1d" />
    <TestEntry testId="45210d2f-cf6f-beb9-da18-411ad5798cbb" executionId="72ec8ae8-cebb-48ad-8410-d3a81de8a22c" testListId="8c84fa94-04c1-424b-9868-57a2d4851a1d" />
    <TestEntry testId="92a07e6d-97ce-51b0-465a-fc077cb0b705" executionId="d698e38b-e09c-4b04-9dea-bdfb8dbb68c6" testListId="8c84fa94-04c1-424b-9868-57a2d4851a1d" />
    <TestEntry testId="12d80ba9-bff6-c169-7215-62444eaccac8" executionId="9705e578-d588-40be-ae37-910ff147faad" testListId="8c84fa94-04c1-424b-9868-57a2d4851a1d" />
    <TestEntry testId="a09bea34-29d6-777a-7e51-ba77fccc2f1d" executionId="dae0e091-6cbd-4df4-8367-8f43bc359c63" testListId="8c84fa94-04c1-424b-9868-57a2d4851a1d" />
    <TestEntry testId="d2d14153-5157-8b6d-6624-2a5fb35acae9" executionId="bb9be3a6-3119-411c-9376-4f230aa7f990" testListId="8c84fa94-04c1-424b-9868-57a2d4851a1d" />
    <TestEntry testId="23d54fc7-1cd2-4ef7-3aa2-41465eaacc1f" executionId="9b83ec86-57cc-40a1-bee1-9e2c140da299" testListId="8c84fa94-04c1-424b-9868-57a2d4851a1d" />
    <TestEntry testId="8873967a-b8d1-bbe9-4a9c-4cfec815cae7" executionId="77ccab63-676f-471d-ab40-d20af29b73a1" testListId="8c84fa94-04c1-424b-9868-57a2d4851a1d" />
    <TestEntry testId="1dc9a44e-4c68-2c77-d026-31116f4c84cf" executionId="12c984dc-f02a-41dc-b872-d5977fdfe852" testListId="8c84fa94-04c1-424b-9868-57a2d4851a1d" />
  </TestEntries>
  <TestLists>
    <TestList name="Resultados que não estão em uma lista" id="8c84fa94-04c1-424b-9868-57a2d4851a1d" />
    <TestList name="Todos os resultados carregados" id="19431567-8539-422a-85d7-44ee4e166bda" />
  </TestLists>
  <ResultSummary outcome="Completed">
    <Counters total="33" executed="33" passed="33" failed="0" error="0" timeout="0" aborted="0" inconclusive="0" passedButRunAborted="0" notRunnable="0" notExecuted="0" disconnected="0" warning="0" completed="0" inProgress="0" pending="0" />
    <Output>
      <StdOut>[xUnit.net 00:00:00.00] xUnit.net VSTest Adapter v2.8.2+699d445a1a (64-bit .NET 10.0.12)&#xD;
[xUnit.net 00:00:00.18]   Discovering: OpenTECHub.Tests&#xD;
[xUnit.net 00:00:00.33]   Discovered:  OpenTECHub.Tests&#xD;
[xUnit.net 00:00:00.34]   Starting:    OpenTECHub.Tests&#xD;
[xUnit.net 00:00:04.67]   Finished:    OpenTECHub.Tests&#xD;
</StdOut>
    </Output>
  </ResultSummary>
</TestRun>