<?xml version="1.0" encoding="utf-8"?>
<TestRun id="48e934c8-f437-43f0-949f-56c3db5bc08f" name="vitor@DESKTOP-J4OP7IO 2026-10-08 08:54:23" runUser="DESKTOP-J4OP7IO\vitor" xmlns="http://microsoft.com/schemas/VisualStudio/TeamTest/2010">
  <Times creation="2026-10-08T08:54:23.8227159-03:00" queuing="2026-10-08T08:54:23.8227162-03:00" start="2026-10-08T08:54:22.7663236-03:00" finish="2026-10-08T08:54:24.1344995-03:00" />
  <TestSettings name="default" id="3249a59e-8754-45a9-b552-36d44e08d54f">
    <Deployment runDeploymentRoot="vitor_DESKTOP-J4OP7IO_2026-10-08_08_54_23" />
  </TestSettings>
  <Results>
    <UnitTestResult executionId="e3fc3931-4a87-433e-b4dd-264e4cb762eb" testId="8dc25e6d-5c63-e5c1-9eee-b177c9962da2" testName="OpenTECHub.Tests.RecipeRampSensorModuleDestinationTests.CompleteFramePreservesPhBandAndConfirmsBothModuleParameters" computerName="DESKTOP-J4OP7IO" duration="00:00:00.0033695" startTime="2026-10-08T08:54:24.0595266-03:00" endTime="2026-10-08T08:54:24.0595267-03:00" testType="13cdc9d9-ddb5-4fa4-a97d-d965ccfc6d4b" outcome="Passed" testListId="8c84fa94-04c1-424b-9868-57a2d4851a1d" relativeResultsDirectory="e3fc3931-4a87-433e-b4dd-264e4cb762eb" />
    <UnitTestResult executionId="3a33d94f-36ca-41c7-aa2b-0214e91d677c" testId="3b160659-a904-0dfc-aa20-23d6a556ac8e" testName="OpenTECHub.Tests.RecipeRampSensorModuleDestinationTests.CapturedFactoryPreservesPhBandAndRejectsMissingStateOrChangedCriteria(explicitStart: False)" computerName="DESKTOP-J4OP7IO" duration="00:00:00.0011606" startTime="2026-10-08T08:54:23.7600932-03:00" endTime="2026-10-08T08:54:23.7600933-03:00" testType="13cdc9d9-ddb5-4fa4-a97d-d965ccfc6d4b" outcome="Passed" testListId="8c84fa94-04c1-424b-9868-57a2d4851a1d" relativeResultsDirectory="3a33d94f-36ca-41c7-aa2b-0214e91d677c" />
    <UnitTestResult executionId="d56b1f34-7163-4e09-9952-73ca80bb13ea" testId="3913355d-7c78-ce19-c716-81c1b0462ec8" testName="OpenTECHub.Tests.RecipeRampSensorModuleDestinationTests.CapturedFactoryPreservesPhBandAndRejectsMissingStateOrChangedCriteria(explicitStart: True)" computerName="DESKTOP-J4OP7IO" duration="00:00:00.0239998" startTime="2026-10-08T08:54:23.7586811-03:00" endTime="2026-10-08T08:54:23.7586815-03:00" testType="13cdc9d9-ddb5-4fa4-a97d-d965ccfc6d4b" outcome="Passed" testListId="8c84fa94-04c1-424b-9868-57a2d4851a1d" relativeResultsDirectory="d56b1f34-7163-4e09-9952-73ca80bb13ea" />
    <UnitTestResult executionId="65753cc6-db8e-40bb-a922-0da3a826eb1d" testId="babafd64-7020-68dc-b83d-c060770bf355" testName="OpenTECHub.Tests.RecipeRampCheckpointStoreTests.CapturedDirectStateRequiresMatchingAcceptedEvidenceAndStorageFailureGivesNoReceipt" computerName="DESKTOP-J4OP7IO" duration="00:00:00.1640224" startTime="2026-10-08T08:54:23.7440038-03:00" endTime="2026-10-08T08:54:23.7440039-03:00" testType="13cdc9d9-ddb5-4fa4-a97d-d965ccfc6d4b" outcome="Passed" testListId="8c84fa94-04c1-424b-9868-57a2d4851a1d" relativeResultsDirectory="65753cc6-db8e-40bb-a922-0da3a826eb1d" />
    <UnitTestResult executionId="43779f92-fbd0-4945-b90d-406d5a704695" testId="32745c8d-6983-783e-f746-a832f2837975" testName="OpenTECHub.Tests.RecipeRampSensorModuleDestinationTests.PositiveTargetRequiresCurrentReferenceActiveControlAndStableMeasuredProcess(variable: Pressure, reference: 100)" computerName="DESKTOP-J4OP7IO" duration="00:00:00.1310214" startTime="2026-10-08T08:54:24.0558400-03:00" endTime="2026-10-08T08:54:24.0558403-03:00" testType="13cdc9d9-ddb5-4fa4-a97d-d965ccfc6d4b" outcome="Passed" testListId="8c84fa94-04c1-424b-9868-57a2d4851a1d" relativeResultsDirectory="43779f92-fbd0-4945-b90d-406d5a704695" />
    <UnitTestResult executionId="117e5327-4876-447c-b77d-24c6cb1a3513" testId="8ca5b311-ea68-da51-9ff9-db37b74e92e4" testName="OpenTECHub.Tests.RecipeRampInitialStateTests.CapturesAllDirectReferencesWithTransportEvidenceInsteadOfProcessMeasurements" computerName="DESKTOP-J4OP7IO" duration="00:00:00.1604652" startTime="2026-10-08T08:54:23.7406398-03:00" endTime="2026-10-08T08:54:23.7406402-03:00" testType="13cdc9d9-ddb5-4fa4-a97d-d965ccfc6d4b" outcome="Passed" testListId="8c84fa94-04c1-424b-9868-57a2d4851a1d" relativeResultsDirectory="117e5327-4876-447c-b77d-24c6cb1a3513" />
    <UnitTestResult executionId="9acc0a0d-48cf-4ffe-b5ee-aa9c5b73315e" testId="e3eb3894-ebef-f68b-f27f-53d68c392fcb" testName="OpenTECHub.Tests.RecipeRampSensorModuleDestinationTests.PositiveTargetRequiresCurrentReferenceActiveControlAndStableMeasuredProcess(variable: Ph, reference: 6,7999999999999998)" computerName="DESKTOP-J4OP7IO" duration="00:00:00.1641378" startTime="2026-10-08T08:54:23.9245315-03:00" endTime="2026-10-08T08:54:23.9245318-03:00" testType="13cdc9d9-ddb5-4fa4-a97d-d965ccfc6d4b" outcome="Passed" testListId="8c84fa94-04c1-424b-9868-57a2d4851a1d" relativeResultsDirectory="9acc0a0d-48cf-4ffe-b5ee-aa9c5b73315e" />
    <UnitTestResult executionId="f32787cf-fee5-4fcd-a4dc-e6213b609e43" testId="0ef6112f-a332-e66d-45cb-bad750631ea0" testName="OpenTECHub.Tests.RecipeRampCheckpointStoreTests.DurableStartIsIdempotentAndRejectsAnotherSnapshotForTheInvocation" computerName="DESKTOP-J4OP7IO" duration="00:00:00.0092971" startTime="2026-10-08T08:54:23.7536181-03:00" endTime="2026-10-08T08:54:23.7536183-03:00" testType="13cdc9d9-ddb5-4fa4-a97d-d965ccfc6d4b" outcome="Passed" testListId="8c84fa94-04c1-424b-9868-57a2d4851a1d" relativeResultsDirectory="f32787cf-fee5-4fcd-a4dc-e6213b609e43" />
    <UnitTestResult executionId="e0cc37b0-4277-4bc6-9eaa-ed7ce1307bdc" testId="3a1df093-61f6-38eb-902b-9db0a14cc690" testName="OpenTECHub.Tests.RecipeRampInitialStateTests.ExplicitStartDoesNotInventMissingPriorReferenceButRestorePolicyRequiresIt" computerName="DESKTOP-J4OP7IO" duration="00:00:00.0019663" startTime="2026-10-08T08:54:23.7447434-03:00" endTime="2026-10-08T08:54:23.7447440-03:00" testType="13cdc9d9-ddb5-4fa4-a97d-d965ccfc6d4b" outcome="Passed" testListId="8c84fa94-04c1-424b-9868-57a2d4851a1d" relativeResultsDirectory="e0cc37b0-4277-4bc6-9eaa-ed7ce1307bdc" />
    <UnitTestResult executionId="99805634-6003-47e2-9f0b-c63f74218079" testId="d63dde4b-ca3c-be67-c03e-d8c55393655b" testName="OpenTECHub.Tests.RecipeRampSensorModuleDestinationTests.OffRequiresExactReferenceAndReportedInactiveControl(variable: Pressure)" computerName="DESKTOP-J4OP7IO" duration="00:00:00.0421254" startTime="2026-10-08T08:54:23.7331867-03:00" endTime="2026-10-08T08:54:23.7331870-03:00" testType="13cdc9d9-ddb5-4fa4-a97d-d965ccfc6d4b" outcome="Passed" testListId="8c84fa94-04c1-424b-9868-57a2d4851a1d" relativeResultsDirectory="99805634-6003-47e2-9f0b-c63f74218079" />
    <UnitTestResult executionId="a23a10a8-d08e-44ae-a1aa-202389b9b9b2" testId="ae2bc02f-973c-1056-d937-d045b3a4d247" testName="OpenTECHub.Tests.RecipeRampInitialStateTests.DelayedAcceptanceOfOlderMotorCommandCannotBecomeTheStartingReference" computerName="DESKTOP-J4OP7IO" duration="00:00:00.0020003" startTime="2026-10-08T08:54:23.7427460-03:00" endTime="2026-10-08T08:54:23.7427461-03:00" testType="13cdc9d9-ddb5-4fa4-a97d-d965ccfc6d4b" outcome="Passed" testListId="8c84fa94-04c1-424b-9868-57a2d4851a1d" relativeResultsDirectory="a23a10a8-d08e-44ae-a1aa-202389b9b9b2" />
    <UnitTestResult executionId="1466a55a-30bb-45da-98d1-5dcde3ca2775" testId="d35d23a2-3d82-c4f3-5de1-e18d940571b7" testName="OpenTECHub.Tests.RecipeRampSensorModuleDestinationTests.OffRequiresExactReferenceAndReportedInactiveControl(variable: Ph)" computerName="DESKTOP-J4OP7IO" duration="00:00:00.1062019" startTime="2026-10-08T08:54:23.6907685-03:00" endTime="2026-10-08T08:54:23.6907945-03:00" testType="13cdc9d9-ddb5-4fa4-a97d-d965ccfc6d4b" outcome="Passed" testListId="8c84fa94-04c1-424b-9868-57a2d4851a1d" relativeResultsDirectory="1466a55a-30bb-45da-98d1-5dcde3ca2775" />
  </Results>
  <TestDefinitions>
    <UnitTest name="OpenTECHub.Tests.RecipeRampSensorModuleDestinationTests.OffRequiresExactReferenceAndReportedInactiveControl(variable: Ph)" storage="d:\onedrive\posdoc_fapesp\_automacao_e_controle\projetotecnal\windows_app\tests\opentechub.tests\bin\debug\net10.0-windows10.0.19041.0\opentechub.tests.dll" id="d35d23a2-3d82-c4f3-5de1-e18d940571b7">
      <Execution id="1466a55a-30bb-45da-98d1-5dcde3ca2775" />
      <TestMethod codeBase="D:\OneDrive\PosDoc_Fapesp\_Automacao_e_Controle\ProjetoTECNAL\Windows_app\tests\OpenTECHub.Tests\bin\Debug\net10.0-windows10.0.19041.0\OpenTECHub.Tests.dll" adapterTypeName="executor://xunit/VsTestRunner2/netcoreapp" className="OpenTECHub.Tests.RecipeRampSensorModuleDestinationTests" name="OffRequiresExactReferenceAndReportedInactiveControl" />
    </UnitTest>
    <UnitTest name="OpenTECHub.Tests.RecipeRampSensorModuleDestinationTests.PositiveTargetRequiresCurrentReferenceActiveControlAndStableMeasuredProcess(variable: Ph, reference: 6,7999999999999998)" storage="d:\onedrive\posdoc_fapesp\_automacao_e_controle\projetotecnal\windows_app\tests\opentechub.tests\bin\debug\net10.0-windows10.0.19041.0\opentechub.tests.dll" id="e3eb3894-ebef-f68b-f27f-53d68c392fcb">
      <Execution id="9acc0a0d-48cf-4ffe-b5ee-aa9c5b73315e" />
      <TestMethod codeBase="D:\OneDrive\PosDoc_Fapesp\_Automacao_e_Controle\ProjetoTECNAL\Windows_app\tests\OpenTECHub.Tests\bin\Debug\net10.0-windows10.0.19041.0\OpenTECHub.Tests.dll" adapterTypeName="executor://xunit/VsTestRunner2/netcoreapp" className="OpenTECHub.Tests.RecipeRampSensorModuleDestinationTests" name="PositiveTargetRequiresCurrentReferenceActiveControlAndStableMeasuredProcess" />
    </UnitTest>
    <UnitTest name="OpenTECHub.Tests.RecipeRampInitialStateTests.DelayedAcceptanceOfOlderMotorCommandCannotBecomeTheStartingReference" storage="d:\onedrive\posdoc_fapesp\_automacao_e_controle\projetotecnal\windows_app\tests\opentechub.tests\bin\debug\net10.0-windows10.0.19041.0\opentechub.tests.dll" id="ae2bc02f-973c-1056-d937-d045b3a4d247">
      <Execution id="a23a10a8-d08e-44ae-a1aa-202389b9b9b2" />
      <TestMethod codeBase="D:\OneDrive\PosDoc_Fapesp\_Automacao_e_Controle\ProjetoTECNAL\Windows_app\tests\OpenTECHub.Tests\bin\Debug\net10.0-windows10.0.19041.0\OpenTECHub.Tests.dll" adapterTypeName="executor://xunit/VsTestRunner2/netcoreapp" className="OpenTECHub.Tests.RecipeRampInitialStateTests" name="DelayedAcceptanceOfOlderMotorCommandCannotBecomeTheStartingReference" />
    </UnitTest>
    <UnitTest name="OpenTECHub.Tests.RecipeRampInitialStateTests.ExplicitStartDoesNotInventMissingPriorReferenceButRestorePolicyRequiresIt" storage="d:\onedrive\posdoc_fapesp\_automacao_e_controle\projetotecnal\windows_app\tests\opentechub.tests\bin\debug\net10.0-windows10.0.19041.0\opentechub.tests.dll" id="3a1df093-61f6-38eb-902b-9db0a14cc690">
      <Execution id="e0cc37b0-4277-4bc6-9eaa-ed7ce1307bdc" />
      <TestMethod codeBase="D:\OneDrive\PosDoc_Fapesp\_Automacao_e_Controle\ProjetoTECNAL\Windows_app\tests\OpenTECHub.Tests\bin\Debug\net10.0-windows10.0.19041.0\OpenTECHub.Tests.dll" adapterTypeName="executor://xunit/VsTestRunner2/netcoreapp" className="OpenTECHub.Tests.RecipeRampInitialStateTests" name="ExplicitStartDoesNotInventMissingPriorReferenceButRestorePolicyRequiresIt" />
    </UnitTest>
    <UnitTest name="OpenTECHub.Tests.RecipeRampSensorModuleDestinationTests.CapturedFactoryPreservesPhBandAndRejectsMissingStateOrChangedCriteria(explicitStart: False)" storage="d:\onedrive\posdoc_fapesp\_automacao_e_controle\projetotecnal\windows_app\tests\opentechub.tests\bin\debug\net10.0-windows10.0.19041.0\opentechub.tests.dll" id="3b160659-a904-0dfc-aa20-23d6a556ac8e">
      <Execution id="3a33d94f-36ca-41c7-aa2b-0214e91d677c" />
      <TestMethod codeBase="D:\OneDrive\PosDoc_Fapesp\_Automacao_e_Controle\ProjetoTECNAL\Windows_app\tests\OpenTECHub.Tests\bin\Debug\net10.0-windows10.0.19041.0\OpenTECHub.Tests.dll" adapterTypeName="executor://xunit/VsTestRunner2/netcoreapp" className="OpenTECHub.Tests.RecipeRampSensorModuleDestinationTests" name="CapturedFactoryPreservesPhBandAndRejectsMissingStateOrChangedCriteria" />
    </UnitTest>
    <UnitTest name="OpenTECHub.Tests.RecipeRampCheckpointStoreTests.CapturedDirectStateRequiresMatchingAcceptedEvidenceAndStorageFailureGivesNoReceipt" storage="d:\onedrive\posdoc_fapesp\_automacao_e_controle\projetotecnal\windows_app\tests\opentechub.tests\bin\debug\net10.0-windows10.0.19041.0\opentechub.tests.dll" id="babafd64-7020-68dc-b83d-c060770bf355">
      <Execution id="65753cc6-db8e-40bb-a922-0da3a826eb1d" />
      <TestMethod codeBase="D:\OneDrive\PosDoc_Fapesp\_Automacao_e_Controle\ProjetoTECNAL\Windows_app\tests\OpenTECHub.Tests\bin\Debug\net10.0-windows10.0.19041.0\OpenTECHub.Tests.dll" adapterTypeName="executor://xunit/VsTestRunner2/netcoreapp" className="OpenTECHub.Tests.RecipeRampCheckpointStoreTests" name="CapturedDirectStateRequiresMatchingAcceptedEvidenceAndStorageFailureGivesNoReceipt" />
    </UnitTest>
    <UnitTest name="OpenTECHub.Tests.RecipeRampInitialStateTests.CapturesAllDirectReferencesWithTransportEvidenceInsteadOfProcessMeasurements" storage="d:\onedrive\posdoc_fapesp\_automacao_e_controle\projetotecnal\windows_app\tests\opentechub.tests\bin\debug\net10.0-windows10.0.19041.0\opentechub.tests.dll" id="8ca5b311-ea68-da51-9ff9-db37b74e92e4">
      <Execution id="117e5327-4876-447c-b77d-24c6cb1a3513" />
      <TestMethod codeBase="D:\OneDrive\PosDoc_Fapesp\_Automacao_e_Controle\ProjetoTECNAL\Windows_app\tests\OpenTECHub.Tests\bin\Debug\net10.0-windows10.0.19041.0\OpenTECHub.Tests.dll" adapterTypeName="executor://xunit/VsTestRunner2/netcoreapp" className="OpenTECHub.Tests.RecipeRampInitialStateTests" name="CapturesAllDirectReferencesWithTransportEvidenceInsteadOfProcessMeasurements" />
    </UnitTest>
    <UnitTest name="OpenTECHub.Tests.RecipeRampSensorModuleDestinationTests.CapturedFactoryPreservesPhBandAndRejectsMissingStateOrChangedCriteria(explicitStart: True)" storage="d:\onedrive\posdoc_fapesp\_automacao_e_controle\projetotecnal\windows_app\tests\opentechub.tests\bin\debug\net10.0-windows10.0.19041.0\opentechub.tests.dll" id="3913355d-7c78-ce19-c716-81c1b0462ec8">
      <Execution id="d56b1f34-7163-4e09-9952-73ca80bb13ea" />
      <TestMethod codeBase="D:\OneDrive\PosDoc_Fapesp\_Automacao_e_Controle\ProjetoTECNAL\Windows_app\tests\OpenTECHub.Tests\bin\Debug\net10.0-windows10.0.19041.0\OpenTECHub.Tests.dll" adapterTypeName="executor://xunit/VsTestRunner2/netcoreapp" className="OpenTECHub.Tests.RecipeRampSensorModuleDestinationTests" name="CapturedFactoryPreservesPhBandAndRejectsMissingStateOrChangedCriteria" />
    </UnitTest>
    <UnitTest name="OpenTECHub.Tests.RecipeRampSensorModuleDestinationTests.CompleteFramePreservesPhBandAndConfirmsBothModuleParameters" storage="d:\onedrive\posdoc_fapesp\_automacao_e_controle\projetotecnal\windows_app\tests\opentechub.tests\bin\debug\net10.0-windows10.0.19041.0\opentechub.tests.dll" id="8dc25e6d-5c63-e5c1-9eee-b177c9962da2">
      <Execution id="e3fc3931-4a87-433e-b4dd-264e4cb762eb" />
      <TestMethod codeBase="D:\OneDrive\PosDoc_Fapesp\_Automacao_e_Controle\ProjetoTECNAL\Windows_app\tests\OpenTECHub.Tests\bin\Debug\net10.0-windows10.0.19041.0\OpenTECHub.Tests.dll" adapterTypeName="executor://xunit/VsTestRunner2/netcoreapp" className="OpenTECHub.Tests.RecipeRampSensorModuleDestinationTests" name="CompleteFramePreservesPhBandAndConfirmsBothModuleParameters" />
    </UnitTest>
    <UnitTest name="OpenTECHub.Tests.RecipeRampCheckpointStoreTests.DurableStartIsIdempotentAndRejectsAnotherSnapshotForTheInvocation" storage="d:\onedrive\posdoc_fapesp\_automacao_e_controle\projetotecnal\windows_app\tests\opentechub.tests\bin\debug\net10.0-windows10.0.19041.0\opentechub.tests.dll" id="0ef6112f-a332-e66d-45cb-bad750631ea0">
      <Execution id="f32787cf-fee5-4fcd-a4dc-e6213b609e43" />
      <TestMethod codeBase="D:\OneDrive\PosDoc_Fapesp\_Automacao_e_Controle\ProjetoTECNAL\Windows_app\tests\OpenTECHub.Tests\bin\Debug\net10.0-windows10.0.19041.0\OpenTECHub.Tests.dll" adapterTypeName="executor://xunit/VsTestRunner2/netcoreapp" className="OpenTECHub.Tests.RecipeRampCheckpointStoreTests" name="DurableStartIsIdempotentAndRejectsAnotherSnapshotForTheInvocation" />
    </UnitTest>
    <UnitTest name="OpenTECHub.Tests.RecipeRampSensorModuleDestinationTests.PositiveTargetRequiresCurrentReferenceActiveControlAndStableMeasuredProcess(variable: Pressure, reference: 100)" storage="d:\onedrive\posdoc_fapesp\_automacao_e_controle\projetotecnal\windows_app\tests\opentechub.tests\bin\debug\net10.0-windows10.0.19041.0\opentechub.tests.dll" id="32745c8d-6983-783e-f746-a832f2837975">
      <Execution id="43779f92-fbd0-4945-b90d-406d5a704695" />
      <TestMethod codeBase="D:\OneDrive\PosDoc_Fapesp\_Automacao_e_Controle\ProjetoTECNAL\Windows_app\tests\OpenTECHub.Tests\bin\Debug\net10.0-windows10.0.19041.0\OpenTECHub.Tests.dll" adapterTypeName="executor://xunit/VsTestRunner2/netcoreapp" className="OpenTECHub.Tests.RecipeRampSensorModuleDestinationTests" name="PositiveTargetRequiresCurrentReferenceActiveControlAndStableMeasuredProcess" />
    </UnitTest>
    <UnitTest name="OpenTECHub.Tests.RecipeRampSensorModuleDestinationTests.OffRequiresExactReferenceAndReportedInactiveControl(variable: Pressure)" storage="d:\onedrive\posdoc_fapesp\_automacao_e_controle\projetotecnal\windows_app\tests\opentechub.tests\bin\debug\net10.0-windows10.0.19041.0\opentechub.tests.dll" id="d63dde4b-ca3c-be67-c03e-d8c55393655b">
      <Execution id="99805634-6003-47e2-9f0b-c63f74218079" />
      <TestMethod codeBase="D:\OneDrive\PosDoc_Fapesp\_Automacao_e_Controle\ProjetoTECNAL\Windows_app\tests\OpenTECHub.Tests\bin\Debug\net10.0-windows10.0.19041.0\OpenTECHub.Tests.dll" adapterTypeName="executor://xunit/VsTestRunner2/netcoreapp" className="OpenTECHub.Tests.RecipeRampSensorModuleDestinationTests" name="OffRequiresExactReferenceAndReportedInactiveControl" />
    </UnitTest>
  </TestDefinitions>
  <TestEntries>
    <TestEntry testId="8dc25e6d-5c63-e5c1-9eee-b177c9962da2" executionId="e3fc3931-4a87-433e-b4dd-264e4cb762eb" testListId="8c84fa94-04c1-424b-9868-57a2d4851a1d" />
    <TestEntry testId="3b160659-a904-0dfc-aa20-23d6a556ac8e" executionId="3a33d94f-36ca-41c7-aa2b-0214e91d677c" testListId="8c84fa94-04c1-424b-9868-57a2d4851a1d" />
    <TestEntry testId="3913355d-7c78-ce19-c716-81c1b0462ec8" executionId="d56b1f34-7163-4e09-9952-73ca80bb13ea" testListId="8c84fa94-04c1-424b-9868-57a2d4851a1d" />
    <TestEntry testId="babafd64-7020-68dc-b83d-c060770bf355" executionId="65753cc6-db8e-40bb-a922-0da3a826eb1d" testListId="8c84fa94-04c1-424b-9868-57a2d4851a1d" />
    <TestEntry testId="32745c8d-6983-783e-f746-a832f2837975" executionId="43779f92-fbd0-4945-b90d-406d5a704695" testListId="8c84fa94-04c1-424b-9868-57a2d4851a1d" />
    <TestEntry testId="8ca5b311-ea68-da51-9ff9-db37b74e92e4" executionId="117e5327-4876-447c-b77d-24c6cb1a3513" testListId="8c84fa94-04c1-424b-9868-57a2d4851a1d" />
    <TestEntry testId="e3eb3894-ebef-f68b-f27f-53d68c392fcb" executionId="9acc0a0d-48cf-4ffe-b5ee-aa9c5b73315e" testListId="8c84fa94-04c1-424b-9868-57a2d4851a1d" />
    <TestEntry testId="0ef6112f-a332-e66d-45cb-bad750631ea0" executionId="f32787cf-fee5-4fcd-a4dc-e6213b609e43" testListId="8c84fa94-04c1-424b-9868-57a2d4851a1d" />
    <TestEntry testId="3a1df093-61f6-38eb-902b-9db0a14cc690" executionId="e0cc37b0-4277-4bc6-9eaa-ed7ce1307bdc" testListId="8c84fa94-04c1-424b-9868-57a2d4851a1d" />
    <TestEntry testId="d63dde4b-ca3c-be67-c03e-d8c55393655b" executionId="99805634-6003-47e2-9f0b-c63f74218079" testListId="8c84fa94-04c1-424b-9868-57a2d4851a1d" />
    <TestEntry testId="ae2bc02f-973c-1056-d937-d045b3a4d247" executionId="a23a10a8-d08e-44ae-a1aa-202389b9b9b2" testListId="8c84fa94-04c1-424b-9868-57a2d4851a1d" />
    <TestEntry testId="d35d23a2-3d82-c4f3-5de1-e18d940571b7" executionId="1466a55a-30bb-45da-98d1-5dcde3ca2775" testListId="8c84fa94-04c1-424b-9868-57a2d4851a1d" />
  </TestEntries>
  <TestLists>
    <TestList name="Resultados que não estão em uma lista" id="8c84fa94-04c1-424b-9868-57a2d4851a1d" />
    <TestList name="Todos os resultados carregados" id="19431567-8539-422a-85d7-44ee4e166bda" />
  </TestLists>
  <ResultSummary outcome="Completed">
    <Counters total="12" executed="12" passed="12" failed="0" error="0" timeout="0" aborted="0" inconclusive="0" passedButRunAborted="0" notRunnable="0" notExecuted="0" disconnected="0" warning="0" completed="0" inProgress="0" pending="0" />
    <Output>
      <StdOut>[xUnit.net 00:00:00.00] xUnit.net VSTest Adapter v2.8.2+699d445a1a (64-bit .NET 10.0.12)&#xD;
[xUnit.net 00:00:00.11]   Discovering: OpenTECHub.Tests&#xD;
[xUnit.net 00:00:00.36]   Discovered:  OpenTECHub.Tests&#xD;
[xUnit.net 00:00:00.37]   Starting:    OpenTECHub.Tests&#xD;
[xUnit.net 00:00:00.88]   Finished:    OpenTECHub.Tests&#xD;
</StdOut>
    </Output>
  </ResultSummary>
</TestRun>